******************************************************************************
                  MSP430 Linker PC v21.6.1                     
******************************************************************************
>> Linked Thu Jan 18 16:54:25 2024

OUTPUT FILE NAME:   <HVB_Prototype.out>
ENTRY POINT SYMBOL: "_c_int00_noargs"  address: 00009178


MEMORY CONFIGURATION

         name            origin    length      used     unused   attr    fill
----------------------  --------  ---------  --------  --------  ----  --------
  SFR                   00000000   00000010  00000000  00000010  RWIX
  PERIPHERALS_8BIT      00000010   000000f0  00000000  000000f0  RWIX
  PERIPHERALS_16BIT     00000100   00000100  00000000  00000100  RWIX
  RAM                   00000200   00000800  00000388  00000478  RWIX
  INFOA                 00001000   00000400  00000000  00000400  RWIX
  FLASH                 00008000   00007fdc  00001392  00006c4a  RWIX
  JTAGSIGNATURE         0000ffdc   00000004  00000004  00000000  RWIX  ffff 
  INT00                 0000ffe0   00000002  00000000  00000002  RWIX
  INT01                 0000ffe2   00000002  00000002  00000000  RWIX
  INT02                 0000ffe4   00000002  00000000  00000002  RWIX
  INT03                 0000ffe6   00000002  00000000  00000002  RWIX
  INT04                 0000ffe8   00000002  00000002  00000000  RWIX
  INT05                 0000ffea   00000002  00000002  00000000  RWIX
  INT06                 0000ffec   00000002  00000002  00000000  RWIX
  INT07                 0000ffee   00000002  00000002  00000000  RWIX
  INT08                 0000fff0   00000002  00000002  00000000  RWIX
  INT09                 0000fff2   00000002  00000002  00000000  RWIX
  INT10                 0000fff4   00000002  00000002  00000000  RWIX
  INT11                 0000fff6   00000002  00000002  00000000  RWIX
  INT12                 0000fff8   00000002  00000002  00000000  RWIX
  INT13                 0000fffa   00000002  00000002  00000000  RWIX
  INT14                 0000fffc   00000002  00000002  00000000  RWIX
  RESET                 0000fffe   00000002  00000002  00000000  RWIX


SECTION ALLOCATION MAP

 output                                  attributes/
section   page    origin      length       input sections
--------  ----  ----------  ----------   ----------------
.data      0    00000320    000000fe     UNINITIALIZED
                  00000320    00000078     rts430_eabi.lib : defs.c.obj (.data:_ftable)
                  00000398    0000004e                     : host_device.c.obj (.data:_device)
                  000003e6    00000028                     : host_device.c.obj (.data:_stream)
                  0000040e    00000002                     : exit_gvars.c.obj (.data:__TI_cleanup_ptr)
                  00000410    00000002                     : exit_gvars.c.obj (.data:__TI_dtors_ptr)
                  00000412    00000002                     : _lock.c.obj (.data:_lock)
                  00000414    00000002                     : _lock.c.obj (.data:_unlock)
                  00000416    00000002     main.obj (.data)
                  00000418    00000002     rts430_eabi.lib : defs.c.obj (.data)
                  0000041a    00000002                     : exit.c.obj (.data)
                  0000041c    00000002                     : memory.c.obj (.data)

.bss       0    0000041e    000000ca     UNINITIALIZED
                  0000041e    000000a0     (.common:__TI_tmpnams)
                  000004be    00000010     (.common:Ch0results)
                  000004ce    00000010     (.common:Ch1results)
                  000004de    00000008     (.common:parmbuf)
                  000004e6    00000002     rts430_eabi.lib : memory.c.obj (.bss)

.sysmem    0    000004e8    00000050     UNINITIALIZED
                  000004e8    00000008     rts430_eabi.lib : memory.c.obj (.sysmem)
                  000004f0    00000048     --HOLE--

.stack     0    000009b0    00000050     UNINITIALIZED
                  000009b0    00000002     rts430_eabi.lib : boot.c.obj (.stack)
                  000009b2    0000004e     --HOLE--

.text      0    00008000    00001304     
                  00008000    00000116     rts430_eabi.lib : _printfi.c.obj (.text:__TI_printfi_minimal:_setfield___TI_printfi_minimal)
                  00008116    000000f6                     : memory.c.obj (.text:aligned_alloc)
                  0000820c    000000ec                     : _printfi.c.obj (.text:__TI_printfi_minimal:__TI_printfi_minimal)
                  000082f8    000000ea                     : fputs.c.obj (.text:fputs)
                  000083e2    000000d2                     : memory.c.obj (.text:free)
                  000084b4    000000d0                     : setvbuf.c.obj (.text:setvbuf)
                  00008584    000000ca                     : _printfi.c.obj (.text:__TI_printfi_minimal:_pproc_diouxp___TI_printfi_minimal)
                  0000864e    000000b4     main.obj (.text:main)
                  00008702    00000090     rts430_eabi.lib : fputc.c.obj (.text:fputc)
                  00008792    00000088                     : hostlseek.c.obj (.text:HOSTlseek)
                  0000881a    0000007c                     : copy_decompress_lzss.c.obj (.text:decompress:lzss:__TI_decompress_lzss)
                  00008896    0000007a                     : _io_perm.c.obj (.text:__TI_wrt_ok)
                  00008910    00000072                     : fclose.c.obj (.text:__TI_closefile)
                  00008982    00000070                     : fseek.c.obj (.text:fseeko)
                  000089f2    0000006a                     : hostrename.c.obj (.text:HOSTrename)
                  00008a5c    00000068                     : memory.c.obj (.text:split)
                  00008ac4    00000066                     : hostopen.c.obj (.text:HOSTopen)
                  00008b2a    00000062                     : hostwrite.c.obj (.text:HOSTwrite)
                  00008b8c    00000062                     : fflush.c.obj (.text:__TI_doflush)
                  00008bee    00000060                     : hostread.c.obj (.text:HOSTread)
                  00008c4e    00000058                     : getdevice.c.obj (.text:getdevice)
                  00008ca6    00000054     main.obj (.text:SD24_ISR)
                  00008cfa    0000004c     rts430_eabi.lib : lsr16.asm.obj (.text)
                  00008d46    0000004a                     : close.c.obj (.text:close)
                  00008d90    00000046     sd24.obj (.text:SD24_initConverterAdvanced)
                  00008dd6    00000044     rts430_eabi.lib : hostclose.c.obj (.text:HOSTclose)
                  00008e1a    00000044                     : exit.c.obj (.text:exit)
                  00008e5e    00000042                     : autoinit.c.obj (.text:__TI_auto_init_nobinit_nopinit:__TI_auto_init_nobinit_nopinit)
                  00008ea0    00000040                     : hostunlink.c.obj (.text:HOSTunlink)
                  00008ee0    0000003e                     : lsl32.asm.obj (.text:l_lsl_const)
                  00008f1e    0000003c                     : printf.c.obj (.text:printf)
                  00008f5a    00000034                     : fopen.c.obj (.text:__TI_cleanup)
                  00008f8e    00000034                     : getdevice.c.obj (.text:finddevice)
                  00008fc2    0000002e                     : trgmsg.c.obj (.text:__TI_writemsg)
                  00008ff0    0000002c                     : trgmsg.c.obj (.text:__TI_readmsg)
                  0000901c    0000002c                     : lsl16.asm.obj (.text)
                  00009048    0000002c                     : strncpy.c.obj (.text:strncpy)
                  00009074    00000028                     : memory.c.obj (.text:free_list_insert)
                  0000909c    00000028                     : unlink.c.obj (.text:unlink)
                  000090c4    00000026                     : lseek.c.obj (.text:lseek)
                  000090ea    00000024     sd24.obj (.text:SD24_enableInterrupt)
                  0000910e    00000024     sd24.obj (.text:SD24_init)
                  00009132    00000024     rts430_eabi.lib : write.c.obj (.text:write)
                  00009156    00000022                     : memccpy.c.obj (.text:memccpy)
                  00009178    0000001c                     : boot.c.obj (.text:_c_int00_noargs)
                  00009194    0000001c                     : memory.c.obj (.text:free_list_remove)
                  000091b0    0000001a     sd24.obj (.text:SD24_getHighWordResults)
                  000091ca    0000001a     rts430_eabi.lib : strchr.c.obj (.text:strchr)
                  000091e4    00000018                     : strcmp.c.obj (.text:strcmp)
                  000091fc    00000016     wdt.obj (.text:WDT_hold)
                  00009212    00000016     rts430_eabi.lib : div16u.asm.obj (.text)
                  00009228    00000014                     : copy_zero_init.c.obj (.text:decompress:ZI:__TI_zero_init_nomemset:__TI_zero_init_nomemset)
                  0000923c    00000014                     : memchr.c.obj (.text:memchr)
                  00009250    00000014                     : memset.c.obj (.text:memset)
                  00009264    00000014                     : mult16_hw.asm.obj (.text)
                  00009278    00000012     sd24.obj (.text:SD24_startConverterConversion)
                  0000928a    00000012     rts430_eabi.lib : copy_decompress_none.c.obj (.text:decompress:none:__TI_decompress_none)
                  0000929c    00000012                     : memcpy.c.obj (.text:memcpy)
                  000092ae    00000010                     : epilog.asm.obj (.text)
                  000092be    00000010                     : strcpy.c.obj (.text:strcpy)
                  000092ce    0000000e                     : strlen.c.obj (.text:strlen)
                  000092dc    00000008                     : isr_trap.asm.obj (.text:_isr:__TI_ISR_TRAP)
                  000092e4    00000008                     : memory.c.obj (.text:malloc)
                  000092ec    00000006                     : printf.c.obj (.text:_outc)
                  000092f2    00000006                     : exit.c.obj (.text:abort)
                  000092f8    00000004                     : printf.c.obj (.text:_outs)
                  000092fc    00000004                     : pre_init.c.obj (.text:_system_pre_init)
                  00009300    00000002                     : _lock.c.obj (.text:_nop)
                  00009302    00000002                     : startup.c.obj (.text:_system_post_cinit)

.const     0    00009304    0000003a     
                  00009304    00000026     rts430_eabi.lib : _printfi.c.obj (.const:.string)
                  0000932a    0000000c     main.obj (.const:$P$T0$1)
                  00009336    00000008     main.obj (.const:.string)

.cinit     0    0000933e    00000054     
                  0000933e    00000042     (.cinit..data.load) [load image, compression = lzss]
                  00009380    00000006     (__TI_handler_table)
                  00009386    00000004     (.cinit..bss.load) [load image, compression = zero_init]
                  0000938a    00000008     (__TI_cinit_table)

.cio       0    00000200    00000120     UNINITIALIZED
                  00000200    00000120     rts430_eabi.lib : trgmsg.c.obj (.cio)

.binit     0    00008000    00000000     

.init_array 
*          0    00008000    00000000     UNINITIALIZED

PORT2      0    0000ffe2    00000002     
                  0000ffe2    00000002     rts430_eabi.lib : int01.asm.obj (.int01)

PORT1      0    0000ffe8    00000002     
                  0000ffe8    00000002     rts430_eabi.lib : int04.asm.obj (.int04)

TIMER0_A1 
*          0    0000ffea    00000002     
                  0000ffea    00000002     rts430_eabi.lib : int05.asm.obj (.int05)

TIMER0_A0 
*          0    0000ffec    00000002     
                  0000ffec    00000002     rts430_eabi.lib : int06.asm.obj (.int06)

SD24       0    0000ffee    00000002     
                  0000ffee    00000002     main.obj (.int07)

USCI_B0    0    0000fff0    00000002     
                  0000fff0    00000002     rts430_eabi.lib : int08.asm.obj (.int08)

USCI_A0    0    0000fff2    00000002     
                  0000fff2    00000002     rts430_eabi.lib : int09.asm.obj (.int09)

WDT        0    0000fff4    00000002     
                  0000fff4    00000002     rts430_eabi.lib : int10.asm.obj (.int10)

VMON       0    0000fff6    00000002     
                  0000fff6    00000002     rts430_eabi.lib : int11.asm.obj (.int11)

TIMER1_A1 
*          0    0000fff8    00000002     
                  0000fff8    00000002     rts430_eabi.lib : int12.asm.obj (.int12)

TIMER1_A0 
*          0    0000fffa    00000002     
                  0000fffa    00000002     rts430_eabi.lib : int13.asm.obj (.int13)

NMI        0    0000fffc    00000002     
                  0000fffc    00000002     rts430_eabi.lib : int14.asm.obj (.int14)

.reset     0    0000fffe    00000002     
                  0000fffe    00000002     rts430_eabi.lib : boot.c.obj (.reset)

$fill000   0    0000ffdc    00000004     
                  0000ffdc    00000004     --HOLE-- [fill = ffff]

MODULE SUMMARY

       Module                       code   ro data   rw data
       ------                       ----   -------   -------
    .\
       main.obj                     264    22        34     
    +--+----------------------------+------+---------+---------+
       Total:                       264    22        34     
                                                            
    .\driverlib\MSP430i2xx\
       sd24.obj                     186    0         0      
       wdt.obj                      22     0         0      
    +--+----------------------------+------+---------+---------+
       Total:                       208    0         0      
                                                            
    C:\ti\ccs1260\ccs\tools\compiler\ti-cgt-msp430_21.6.1.LTS\lib\rts430_eabi.lib
       _printfi.c.obj               716    38        0      
       memory.c.obj                 636    0         4      
       trgmsg.c.obj                 90     0         288    
       defs.c.obj                   0      0         282    
       fputs.c.obj                  234    0         0      
       setvbuf.c.obj                208    0         0      
       fputc.c.obj                  144    0         0      
       getdevice.c.obj              140    0         0      
       hostlseek.c.obj              136    0         0      
       copy_decompress_lzss.c.obj   124    0         0      
       _io_perm.c.obj               122    0         0      
       host_device.c.obj            0      0         118    
       fclose.c.obj                 114    0         0      
       fseek.c.obj                  112    0         0      
       hostopen.c.obj               102    0         8      
       hostrename.c.obj             106    0         0      
       fflush.c.obj                 98     0         0      
       hostwrite.c.obj              98     0         0      
       hostread.c.obj               96     0         0      
       exit.c.obj                   74     0         2      
       lsr16.asm.obj                76     0         0      
       close.c.obj                  74     0         0      
       printf.c.obj                 70     0         0      
       hostclose.c.obj              68     0         0      
       autoinit.c.obj               66     0         0      
       hostunlink.c.obj             64     0         0      
       lsl32.asm.obj                62     0         0      
       fopen.c.obj                  52     0         0      
       lsl16.asm.obj                44     0         0      
       strncpy.c.obj                44     0         0      
       unlink.c.obj                 40     0         0      
       lseek.c.obj                  38     0         0      
       write.c.obj                  36     0         0      
       memccpy.c.obj                34     0         0      
       boot.c.obj                   28     2         0      
       strchr.c.obj                 26     0         0      
       strcmp.c.obj                 24     0         0      
       div16u.asm.obj               22     0         0      
       copy_zero_init.c.obj         20     0         0      
       memchr.c.obj                 20     0         0      
       memset.c.obj                 20     0         0      
       mult16_hw.asm.obj            20     0         0      
       copy_decompress_none.c.obj   18     0         0      
       memcpy.c.obj                 18     0         0      
       epilog.asm.obj               16     0         0      
       strcpy.c.obj                 16     0         0      
       strlen.c.obj                 14     0         0      
       isr_trap.asm.obj             8      0         0      
       _lock.c.obj                  2      0         4      
       exit_gvars.c.obj             0      0         4      
       pre_init.c.obj               4      0         0      
       int01.asm.obj                0      2         0      
       int04.asm.obj                0      2         0      
       int05.asm.obj                0      2         0      
       int06.asm.obj                0      2         0      
       int08.asm.obj                0      2         0      
       int09.asm.obj                0      2         0      
       int10.asm.obj                0      2         0      
       int11.asm.obj                0      2         0      
       int12.asm.obj                0      2         0      
       int13.asm.obj                0      2         0      
       int14.asm.obj                0      2         0      
       startup.c.obj                2      0         0      
    +--+----------------------------+------+---------+---------+
       Total:                       4396   62        710    
                                                            
       Heap:                        0      0         80     
       Stack:                       0      0         80     
       Linker Generated:            0      84        0      
    +--+----------------------------+------+---------+---------+
       Grand Total:                 4868   168       904    


LINKER GENERATED COPY TABLES

__TI_cinit_table @ 0000938a records: 2, size/record: 4, table size: 8
	.data: load addr=0000933e, load size=00000042 bytes, run addr=00000320, run size=000000fe bytes, compression=lzss
	.bss: load addr=00009386, load size=00000004 bytes, run addr=0000041e, run size=000000ca bytes, compression=zero_init


LINKER GENERATED HANDLER TABLE

__TI_handler_table @ 00009380 records: 3, size/record: 2, table size: 6
	index: 0, handler: __TI_zero_init
	index: 1, handler: __TI_decompress_lzss
	index: 2, handler: __TI_decompress_none


GLOBAL SYMBOLS: SORTED ALPHABETICALLY BY Name 

address   name                           
-------   ----                           
000092f2  C$$EXIT                        
00008fec  C$$IO$$                        
00000050  CSCTL0                         
00000051  CSCTL1                         
00000054  CSERFCAL                       
00000055  CSERTCAL                       
00000052  CSIRFCAL                       
00000053  CSIRTCAL                       
000004be  Ch0results                     
000004ce  Ch1results                     
00000128  FCTL1                          
0000012a  FCTL2                          
0000012c  FCTL3                          
00008dd6  HOSTclose                      
00008792  HOSTlseek                      
00008ac4  HOSTopen                       
00008bee  HOSTread                       
000089f2  HOSTrename                     
00008ea0  HOSTunlink                     
00008b2a  HOSTwrite                      
00000000  IE1                            
00000002  IFG1                           
00000060  LPM45CTL                       
00000134  MAC                            
00000136  MACS                           
00000130  MPY                            
00000132  MPYS                           
00000138  OP2                            
0000001e  P1IV                           
0000002e  P2IV                           
00000014  PADIR                          
00000015  PADIR_H                        
00000014  PADIR_L                        
0000002a  PAIE                           
00000028  PAIES                          
00000029  PAIES_H                        
00000028  PAIES_L                        
0000002b  PAIE_H                         
0000002a  PAIE_L                         
0000002c  PAIFG                          
0000002d  PAIFG_H                        
0000002c  PAIFG_L                        
00000010  PAIN                           
00000011  PAIN_H                         
00000010  PAIN_L                         
00000012  PAOUT                          
00000013  PAOUT_H                        
00000012  PAOUT_L                        
0000001a  PASEL0                         
0000001b  PASEL0_H                       
0000001a  PASEL0_L                       
0000001c  PASEL1                         
0000001d  PASEL1_H                       
0000001c  PASEL1_L                       
00000062  REFCAL0                        
00000063  REFCAL1                        
0000013c  RESHI                          
0000013a  RESLO                          
00000102  SD24CCTL0                      
00000104  SD24CCTL1                      
00000100  SD24CTL                        
000000b0  SD24INCTL0                     
000000b1  SD24INCTL1                     
000001f0  SD24IV                         
00000110  SD24MEM0                       
00000112  SD24MEM1                       
000000b8  SD24PRE0                       
000000b9  SD24PRE1                       
000000bf  SD24TRIM                       
00008ca6  SD24_ISR                       
000090ea  SD24_enableInterrupt           
000091b0  SD24_getHighWordResults        
0000910e  SD24_init                      
00008d90  SD24_initConverterAdvanced     
00009278  SD24_startConverterConversion  
0000013e  SUMEXT                         
000001fe  SYSJTAGDIS                     
00000172  TA0CCR0                        
00000174  TA0CCR1                        
00000176  TA0CCR2                        
00000162  TA0CCTL0                       
00000164  TA0CCTL1                       
00000166  TA0CCTL2                       
00000160  TA0CTL                         
0000012e  TA0IV                          
00000170  TA0R                           
00000192  TA1CCR0                        
00000194  TA1CCR1                        
00000196  TA1CCR2                        
00000182  TA1CCTL0                       
00000184  TA1CCTL1                       
00000186  TA1CCTL2                       
00000180  TA1CTL                         
0000011e  TA1IV                          
00000190  TA1R                           
00000150  UCA0ABCTL                      
00000146  UCA0BRW                        
00000147  UCA0BRW_H                      
00000146  UCA0BRW_L                      
00000140  UCA0CTLW0                      
00000141  UCA0CTLW0_H                    
00000140  UCA0CTLW0_L                    
00000142  UCA0CTLW1                      
00000143  UCA0CTLW1_H                    
00000142  UCA0CTLW1_L                    
0000015a  UCA0IE                         
0000015b  UCA0IE_H                       
0000015a  UCA0IE_L                       
0000015c  UCA0IFG                        
0000015d  UCA0IFG_H                      
0000015c  UCA0IFG_L                      
00000152  UCA0IRCTL                      
00000153  UCA0IRCTL_H                    
00000152  UCA0IRCTL_L                    
0000015e  UCA0IV                         
00000148  UCA0MCTLW                      
00000149  UCA0MCTLW_H                    
00000148  UCA0MCTLW_L                    
0000014c  UCA0RXBUF                      
0000014d  UCA0RXBUF_H                    
0000014c  UCA0RXBUF_L                    
0000014a  UCA0STATW                      
0000014e  UCA0TXBUF                      
0000014f  UCA0TXBUF_H                    
0000014e  UCA0TXBUF_L                    
000001de  UCB0ADDMASK                    
000001df  UCB0ADDMASK_H                  
000001de  UCB0ADDMASK_L                  
000001dc  UCB0ADDRX                      
000001dd  UCB0ADDRX_H                    
000001dc  UCB0ADDRX_L                    
000001c6  UCB0BRW                        
000001c7  UCB0BRW_H                      
000001c6  UCB0BRW_L                      
000001c0  UCB0CTLW0                      
000001c1  UCB0CTLW0_H                    
000001c0  UCB0CTLW0_L                    
000001c2  UCB0CTLW1                      
000001c3  UCB0CTLW1_H                    
000001c2  UCB0CTLW1_L                    
000001d4  UCB0I2COA0                     
000001d5  UCB0I2COA0_H                   
000001d4  UCB0I2COA0_L                   
000001d6  UCB0I2COA1                     
000001d7  UCB0I2COA1_H                   
000001d6  UCB0I2COA1_L                   
000001d8  UCB0I2COA2                     
000001d9  UCB0I2COA2_H                   
000001d8  UCB0I2COA2_L                   
000001da  UCB0I2COA3                     
000001db  UCB0I2COA3_H                   
000001da  UCB0I2COA3_L                   
000001e0  UCB0I2CSA                      
000001e1  UCB0I2CSA_H                    
000001e0  UCB0I2CSA_L                    
000001ea  UCB0IE                         
000001eb  UCB0IE_H                       
000001ea  UCB0IE_L                       
000001ec  UCB0IFG                        
000001ed  UCB0IFG_H                      
000001ec  UCB0IFG_L                      
000001ee  UCB0IV                         
000001cc  UCB0RXBUF                      
000001cd  UCB0RXBUF_H                    
000001cc  UCB0RXBUF_L                    
000001c8  UCB0STATW                      
000001c9  UCB0STATW_H                    
000001c8  UCB0STATW_L                    
000001ca  UCB0TBCNT                      
000001cb  UCB0TBCNT_H                    
000001ca  UCB0TBCNT_L                    
000001ce  UCB0TXBUF                      
000001cf  UCB0TXBUF_H                    
000001ce  UCB0TXBUF_L                    
00000061  VMONCTL                        
00000120  WDTCTL                         
000091fc  WDT_hold                       
00000200  _CIOBUF_                       
00000a00  __STACK_END                    
00000050  __STACK_SIZE                   
00000050  __SYSMEM_SIZE                  
0000938a  __TI_CINIT_Base                
00009392  __TI_CINIT_Limit               
00009392  __TI_CINIT_Warm                
00009380  __TI_Handler_Table_Base        
00009386  __TI_Handler_Table_Limit       
000092dc  __TI_ISR_TRAP                  
00008e5e  __TI_auto_init_nobinit_nopinit 
00008f5a  __TI_cleanup                   
0000040e  __TI_cleanup_ptr               
00008910  __TI_closefile                 
0000881a  __TI_decompress_lzss           
0000928a  __TI_decompress_none           
00008b8c  __TI_doflush                   
00000410  __TI_dtors_ptr                 
0000041a  __TI_enable_exit_profile_output
00000418  __TI_ft_end                    
0000ffe2  __TI_int01                     
0000ffe8  __TI_int04                     
0000ffea  __TI_int05                     
0000ffec  __TI_int06                     
0000ffee  __TI_int07                     
0000fff0  __TI_int08                     
0000fff2  __TI_int09                     
0000fff4  __TI_int10                     
0000fff6  __TI_int11                     
0000fff8  __TI_int12                     
0000fffa  __TI_int13                     
0000fffc  __TI_int14                     
ffffffff  __TI_pprof_out_hndl            
0000820c  __TI_printfi_minimal           
ffffffff  __TI_prof_data_size            
ffffffff  __TI_prof_data_start           
00008ff0  __TI_readmsg                   
0000041e  __TI_tmpnams                   
00008fc2  __TI_writemsg                  
00008896  __TI_wrt_ok                    
00009228  __TI_zero_init_nomemset        
ffffffff  __c_args__                     
00009212  __mspabi_divu                  
000092ba  __mspabi_func_epilog_1         
000092b8  __mspabi_func_epilog_2         
000092b6  __mspabi_func_epilog_3         
000092b4  __mspabi_func_epilog_4         
000092b2  __mspabi_func_epilog_5         
000092b0  __mspabi_func_epilog_6         
000092ae  __mspabi_func_epilog_7         
00009264  __mspabi_mpyi_hw               
00009212  __mspabi_remu                  
0000901c  __mspabi_slli                  
00009044  __mspabi_slli_1                
00009032  __mspabi_slli_10               
00009030  __mspabi_slli_11               
0000902e  __mspabi_slli_12               
0000902c  __mspabi_slli_13               
0000902a  __mspabi_slli_14               
00009028  __mspabi_slli_15               
00009042  __mspabi_slli_2                
00009040  __mspabi_slli_3                
0000903e  __mspabi_slli_4                
0000903c  __mspabi_slli_5                
0000903a  __mspabi_slli_6                
00009038  __mspabi_slli_7                
00009036  __mspabi_slli_8                
00009034  __mspabi_slli_9                
00008f18  __mspabi_slll_1                
00008ef4  __mspabi_slll_10               
00008ef0  __mspabi_slll_11               
00008eec  __mspabi_slll_12               
00008ee8  __mspabi_slll_13               
00008ee4  __mspabi_slll_14               
00008ee0  __mspabi_slll_15               
00008f14  __mspabi_slll_2                
00008f10  __mspabi_slll_3                
00008f0c  __mspabi_slll_4                
00008f08  __mspabi_slll_5                
00008f04  __mspabi_slll_6                
00008f00  __mspabi_slll_7                
00008efc  __mspabi_slll_8                
00008ef8  __mspabi_slll_9                
00008cfa  __mspabi_srli                  
00008d40  __mspabi_srli_1                
00008d1c  __mspabi_srli_10               
00008d18  __mspabi_srli_11               
00008d14  __mspabi_srli_12               
00008d10  __mspabi_srli_13               
00008d0c  __mspabi_srli_14               
00008d08  __mspabi_srli_15               
00008d3c  __mspabi_srli_2                
00008d38  __mspabi_srli_3                
00008d34  __mspabi_srli_4                
00008d30  __mspabi_srli_5                
00008d2c  __mspabi_srli_6                
00008d28  __mspabi_srli_7                
00008d24  __mspabi_srli_8                
00008d20  __mspabi_srli_9                
00009178  _c_int00_noargs                
00000398  _device                        
00000320  _ftable                        
00000412  _lock                          
00009300  _nop                           
0000fffe  _reset_vector                  
000009b0  _stack                         
000003e6  _stream                        
000004e8  _sys_memory                    
00009302  _system_post_cinit             
000092fc  _system_pre_init               
00000414  _unlock                        
000092f2  abort                          
00008116  aligned_alloc                  
00008d46  close                          
00008e1a  exit                           
00008f8e  finddevice                     
00008702  fputc                          
000082f8  fputs                          
000083e2  free                           
00008982  fseek                          
00008982  fseeko                         
00008c4e  getdevice                      
00000416  i                              
000090c4  lseek                          
0000864e  main                           
000092e4  malloc                         
00008116  memalign                       
00009156  memccpy                        
0000923c  memchr                         
0000929c  memcpy                         
00009250  memset                         
000004de  parmbuf                        
00008f1e  printf                         
00008702  putc                           
0000909c  remove                         
000084b4  setvbuf                        
000091ca  strchr                         
000091e4  strcmp                         
000092be  strcpy                         
000092ce  strlen                         
00009048  strncpy                        
0000909c  unlink                         
00009132  write                          


GLOBAL SYMBOLS: SORTED BY Symbol Address 

address   name                           
-------   ----                           
00000000  IE1                            
00000002  IFG1                           
00000010  PAIN                           
00000010  PAIN_L                         
00000011  PAIN_H                         
00000012  PAOUT                          
00000012  PAOUT_L                        
00000013  PAOUT_H                        
00000014  PADIR                          
00000014  PADIR_L                        
00000015  PADIR_H                        
0000001a  PASEL0                         
0000001a  PASEL0_L                       
0000001b  PASEL0_H                       
0000001c  PASEL1                         
0000001c  PASEL1_L                       
0000001d  PASEL1_H                       
0000001e  P1IV                           
00000028  PAIES                          
00000028  PAIES_L                        
00000029  PAIES_H                        
0000002a  PAIE                           
0000002a  PAIE_L                         
0000002b  PAIE_H                         
0000002c  PAIFG                          
0000002c  PAIFG_L                        
0000002d  PAIFG_H                        
0000002e  P2IV                           
00000050  CSCTL0                         
00000050  __STACK_SIZE                   
00000050  __SYSMEM_SIZE                  
00000051  CSCTL1                         
00000052  CSIRFCAL                       
00000053  CSIRTCAL                       
00000054  CSERFCAL                       
00000055  CSERTCAL                       
00000060  LPM45CTL                       
00000061  VMONCTL                        
00000062  REFCAL0                        
00000063  REFCAL1                        
000000b0  SD24INCTL0                     
000000b1  SD24INCTL1                     
000000b8  SD24PRE0                       
000000b9  SD24PRE1                       
000000bf  SD24TRIM                       
00000100  SD24CTL                        
00000102  SD24CCTL0                      
00000104  SD24CCTL1                      
00000110  SD24MEM0                       
00000112  SD24MEM1                       
0000011e  TA1IV                          
00000120  WDTCTL                         
00000128  FCTL1                          
0000012a  FCTL2                          
0000012c  FCTL3                          
0000012e  TA0IV                          
00000130  MPY                            
00000132  MPYS                           
00000134  MAC                            
00000136  MACS                           
00000138  OP2                            
0000013a  RESLO                          
0000013c  RESHI                          
0000013e  SUMEXT                         
00000140  UCA0CTLW0                      
00000140  UCA0CTLW0_L                    
00000141  UCA0CTLW0_H                    
00000142  UCA0CTLW1                      
00000142  UCA0CTLW1_L                    
00000143  UCA0CTLW1_H                    
00000146  UCA0BRW                        
00000146  UCA0BRW_L                      
00000147  UCA0BRW_H                      
00000148  UCA0MCTLW                      
00000148  UCA0MCTLW_L                    
00000149  UCA0MCTLW_H                    
0000014a  UCA0STATW                      
0000014c  UCA0RXBUF                      
0000014c  UCA0RXBUF_L                    
0000014d  UCA0RXBUF_H                    
0000014e  UCA0TXBUF                      
0000014e  UCA0TXBUF_L                    
0000014f  UCA0TXBUF_H                    
00000150  UCA0ABCTL                      
00000152  UCA0IRCTL                      
00000152  UCA0IRCTL_L                    
00000153  UCA0IRCTL_H                    
0000015a  UCA0IE                         
0000015a  UCA0IE_L                       
0000015b  UCA0IE_H                       
0000015c  UCA0IFG                        
0000015c  UCA0IFG_L                      
0000015d  UCA0IFG_H                      
0000015e  UCA0IV                         
00000160  TA0CTL                         
00000162  TA0CCTL0                       
00000164  TA0CCTL1                       
00000166  TA0CCTL2                       
00000170  TA0R                           
00000172  TA0CCR0                        
00000174  TA0CCR1                        
00000176  TA0CCR2                        
00000180  TA1CTL                         
00000182  TA1CCTL0                       
00000184  TA1CCTL1                       
00000186  TA1CCTL2                       
00000190  TA1R                           
00000192  TA1CCR0                        
00000194  TA1CCR1                        
00000196  TA1CCR2                        
000001c0  UCB0CTLW0                      
000001c0  UCB0CTLW0_L                    
000001c1  UCB0CTLW0_H                    
000001c2  UCB0CTLW1                      
000001c2  UCB0CTLW1_L                    
000001c3  UCB0CTLW1_H                    
000001c6  UCB0BRW                        
000001c6  UCB0BRW_L                      
000001c7  UCB0BRW_H                      
000001c8  UCB0STATW                      
000001c8  UCB0STATW_L                    
000001c9  UCB0STATW_H                    
000001ca  UCB0TBCNT                      
000001ca  UCB0TBCNT_L                    
000001cb  UCB0TBCNT_H                    
000001cc  UCB0RXBUF                      
000001cc  UCB0RXBUF_L                    
000001cd  UCB0RXBUF_H                    
000001ce  UCB0TXBUF                      
000001ce  UCB0TXBUF_L                    
000001cf  UCB0TXBUF_H                    
000001d4  UCB0I2COA0                     
000001d4  UCB0I2COA0_L                   
000001d5  UCB0I2COA0_H                   
000001d6  UCB0I2COA1                     
000001d6  UCB0I2COA1_L                   
000001d7  UCB0I2COA1_H                   
000001d8  UCB0I2COA2                     
000001d8  UCB0I2COA2_L                   
000001d9  UCB0I2COA2_H                   
000001da  UCB0I2COA3                     
000001da  UCB0I2COA3_L                   
000001db  UCB0I2COA3_H                   
000001dc  UCB0ADDRX                      
000001dc  UCB0ADDRX_L                    
000001dd  UCB0ADDRX_H                    
000001de  UCB0ADDMASK                    
000001de  UCB0ADDMASK_L                  
000001df  UCB0ADDMASK_H                  
000001e0  UCB0I2CSA                      
000001e0  UCB0I2CSA_L                    
000001e1  UCB0I2CSA_H                    
000001ea  UCB0IE                         
000001ea  UCB0IE_L                       
000001eb  UCB0IE_H                       
000001ec  UCB0IFG                        
000001ec  UCB0IFG_L                      
000001ed  UCB0IFG_H                      
000001ee  UCB0IV                         
000001f0  SD24IV                         
000001fe  SYSJTAGDIS                     
00000200  _CIOBUF_                       
00000320  _ftable                        
00000398  _device                        
000003e6  _stream                        
0000040e  __TI_cleanup_ptr               
00000410  __TI_dtors_ptr                 
00000412  _lock                          
00000414  _unlock                        
00000416  i                              
00000418  __TI_ft_end                    
0000041a  __TI_enable_exit_profile_output
0000041e  __TI_tmpnams                   
000004be  Ch0results                     
000004ce  Ch1results                     
000004de  parmbuf                        
000004e8  _sys_memory                    
000009b0  _stack                         
00000a00  __STACK_END                    
00008116  aligned_alloc                  
00008116  memalign                       
0000820c  __TI_printfi_minimal           
000082f8  fputs                          
000083e2  free                           
000084b4  setvbuf                        
0000864e  main                           
00008702  fputc                          
00008702  putc                           
00008792  HOSTlseek                      
0000881a  __TI_decompress_lzss           
00008896  __TI_wrt_ok                    
00008910  __TI_closefile                 
00008982  fseek                          
00008982  fseeko                         
000089f2  HOSTrename                     
00008ac4  HOSTopen                       
00008b2a  HOSTwrite                      
00008b8c  __TI_doflush                   
00008bee  HOSTread                       
00008c4e  getdevice                      
00008ca6  SD24_ISR                       
00008cfa  __mspabi_srli                  
00008d08  __mspabi_srli_15               
00008d0c  __mspabi_srli_14               
00008d10  __mspabi_srli_13               
00008d14  __mspabi_srli_12               
00008d18  __mspabi_srli_11               
00008d1c  __mspabi_srli_10               
00008d20  __mspabi_srli_9                
00008d24  __mspabi_srli_8                
00008d28  __mspabi_srli_7                
00008d2c  __mspabi_srli_6                
00008d30  __mspabi_srli_5                
00008d34  __mspabi_srli_4                
00008d38  __mspabi_srli_3                
00008d3c  __mspabi_srli_2                
00008d40  __mspabi_srli_1                
00008d46  close                          
00008d90  SD24_initConverterAdvanced     
00008dd6  HOSTclose                      
00008e1a  exit                           
00008e5e  __TI_auto_init_nobinit_nopinit 
00008ea0  HOSTunlink                     
00008ee0  __mspabi_slll_15               
00008ee4  __mspabi_slll_14               
00008ee8  __mspabi_slll_13               
00008eec  __mspabi_slll_12               
00008ef0  __mspabi_slll_11               
00008ef4  __mspabi_slll_10               
00008ef8  __mspabi_slll_9                
00008efc  __mspabi_slll_8                
00008f00  __mspabi_slll_7                
00008f04  __mspabi_slll_6                
00008f08  __mspabi_slll_5                
00008f0c  __mspabi_slll_4                
00008f10  __mspabi_slll_3                
00008f14  __mspabi_slll_2                
00008f18  __mspabi_slll_1                
00008f1e  printf                         
00008f5a  __TI_cleanup                   
00008f8e  finddevice                     
00008fc2  __TI_writemsg                  
00008fec  C$$IO$$                        
00008ff0  __TI_readmsg                   
0000901c  __mspabi_slli                  
00009028  __mspabi_slli_15               
0000902a  __mspabi_slli_14               
0000902c  __mspabi_slli_13               
0000902e  __mspabi_slli_12               
00009030  __mspabi_slli_11               
00009032  __mspabi_slli_10               
00009034  __mspabi_slli_9                
00009036  __mspabi_slli_8                
00009038  __mspabi_slli_7                
0000903a  __mspabi_slli_6                
0000903c  __mspabi_slli_5                
0000903e  __mspabi_slli_4                
00009040  __mspabi_slli_3                
00009042  __mspabi_slli_2                
00009044  __mspabi_slli_1                
00009048  strncpy                        
0000909c  remove                         
0000909c  unlink                         
000090c4  lseek                          
000090ea  SD24_enableInterrupt           
0000910e  SD24_init                      
00009132  write                          
00009156  memccpy                        
00009178  _c_int00_noargs                
000091b0  SD24_getHighWordResults        
000091ca  strchr                         
000091e4  strcmp                         
000091fc  WDT_hold                       
00009212  __mspabi_divu                  
00009212  __mspabi_remu                  
00009228  __TI_zero_init_nomemset        
0000923c  memchr                         
00009250  memset                         
00009264  __mspabi_mpyi_hw               
00009278  SD24_startConverterConversion  
0000928a  __TI_decompress_none           
0000929c  memcpy                         
000092ae  __mspabi_func_epilog_7         
000092b0  __mspabi_func_epilog_6         
000092b2  __mspabi_func_epilog_5         
000092b4  __mspabi_func_epilog_4         
000092b6  __mspabi_func_epilog_3         
000092b8  __mspabi_func_epilog_2         
000092ba  __mspabi_func_epilog_1         
000092be  strcpy                         
000092ce  strlen                         
000092dc  __TI_ISR_TRAP                  
000092e4  malloc                         
000092f2  C$$EXIT                        
000092f2  abort                          
000092fc  _system_pre_init               
00009300  _nop                           
00009302  _system_post_cinit             
00009380  __TI_Handler_Table_Base        
00009386  __TI_Handler_Table_Limit       
0000938a  __TI_CINIT_Base                
00009392  __TI_CINIT_Limit               
00009392  __TI_CINIT_Warm                
0000ffe2  __TI_int01                     
0000ffe8  __TI_int04                     
0000ffea  __TI_int05                     
0000ffec  __TI_int06                     
0000ffee  __TI_int07                     
0000fff0  __TI_int08                     
0000fff2  __TI_int09                     
0000fff4  __TI_int10                     
0000fff6  __TI_int11                     
0000fff8  __TI_int12                     
0000fffa  __TI_int13                     
0000fffc  __TI_int14                     
0000fffe  _reset_vector                  
ffffffff  __TI_pprof_out_hndl            
ffffffff  __TI_prof_data_size            
ffffffff  __TI_prof_data_start           
ffffffff  __c_args__                     

[320 symbols]
