<?xml version="1.0" encoding="ISO-8859-1" ?>
<link_info>
   <banner>MSP430 Linker PC v21.6.1.LTS</banner>
   <copyright>Copyright (c) 2003-2018 Texas Instruments Incorporated</copyright>
   <link_time>0x65bd4c35</link_time>
   <link_errors>0x0</link_errors>
   <output_file>HVB_Prototype.out</output_file>
   <entry_point>
      <name>_c_int00_noargs</name>
      <address>0x8b02</address>
   </entry_point>
   <input_file_list>
      <input_file id="fl-2">
         <path>.\</path>
         <kind>object</kind>
         <file>main.obj</file>
         <name>main.obj</name>
      </input_file>
      <input_file id="fl-3">
         <path>.\driverlib\MSP430i2xx\</path>
         <kind>object</kind>
         <file>cs.obj</file>
         <name>cs.obj</name>
      </input_file>
      <input_file id="fl-4">
         <path>.\driverlib\MSP430i2xx\</path>
         <kind>object</kind>
         <file>eusci_a_spi.obj</file>
         <name>eusci_a_spi.obj</name>
      </input_file>
      <input_file id="fl-5">
         <path>.\driverlib\MSP430i2xx\</path>
         <kind>object</kind>
         <file>eusci_a_uart.obj</file>
         <name>eusci_a_uart.obj</name>
      </input_file>
      <input_file id="fl-6">
         <path>.\driverlib\MSP430i2xx\</path>
         <kind>object</kind>
         <file>eusci_b_i2c.obj</file>
         <name>eusci_b_i2c.obj</name>
      </input_file>
      <input_file id="fl-7">
         <path>.\driverlib\MSP430i2xx\</path>
         <kind>object</kind>
         <file>eusci_b_spi.obj</file>
         <name>eusci_b_spi.obj</name>
      </input_file>
      <input_file id="fl-8">
         <path>.\driverlib\MSP430i2xx\</path>
         <kind>object</kind>
         <file>flashctl.obj</file>
         <name>flashctl.obj</name>
      </input_file>
      <input_file id="fl-9">
         <path>.\driverlib\MSP430i2xx\</path>
         <kind>object</kind>
         <file>gpio.obj</file>
         <name>gpio.obj</name>
      </input_file>
      <input_file id="fl-a">
         <path>.\driverlib\MSP430i2xx\</path>
         <kind>object</kind>
         <file>mpy.obj</file>
         <name>mpy.obj</name>
      </input_file>
      <input_file id="fl-b">
         <path>.\driverlib\MSP430i2xx\</path>
         <kind>object</kind>
         <file>pmm.obj</file>
         <name>pmm.obj</name>
      </input_file>
      <input_file id="fl-c">
         <path>.\driverlib\MSP430i2xx\</path>
         <kind>object</kind>
         <file>sd24.obj</file>
         <name>sd24.obj</name>
      </input_file>
      <input_file id="fl-d">
         <path>.\driverlib\MSP430i2xx\</path>
         <kind>object</kind>
         <file>sfr.obj</file>
         <name>sfr.obj</name>
      </input_file>
      <input_file id="fl-e">
         <path>.\driverlib\MSP430i2xx\</path>
         <kind>object</kind>
         <file>timer_a.obj</file>
         <name>timer_a.obj</name>
      </input_file>
      <input_file id="fl-f">
         <path>.\driverlib\MSP430i2xx\</path>
         <kind>object</kind>
         <file>tlv.obj</file>
         <name>tlv.obj</name>
      </input_file>
      <input_file id="fl-10">
         <path>.\driverlib\MSP430i2xx\</path>
         <kind>object</kind>
         <file>wdt.obj</file>
         <name>wdt.obj</name>
      </input_file>
      <input_file id="fl-15">
         <kind>object</kind>
         <file>&lt;internal&gt;</file>
         <name>&lt;internal&gt;</name>
      </input_file>
      <input_file id="fl-2b">
         <path>C:\ti\ccs1260\ccs\tools\compiler\ti-cgt-msp430_21.6.1.LTS\lib\</path>
         <kind>archive</kind>
         <file>rts430_eabi.lib</file>
         <name>asr16.asm.obj</name>
      </input_file>
      <input_file id="fl-2c">
         <path>C:\ti\ccs1260\ccs\tools\compiler\ti-cgt-msp430_21.6.1.LTS\lib\</path>
         <kind>archive</kind>
         <file>rts430_eabi.lib</file>
         <name>asr32.asm.obj</name>
      </input_file>
      <input_file id="fl-2d">
         <path>C:\ti\ccs1260\ccs\tools\compiler\ti-cgt-msp430_21.6.1.LTS\lib\</path>
         <kind>archive</kind>
         <file>rts430_eabi.lib</file>
         <name>div32u.asm.obj</name>
      </input_file>
      <input_file id="fl-2e">
         <path>C:\ti\ccs1260\ccs\tools\compiler\ti-cgt-msp430_21.6.1.LTS\lib\</path>
         <kind>archive</kind>
         <file>rts430_eabi.lib</file>
         <name>epilog.asm.obj</name>
      </input_file>
      <input_file id="fl-2f">
         <path>C:\ti\ccs1260\ccs\tools\compiler\ti-cgt-msp430_21.6.1.LTS\lib\</path>
         <kind>archive</kind>
         <file>rts430_eabi.lib</file>
         <name>fs_div.asm.obj</name>
      </input_file>
      <input_file id="fl-30">
         <path>C:\ti\ccs1260\ccs\tools\compiler\ti-cgt-msp430_21.6.1.LTS\lib\</path>
         <kind>archive</kind>
         <file>rts430_eabi.lib</file>
         <name>fs_mpy.asm.obj</name>
      </input_file>
      <input_file id="fl-31">
         <path>C:\ti\ccs1260\ccs\tools\compiler\ti-cgt-msp430_21.6.1.LTS\lib\</path>
         <kind>archive</kind>
         <file>rts430_eabi.lib</file>
         <name>fs_toi.asm.obj</name>
      </input_file>
      <input_file id="fl-32">
         <path>C:\ti\ccs1260\ccs\tools\compiler\ti-cgt-msp430_21.6.1.LTS\lib\</path>
         <kind>archive</kind>
         <file>rts430_eabi.lib</file>
         <name>fs_ultof.asm.obj</name>
      </input_file>
      <input_file id="fl-33">
         <path>C:\ti\ccs1260\ccs\tools\compiler\ti-cgt-msp430_21.6.1.LTS\lib\</path>
         <kind>archive</kind>
         <file>rts430_eabi.lib</file>
         <name>int01.asm.obj</name>
      </input_file>
      <input_file id="fl-34">
         <path>C:\ti\ccs1260\ccs\tools\compiler\ti-cgt-msp430_21.6.1.LTS\lib\</path>
         <kind>archive</kind>
         <file>rts430_eabi.lib</file>
         <name>int04.asm.obj</name>
      </input_file>
      <input_file id="fl-35">
         <path>C:\ti\ccs1260\ccs\tools\compiler\ti-cgt-msp430_21.6.1.LTS\lib\</path>
         <kind>archive</kind>
         <file>rts430_eabi.lib</file>
         <name>int05.asm.obj</name>
      </input_file>
      <input_file id="fl-36">
         <path>C:\ti\ccs1260\ccs\tools\compiler\ti-cgt-msp430_21.6.1.LTS\lib\</path>
         <kind>archive</kind>
         <file>rts430_eabi.lib</file>
         <name>int06.asm.obj</name>
      </input_file>
      <input_file id="fl-37">
         <path>C:\ti\ccs1260\ccs\tools\compiler\ti-cgt-msp430_21.6.1.LTS\lib\</path>
         <kind>archive</kind>
         <file>rts430_eabi.lib</file>
         <name>int09.asm.obj</name>
      </input_file>
      <input_file id="fl-38">
         <path>C:\ti\ccs1260\ccs\tools\compiler\ti-cgt-msp430_21.6.1.LTS\lib\</path>
         <kind>archive</kind>
         <file>rts430_eabi.lib</file>
         <name>int10.asm.obj</name>
      </input_file>
      <input_file id="fl-39">
         <path>C:\ti\ccs1260\ccs\tools\compiler\ti-cgt-msp430_21.6.1.LTS\lib\</path>
         <kind>archive</kind>
         <file>rts430_eabi.lib</file>
         <name>int11.asm.obj</name>
      </input_file>
      <input_file id="fl-3a">
         <path>C:\ti\ccs1260\ccs\tools\compiler\ti-cgt-msp430_21.6.1.LTS\lib\</path>
         <kind>archive</kind>
         <file>rts430_eabi.lib</file>
         <name>int12.asm.obj</name>
      </input_file>
      <input_file id="fl-3b">
         <path>C:\ti\ccs1260\ccs\tools\compiler\ti-cgt-msp430_21.6.1.LTS\lib\</path>
         <kind>archive</kind>
         <file>rts430_eabi.lib</file>
         <name>int13.asm.obj</name>
      </input_file>
      <input_file id="fl-3c">
         <path>C:\ti\ccs1260\ccs\tools\compiler\ti-cgt-msp430_21.6.1.LTS\lib\</path>
         <kind>archive</kind>
         <file>rts430_eabi.lib</file>
         <name>int14.asm.obj</name>
      </input_file>
      <input_file id="fl-3d">
         <path>C:\ti\ccs1260\ccs\tools\compiler\ti-cgt-msp430_21.6.1.LTS\lib\</path>
         <kind>archive</kind>
         <file>rts430_eabi.lib</file>
         <name>isr_trap.asm.obj</name>
      </input_file>
      <input_file id="fl-3e">
         <path>C:\ti\ccs1260\ccs\tools\compiler\ti-cgt-msp430_21.6.1.LTS\lib\</path>
         <kind>archive</kind>
         <file>rts430_eabi.lib</file>
         <name>lsl16.asm.obj</name>
      </input_file>
      <input_file id="fl-3f">
         <path>C:\ti\ccs1260\ccs\tools\compiler\ti-cgt-msp430_21.6.1.LTS\lib\</path>
         <kind>archive</kind>
         <file>rts430_eabi.lib</file>
         <name>lsl32.asm.obj</name>
      </input_file>
      <input_file id="fl-40">
         <path>C:\ti\ccs1260\ccs\tools\compiler\ti-cgt-msp430_21.6.1.LTS\lib\</path>
         <kind>archive</kind>
         <file>rts430_eabi.lib</file>
         <name>mult16_hw.asm.obj</name>
      </input_file>
      <input_file id="fl-41">
         <path>C:\ti\ccs1260\ccs\tools\compiler\ti-cgt-msp430_21.6.1.LTS\lib\</path>
         <kind>archive</kind>
         <file>rts430_eabi.lib</file>
         <name>mult1632_hw.asm.obj</name>
      </input_file>
      <input_file id="fl-42">
         <path>C:\ti\ccs1260\ccs\tools\compiler\ti-cgt-msp430_21.6.1.LTS\lib\</path>
         <kind>archive</kind>
         <file>rts430_eabi.lib</file>
         <name>mult32.asm.obj</name>
      </input_file>
      <input_file id="fl-43">
         <path>C:\ti\ccs1260\ccs\tools\compiler\ti-cgt-msp430_21.6.1.LTS\lib\</path>
         <kind>archive</kind>
         <file>rts430_eabi.lib</file>
         <name>mult32_hw.asm.obj</name>
      </input_file>
      <input_file id="fl-44">
         <path>C:\ti\ccs1260\ccs\tools\compiler\ti-cgt-msp430_21.6.1.LTS\lib\</path>
         <kind>archive</kind>
         <file>rts430_eabi.lib</file>
         <name>mult3264_hw.asm.obj</name>
      </input_file>
      <input_file id="fl-45">
         <path>C:\ti\ccs1260\ccs\tools\compiler\ti-cgt-msp430_21.6.1.LTS\lib\</path>
         <kind>archive</kind>
         <file>rts430_eabi.lib</file>
         <name>mult64_hw.asm.obj</name>
      </input_file>
      <input_file id="fl-46">
         <path>C:\ti\ccs1260\ccs\tools\compiler\ti-cgt-msp430_21.6.1.LTS\lib\</path>
         <kind>archive</kind>
         <file>rts430_eabi.lib</file>
         <name>boot.c.obj</name>
      </input_file>
      <input_file id="fl-47">
         <path>C:\ti\ccs1260\ccs\tools\compiler\ti-cgt-msp430_21.6.1.LTS\lib\</path>
         <kind>archive</kind>
         <file>rts430_eabi.lib</file>
         <name>autoinit.c.obj</name>
      </input_file>
      <input_file id="fl-48">
         <path>C:\ti\ccs1260\ccs\tools\compiler\ti-cgt-msp430_21.6.1.LTS\lib\</path>
         <kind>archive</kind>
         <file>rts430_eabi.lib</file>
         <name>copy_zero_init.c.obj</name>
      </input_file>
      <input_file id="fl-49">
         <path>C:\ti\ccs1260\ccs\tools\compiler\ti-cgt-msp430_21.6.1.LTS\lib\</path>
         <kind>archive</kind>
         <file>rts430_eabi.lib</file>
         <name>cpy_tbl.c.obj</name>
      </input_file>
      <input_file id="fl-4a">
         <path>C:\ti\ccs1260\ccs\tools\compiler\ti-cgt-msp430_21.6.1.LTS\lib\</path>
         <kind>archive</kind>
         <file>rts430_eabi.lib</file>
         <name>mpu_init.c.obj</name>
      </input_file>
      <input_file id="fl-4b">
         <path>C:\ti\ccs1260\ccs\tools\compiler\ti-cgt-msp430_21.6.1.LTS\lib\</path>
         <kind>archive</kind>
         <file>rts430_eabi.lib</file>
         <name>pre_init.c.obj</name>
      </input_file>
      <input_file id="fl-4c">
         <path>C:\ti\ccs1260\ccs\tools\compiler\ti-cgt-msp430_21.6.1.LTS\lib\</path>
         <kind>archive</kind>
         <file>rts430_eabi.lib</file>
         <name>startup.c.obj</name>
      </input_file>
      <input_file id="fl-4d">
         <path>C:\ti\ccs1260\ccs\tools\compiler\ti-cgt-msp430_21.6.1.LTS\lib\</path>
         <kind>archive</kind>
         <file>rts430_eabi.lib</file>
         <name>copy_decompress_none.c.obj</name>
      </input_file>
      <input_file id="fl-4e">
         <path>C:\ti\ccs1260\ccs\tools\compiler\ti-cgt-msp430_21.6.1.LTS\lib\</path>
         <kind>archive</kind>
         <file>rts430_eabi.lib</file>
         <name>copy_decompress_lzss.c.obj</name>
      </input_file>
      <input_file id="fl-4f">
         <path>C:\ti\ccs1260\ccs\tools\compiler\ti-cgt-msp430_21.6.1.LTS\lib\</path>
         <kind>archive</kind>
         <file>rts430_eabi.lib</file>
         <name>exit.c.obj</name>
      </input_file>
      <input_file id="fl-50">
         <path>C:\ti\ccs1260\ccs\tools\compiler\ti-cgt-msp430_21.6.1.LTS\lib\</path>
         <kind>archive</kind>
         <file>rts430_eabi.lib</file>
         <name>_lock.c.obj</name>
      </input_file>
      <input_file id="fl-51">
         <path>C:\ti\ccs1260\ccs\tools\compiler\ti-cgt-msp430_21.6.1.LTS\lib\</path>
         <kind>archive</kind>
         <file>rts430_eabi.lib</file>
         <name>args_main.c.obj</name>
      </input_file>
      <input_file id="fl-52">
         <path>C:\ti\ccs1260\ccs\tools\compiler\ti-cgt-msp430_21.6.1.LTS\lib\</path>
         <kind>archive</kind>
         <file>rts430_eabi.lib</file>
         <name>memcpy.c.obj</name>
      </input_file>
      <input_file id="fl-53">
         <path>C:\ti\ccs1260\ccs\tools\compiler\ti-cgt-msp430_21.6.1.LTS\lib\</path>
         <kind>archive</kind>
         <file>rts430_eabi.lib</file>
         <name>lsr16.asm.obj</name>
      </input_file>
      <input_file id="fl-54">
         <path>C:\ti\ccs1260\ccs\tools\compiler\ti-cgt-msp430_21.6.1.LTS\lib\</path>
         <kind>archive</kind>
         <file>rts430_eabi.lib</file>
         <name>mult16.asm.obj</name>
      </input_file>
      <input_file id="fl-55">
         <path>C:\ti\ccs1260\ccs\tools\compiler\ti-cgt-msp430_21.6.1.LTS\lib\</path>
         <kind>archive</kind>
         <file>rts430_eabi.lib</file>
         <name>exit_gvars.c.obj</name>
      </input_file>
   </input_file_list>
   <object_component_list>
      <object_component id="oc-19c">
         <name>.bss:RXData</name>
         <uninitialized>true</uninitialized>
         <run_address>0x200</run_address>
         <size>0x32</size>
         <input_file_ref idref="fl-2"/>
      </object_component>
      <object_component id="oc-181">
         <name>.bss</name>
         <uninitialized>true</uninitialized>
         <run_address>0x2c8</run_address>
         <size>0x15</size>
         <input_file_ref idref="fl-2"/>
      </object_component>
      <object_component id="oc-1a2">
         <name>.bss:TXData</name>
         <uninitialized>true</uninitialized>
         <run_address>0x232</run_address>
         <size>0x32</size>
         <input_file_ref idref="fl-2"/>
      </object_component>
      <object_component id="oc-19f">
         <name>.common:CMD1Data</name>
         <uninitialized>true</uninitialized>
         <run_address>0x264</run_address>
         <size>0x32</size>
      </object_component>
      <object_component id="oc-199">
         <name>.common:CMD1Length</name>
         <uninitialized>true</uninitialized>
         <run_address>0x2dd</run_address>
         <size>0x1</size>
      </object_component>
      <object_component id="oc-1a0">
         <name>.common:CMD2Data</name>
         <uninitialized>true</uninitialized>
         <run_address>0x296</run_address>
         <size>0x32</size>
      </object_component>
      <object_component id="oc-1a1">
         <name>.common:CMD2Length</name>
         <uninitialized>true</uninitialized>
         <run_address>0x2e0</run_address>
         <size>0x1</size>
      </object_component>
      <object_component id="oc-24d">
         <name>.common:CMDDataPtr</name>
         <uninitialized>true</uninitialized>
         <run_address>0x2de</run_address>
         <size>0x2</size>
      </object_component>
      <object_component id="oc-24e">
         <name>.common:CMDLength</name>
         <uninitialized>true</uninitialized>
         <run_address>0x2e2</run_address>
         <size>0x1</size>
      </object_component>
      <object_component id="oc-24f">
         <name>.common:CMDIndex</name>
         <uninitialized>true</uninitialized>
         <run_address>0x2e1</run_address>
         <size>0x1</size>
      </object_component>
      <object_component id="oc-239">
         <name>.data</name>
         <load_address>0x2e4</load_address>
         <run_address>0x2e4</run_address>
         <size>0xf</size>
         <input_file_ref idref="fl-2"/>
      </object_component>
      <object_component id="oc-e9">
         <name>.stack</name>
         <uninitialized>true</uninitialized>
         <run_address>0x9b0</run_address>
         <size>0x2</size>
         <input_file_ref idref="fl-46"/>
      </object_component>
      <object_component id="oc-3cc">
         <name>.stack</name>
         <uninitialized>true</uninitialized>
         <run_address>0x9b0</run_address>
         <size>0x0</size>
      </object_component>
      <object_component id="oc-1c5">
         <name>.text:main</name>
         <load_address>0x8000</load_address>
         <run_address>0x8000</run_address>
         <size>0x218</size>
         <input_file_ref idref="fl-2"/>
      </object_component>
      <object_component id="oc-193">
         <name>.text</name>
         <load_address>0x8218</load_address>
         <run_address>0x8218</run_address>
         <size>0xc4</size>
         <input_file_ref idref="fl-30"/>
      </object_component>
      <object_component id="oc-11f">
         <name>.text:USCIB0_ISR</name>
         <load_address>0x82dc</load_address>
         <run_address>0x82dc</run_address>
         <size>0xc2</size>
         <input_file_ref idref="fl-2"/>
      </object_component>
      <object_component id="oc-119">
         <name>.text:SD24_ISR</name>
         <load_address>0x839e</load_address>
         <run_address>0x839e</run_address>
         <size>0xb8</size>
         <input_file_ref idref="fl-2"/>
      </object_component>
      <object_component id="oc-233">
         <name>.text:init_sd24</name>
         <load_address>0x8456</load_address>
         <run_address>0x8456</run_address>
         <size>0xb4</size>
         <input_file_ref idref="fl-2"/>
      </object_component>
      <object_component id="oc-18e">
         <name>.text</name>
         <load_address>0x850a</load_address>
         <run_address>0x850a</run_address>
         <size>0x9c</size>
         <input_file_ref idref="fl-2f"/>
      </object_component>
      <object_component id="oc-17b">
         <name>.text:SD24_getResults</name>
         <load_address>0x85a6</load_address>
         <run_address>0x85a6</run_address>
         <size>0x8c</size>
         <input_file_ref idref="fl-c"/>
      </object_component>
      <object_component id="oc-30">
         <name>.text:decompress:lzss:__TI_decompress_lzss</name>
         <load_address>0x8632</load_address>
         <run_address>0x8632</run_address>
         <size>0x7c</size>
         <input_file_ref idref="fl-4e"/>
      </object_component>
      <object_component id="oc-248">
         <name>.text</name>
         <load_address>0x86ae</load_address>
         <run_address>0x86ae</run_address>
         <size>0x68</size>
         <input_file_ref idref="fl-31"/>
      </object_component>
      <object_component id="oc-22d">
         <name>.text:init_i2c</name>
         <load_address>0x8716</load_address>
         <run_address>0x8716</run_address>
         <size>0x60</size>
         <input_file_ref idref="fl-2"/>
      </object_component>
      <object_component id="oc-333">
         <name>.text</name>
         <load_address>0x8776</load_address>
         <run_address>0x8776</run_address>
         <size>0x58</size>
         <input_file_ref idref="fl-2d"/>
      </object_component>
      <object_component id="oc-f2">
         <name>.text</name>
         <load_address>0x87ce</load_address>
         <run_address>0x87ce</run_address>
         <size>0x4c</size>
         <input_file_ref idref="fl-53"/>
      </object_component>
      <object_component id="oc-227">
         <name>.text:init_gpio</name>
         <load_address>0x881a</load_address>
         <run_address>0x881a</run_address>
         <size>0x4a</size>
         <input_file_ref idref="fl-2"/>
      </object_component>
      <object_component id="oc-2e4">
         <name>.text:SD24_initConverterAdvanced</name>
         <load_address>0x8864</load_address>
         <run_address>0x8864</run_address>
         <size>0x46</size>
         <input_file_ref idref="fl-c"/>
      </object_component>
      <object_component id="oc-263">
         <name>.text:__TI_auto_init_nobinit_nopinit:__TI_auto_init_nobinit_nopinit</name>
         <load_address>0x88aa</load_address>
         <run_address>0x88aa</run_address>
         <size>0x42</size>
         <input_file_ref idref="fl-47"/>
      </object_component>
      <object_component id="oc-2b6">
         <name>.text:GPIO_setAsPeripheralModuleFunctionInputPin</name>
         <load_address>0x88ec</load_address>
         <run_address>0x88ec</run_address>
         <size>0x40</size>
         <input_file_ref idref="fl-9"/>
      </object_component>
      <object_component id="oc-1ea">
         <name>.text:l_lsl_const</name>
         <load_address>0x892c</load_address>
         <run_address>0x892c</run_address>
         <size>0x3e</size>
         <input_file_ref idref="fl-3f"/>
      </object_component>
      <object_component id="oc-29f">
         <name>.text:FlashCtl_setupClock</name>
         <load_address>0x896a</load_address>
         <run_address>0x896a</run_address>
         <size>0x36</size>
         <input_file_ref idref="fl-8"/>
      </object_component>
      <object_component id="oc-189">
         <name>.text</name>
         <load_address>0x89a0</load_address>
         <run_address>0x89a0</run_address>
         <size>0x32</size>
         <input_file_ref idref="fl-32"/>
      </object_component>
      <object_component id="oc-2b0">
         <name>.text:CS_setupDCO</name>
         <load_address>0x89d2</load_address>
         <run_address>0x89d2</run_address>
         <size>0x2e</size>
         <input_file_ref idref="fl-3"/>
      </object_component>
      <object_component id="oc-184">
         <name>.text</name>
         <load_address>0x8a00</load_address>
         <run_address>0x8a00</run_address>
         <size>0x2e</size>
         <input_file_ref idref="fl-43"/>
      </object_component>
      <object_component id="oc-ed">
         <name>.text</name>
         <load_address>0x8a2e</load_address>
         <run_address>0x8a2e</run_address>
         <size>0x2c</size>
         <input_file_ref idref="fl-3e"/>
      </object_component>
      <object_component id="oc-2bc">
         <name>.text:EUSCI_B_I2C_initSlave</name>
         <load_address>0x8a5a</load_address>
         <run_address>0x8a5a</run_address>
         <size>0x24</size>
         <input_file_ref idref="fl-6"/>
      </object_component>
      <object_component id="oc-2ea">
         <name>.text:SD24_enableInterrupt</name>
         <load_address>0x8a7e</load_address>
         <run_address>0x8a7e</run_address>
         <size>0x24</size>
         <input_file_ref idref="fl-c"/>
      </object_component>
      <object_component id="oc-2db">
         <name>.text:SD24_init</name>
         <load_address>0x8aa2</load_address>
         <run_address>0x8aa2</run_address>
         <size>0x24</size>
         <input_file_ref idref="fl-c"/>
      </object_component>
      <object_component id="oc-2a6">
         <name>.text:GPIO_setAsOutputPin</name>
         <load_address>0x8ac6</load_address>
         <run_address>0x8ac6</run_address>
         <size>0x1e</size>
         <input_file_ref idref="fl-9"/>
      </object_component>
      <object_component id="oc-221">
         <name>.text:init_flash</name>
         <load_address>0x8ae4</load_address>
         <run_address>0x8ae4</run_address>
         <size>0x1e</size>
         <input_file_ref idref="fl-2"/>
      </object_component>
      <object_component id="oc-137">
         <name>.text:_c_int00_noargs</name>
         <load_address>0x8b02</load_address>
         <run_address>0x8b02</run_address>
         <size>0x1c</size>
         <input_file_ref idref="fl-46"/>
      </object_component>
      <object_component id="oc-23c">
         <name>.text:GPIO_setOutputHighOnPin</name>
         <load_address>0x8b1e</load_address>
         <run_address>0x8b1e</run_address>
         <size>0x16</size>
         <input_file_ref idref="fl-9"/>
      </object_component>
      <object_component id="oc-242">
         <name>.text:GPIO_setOutputLowOnPin</name>
         <load_address>0x8b34</load_address>
         <run_address>0x8b34</run_address>
         <size>0x16</size>
         <input_file_ref idref="fl-9"/>
      </object_component>
      <object_component id="oc-250">
         <name>.text:GPIO_toggleOutputOnPin</name>
         <load_address>0x8b4a</load_address>
         <run_address>0x8b4a</run_address>
         <size>0x16</size>
         <input_file_ref idref="fl-9"/>
      </object_component>
      <object_component id="oc-21b">
         <name>.text:WDT_hold</name>
         <load_address>0x8b60</load_address>
         <run_address>0x8b60</run_address>
         <size>0x16</size>
         <input_file_ref idref="fl-10"/>
      </object_component>
      <object_component id="oc-125">
         <name>.text:decompress:ZI:__TI_zero_init_nomemset:__TI_zero_init_nomemset</name>
         <load_address>0x8b76</load_address>
         <run_address>0x8b76</run_address>
         <size>0x14</size>
         <input_file_ref idref="fl-48"/>
      </object_component>
      <object_component id="oc-2f0">
         <name>.text:SD24_startConverterConversion</name>
         <load_address>0x8b8a</load_address>
         <run_address>0x8b8a</run_address>
         <size>0x12</size>
         <input_file_ref idref="fl-c"/>
      </object_component>
      <object_component id="oc-36">
         <name>.text:decompress:none:__TI_decompress_none</name>
         <load_address>0x8b9c</load_address>
         <run_address>0x8b9c</run_address>
         <size>0x12</size>
         <input_file_ref idref="fl-4d"/>
      </object_component>
      <object_component id="oc-107">
         <name>.text:memcpy</name>
         <load_address>0x8bae</load_address>
         <run_address>0x8bae</run_address>
         <size>0x12</size>
         <input_file_ref idref="fl-52"/>
      </object_component>
      <object_component id="oc-f7">
         <name>.text</name>
         <load_address>0x8bc0</load_address>
         <run_address>0x8bc0</run_address>
         <size>0x10</size>
         <input_file_ref idref="fl-2e"/>
      </object_component>
      <object_component id="oc-2c2">
         <name>.text:EUSCI_B_I2C_setMode</name>
         <load_address>0x8bd0</load_address>
         <run_address>0x8bd0</run_address>
         <size>0xc</size>
         <input_file_ref idref="fl-6"/>
      </object_component>
      <object_component id="oc-1ab">
         <name>.text:EUSCI_B_I2C_slaveGetData</name>
         <load_address>0x8bdc</load_address>
         <run_address>0x8bdc</run_address>
         <size>0x8</size>
         <input_file_ref idref="fl-6"/>
      </object_component>
      <object_component id="oc-1a5">
         <name>.text:EUSCI_B_I2C_slavePutData</name>
         <load_address>0x8be4</load_address>
         <run_address>0x8be4</run_address>
         <size>0x8</size>
         <input_file_ref idref="fl-6"/>
      </object_component>
      <object_component id="oc-114">
         <name>.text:_isr:__TI_ISR_TRAP</name>
         <load_address>0x8bec</load_address>
         <run_address>0x8bec</run_address>
         <size>0x8</size>
         <input_file_ref idref="fl-3d"/>
      </object_component>
      <object_component id="oc-2ce">
         <name>.text:EUSCI_B_I2C_clearInterrupt</name>
         <load_address>0x8bf4</load_address>
         <run_address>0x8bf4</run_address>
         <size>0x6</size>
         <input_file_ref idref="fl-6"/>
      </object_component>
      <object_component id="oc-2c8">
         <name>.text:EUSCI_B_I2C_enable</name>
         <load_address>0x8bfa</load_address>
         <run_address>0x8bfa</run_address>
         <size>0x6</size>
         <input_file_ref idref="fl-6"/>
      </object_component>
      <object_component id="oc-2d4">
         <name>.text:EUSCI_B_I2C_enableInterrupt</name>
         <load_address>0x8c00</load_address>
         <run_address>0x8c00</run_address>
         <size>0x6</size>
         <input_file_ref idref="fl-6"/>
      </object_component>
      <object_component id="oc-257">
         <name>.text:abort</name>
         <load_address>0x8c06</load_address>
         <run_address>0x8c06</run_address>
         <size>0x6</size>
         <input_file_ref idref="fl-4f"/>
      </object_component>
      <object_component id="oc-1bf">
         <name>.text:_system_pre_init</name>
         <load_address>0x8c0c</load_address>
         <run_address>0x8c0c</run_address>
         <size>0x4</size>
         <input_file_ref idref="fl-4b"/>
      </object_component>
      <object_component id="oc-312">
         <name>.text:_system_post_cinit</name>
         <load_address>0x8c10</load_address>
         <run_address>0x8c10</run_address>
         <size>0x2</size>
         <input_file_ref idref="fl-4c"/>
      </object_component>
      <object_component id="oc-3cb">
         <name>.cinit..data.load</name>
         <load_address>0x8c40</load_address>
         <run_address>0x8c40</run_address>
         <size>0xd</size>
      </object_component>
      <object_component id="oc-3c8">
         <name>__TI_handler_table</name>
         <load_address>0x8c4e</load_address>
         <run_address>0x8c4e</run_address>
         <size>0x6</size>
      </object_component>
      <object_component id="oc-3ca">
         <name>.cinit..bss.load</name>
         <load_address>0x8c54</load_address>
         <run_address>0x8c54</run_address>
         <size>0x4</size>
      </object_component>
      <object_component id="oc-3c9">
         <name>__TI_cinit_table</name>
         <load_address>0x8c58</load_address>
         <run_address>0x8c58</run_address>
         <size>0x8</size>
      </object_component>
      <object_component id="oc-2f9">
         <name>.const:GPIO_PORT_TO_BASE</name>
         <load_address>0x8c12</load_address>
         <run_address>0x8c12</run_address>
         <size>0x1c</size>
         <input_file_ref idref="fl-9"/>
      </object_component>
      <object_component id="oc-2e1">
         <name>.const:$P$T0$1</name>
         <load_address>0x8c2e</load_address>
         <run_address>0x8c2e</run_address>
         <size>0xc</size>
         <input_file_ref idref="fl-2"/>
      </object_component>
      <object_component id="oc-2ad">
         <name>.const:$P$T1$2</name>
         <load_address>0x8c3a</load_address>
         <run_address>0x8c3a</run_address>
         <size>0x6</size>
         <input_file_ref idref="fl-2"/>
      </object_component>
      <object_component id="oc-38d">
         <name>.binit</name>
         <load_address>0x8000</load_address>
         <run_address>0x8000</run_address>
         <size>0x0</size>
      </object_component>
      <object_component id="oc-3c">
         <name>.int01</name>
         <load_address>0xffe2</load_address>
         <run_address>0xffe2</run_address>
         <size>0x2</size>
         <input_file_ref idref="fl-33"/>
      </object_component>
      <object_component id="oc-3d">
         <name>.int04</name>
         <load_address>0xffe8</load_address>
         <run_address>0xffe8</run_address>
         <size>0x2</size>
         <input_file_ref idref="fl-34"/>
      </object_component>
      <object_component id="oc-3e">
         <name>.int05</name>
         <load_address>0xffea</load_address>
         <run_address>0xffea</run_address>
         <size>0x2</size>
         <input_file_ref idref="fl-35"/>
      </object_component>
      <object_component id="oc-3f">
         <name>.int06</name>
         <load_address>0xffec</load_address>
         <run_address>0xffec</run_address>
         <size>0x2</size>
         <input_file_ref idref="fl-36"/>
      </object_component>
      <object_component id="oc-40">
         <name>.int07</name>
         <load_address>0xffee</load_address>
         <run_address>0xffee</run_address>
         <size>0x2</size>
         <input_file_ref idref="fl-2"/>
      </object_component>
      <object_component id="oc-41">
         <name>.int08</name>
         <load_address>0xfff0</load_address>
         <run_address>0xfff0</run_address>
         <size>0x2</size>
         <input_file_ref idref="fl-2"/>
      </object_component>
      <object_component id="oc-42">
         <name>.int09</name>
         <load_address>0xfff2</load_address>
         <run_address>0xfff2</run_address>
         <size>0x2</size>
         <input_file_ref idref="fl-37"/>
      </object_component>
      <object_component id="oc-43">
         <name>.int10</name>
         <load_address>0xfff4</load_address>
         <run_address>0xfff4</run_address>
         <size>0x2</size>
         <input_file_ref idref="fl-38"/>
      </object_component>
      <object_component id="oc-44">
         <name>.int11</name>
         <load_address>0xfff6</load_address>
         <run_address>0xfff6</run_address>
         <size>0x2</size>
         <input_file_ref idref="fl-39"/>
      </object_component>
      <object_component id="oc-45">
         <name>.int12</name>
         <load_address>0xfff8</load_address>
         <run_address>0xfff8</run_address>
         <size>0x2</size>
         <input_file_ref idref="fl-3a"/>
      </object_component>
      <object_component id="oc-46">
         <name>.int13</name>
         <load_address>0xfffa</load_address>
         <run_address>0xfffa</run_address>
         <size>0x2</size>
         <input_file_ref idref="fl-3b"/>
      </object_component>
      <object_component id="oc-47">
         <name>.int14</name>
         <load_address>0xfffc</load_address>
         <run_address>0xfffc</run_address>
         <size>0x2</size>
         <input_file_ref idref="fl-3c"/>
      </object_component>
      <object_component id="oc-ec">
         <name>.reset</name>
         <load_address>0xfffe</load_address>
         <run_address>0xfffe</run_address>
         <size>0x2</size>
         <input_file_ref idref="fl-46"/>
      </object_component>
      <object_component id="oc-19a">
         <name>.debug_info</name>
         <load_address>0x0</load_address>
         <run_address>0x0</run_address>
         <size>0x8cc</size>
         <input_file_ref idref="fl-2"/>
      </object_component>
      <object_component id="oc-19d">
         <name>.debug_info</name>
         <load_address>0x8cc</load_address>
         <run_address>0x8cc</run_address>
         <size>0xcc</size>
         <input_file_ref idref="fl-2"/>
      </object_component>
      <object_component id="oc-182">
         <name>.debug_info</name>
         <load_address>0x998</load_address>
         <run_address>0x998</run_address>
         <size>0x1be</size>
         <input_file_ref idref="fl-2"/>
      </object_component>
      <object_component id="oc-1a3">
         <name>.debug_info</name>
         <load_address>0xb56</load_address>
         <run_address>0xb56</run_address>
         <size>0xcc</size>
         <input_file_ref idref="fl-2"/>
      </object_component>
      <object_component id="oc-23a">
         <name>.debug_info</name>
         <load_address>0xc22</load_address>
         <run_address>0xc22</run_address>
         <size>0x1bc</size>
         <input_file_ref idref="fl-2"/>
      </object_component>
      <object_component id="oc-2e2">
         <name>.debug_info</name>
         <load_address>0xdde</load_address>
         <run_address>0xdde</run_address>
         <size>0xce</size>
         <input_file_ref idref="fl-2"/>
      </object_component>
      <object_component id="oc-2ae">
         <name>.debug_info</name>
         <load_address>0xeac</load_address>
         <run_address>0xeac</run_address>
         <size>0xce</size>
         <input_file_ref idref="fl-2"/>
      </object_component>
      <object_component id="oc-222">
         <name>.debug_info</name>
         <load_address>0xf7a</load_address>
         <run_address>0xf7a</run_address>
         <size>0x119</size>
         <input_file_ref idref="fl-2"/>
      </object_component>
      <object_component id="oc-229">
         <name>.debug_info</name>
         <load_address>0x1093</load_address>
         <run_address>0x1093</run_address>
         <size>0x1d9</size>
         <input_file_ref idref="fl-2"/>
      </object_component>
      <object_component id="oc-22e">
         <name>.debug_info</name>
         <load_address>0x126c</load_address>
         <run_address>0x126c</run_address>
         <size>0x1f9</size>
         <input_file_ref idref="fl-2"/>
      </object_component>
      <object_component id="oc-236">
         <name>.debug_info</name>
         <load_address>0x1465</load_address>
         <run_address>0x1465</run_address>
         <size>0x1ee</size>
         <input_file_ref idref="fl-2"/>
      </object_component>
      <object_component id="oc-1c7">
         <name>.debug_info</name>
         <load_address>0x1653</load_address>
         <run_address>0x1653</run_address>
         <size>0x315</size>
         <input_file_ref idref="fl-2"/>
      </object_component>
      <object_component id="oc-121">
         <name>.debug_info</name>
         <load_address>0x1968</load_address>
         <run_address>0x1968</run_address>
         <size>0x14c</size>
         <input_file_ref idref="fl-2"/>
      </object_component>
      <object_component id="oc-11b">
         <name>.debug_info</name>
         <load_address>0x1ab4</load_address>
         <run_address>0x1ab4</run_address>
         <size>0x1d5</size>
         <input_file_ref idref="fl-2"/>
      </object_component>
      <object_component id="oc-208">
         <name>.debug_info</name>
         <load_address>0x1c89</load_address>
         <run_address>0x1c89</run_address>
         <size>0x26b</size>
         <input_file_ref idref="fl-2"/>
      </object_component>
      <object_component id="oc-1fe">
         <name>.debug_info</name>
         <load_address>0x1ef4</load_address>
         <run_address>0x1ef4</run_address>
         <size>0xf5</size>
         <input_file_ref idref="fl-2"/>
      </object_component>
      <object_component id="oc-20d">
         <name>.debug_info</name>
         <load_address>0x1fe9</load_address>
         <run_address>0x1fe9</run_address>
         <size>0x41</size>
         <input_file_ref idref="fl-2"/>
      </object_component>
      <object_component id="oc-203">
         <name>.debug_info</name>
         <load_address>0x202a</load_address>
         <run_address>0x202a</run_address>
         <size>0xda</size>
         <input_file_ref idref="fl-2"/>
      </object_component>
      <object_component id="oc-1b2">
         <name>.debug_info</name>
         <load_address>0x2104</load_address>
         <run_address>0x2104</run_address>
         <size>0x8b</size>
         <input_file_ref idref="fl-2"/>
      </object_component>
      <object_component id="oc-297">
         <name>.debug_info</name>
         <load_address>0x218f</load_address>
         <run_address>0x218f</run_address>
         <size>0x282</size>
         <input_file_ref idref="fl-2"/>
      </object_component>
      <object_component id="oc-1f0">
         <name>.debug_info</name>
         <load_address>0x2411</load_address>
         <run_address>0x2411</run_address>
         <size>0xbb</size>
         <input_file_ref idref="fl-2"/>
      </object_component>
      <object_component id="oc-2b1">
         <name>.debug_info</name>
         <load_address>0x24cc</load_address>
         <run_address>0x24cc</run_address>
         <size>0x15c</size>
         <input_file_ref idref="fl-3"/>
      </object_component>
      <object_component id="oc-102">
         <name>.debug_info</name>
         <load_address>0x2628</load_address>
         <run_address>0x2628</run_address>
         <size>0x84</size>
         <input_file_ref idref="fl-3"/>
      </object_component>
      <object_component id="oc-33f">
         <name>.debug_info</name>
         <load_address>0x26ac</load_address>
         <run_address>0x26ac</run_address>
         <size>0x16a</size>
         <input_file_ref idref="fl-6"/>
      </object_component>
      <object_component id="oc-1a6">
         <name>.debug_info</name>
         <load_address>0x2816</load_address>
         <run_address>0x2816</run_address>
         <size>0x1ef</size>
         <input_file_ref idref="fl-6"/>
      </object_component>
      <object_component id="oc-1ac">
         <name>.debug_info</name>
         <load_address>0x2a05</load_address>
         <run_address>0x2a05</run_address>
         <size>0x1b1</size>
         <input_file_ref idref="fl-6"/>
      </object_component>
      <object_component id="oc-2c3">
         <name>.debug_info</name>
         <load_address>0x2bb6</load_address>
         <run_address>0x2bb6</run_address>
         <size>0x1c5</size>
         <input_file_ref idref="fl-6"/>
      </object_component>
      <object_component id="oc-2bd">
         <name>.debug_info</name>
         <load_address>0x2d7b</load_address>
         <run_address>0x2d7b</run_address>
         <size>0x1cd</size>
         <input_file_ref idref="fl-6"/>
      </object_component>
      <object_component id="oc-2d5">
         <name>.debug_info</name>
         <load_address>0x2f48</load_address>
         <run_address>0x2f48</run_address>
         <size>0x1d5</size>
         <input_file_ref idref="fl-6"/>
      </object_component>
      <object_component id="oc-2ca">
         <name>.debug_info</name>
         <load_address>0x311d</load_address>
         <run_address>0x311d</run_address>
         <size>0x1a1</size>
         <input_file_ref idref="fl-6"/>
      </object_component>
      <object_component id="oc-2cf">
         <name>.debug_info</name>
         <load_address>0x32be</load_address>
         <run_address>0x32be</run_address>
         <size>0x1d3</size>
         <input_file_ref idref="fl-6"/>
      </object_component>
      <object_component id="oc-2a0">
         <name>.debug_info</name>
         <load_address>0x3491</load_address>
         <run_address>0x3491</run_address>
         <size>0x268</size>
         <input_file_ref idref="fl-8"/>
      </object_component>
      <object_component id="oc-34c">
         <name>.debug_info</name>
         <load_address>0x36f9</load_address>
         <run_address>0x36f9</run_address>
         <size>0x164</size>
         <input_file_ref idref="fl-9"/>
      </object_component>
      <object_component id="oc-2fa">
         <name>.debug_info</name>
         <load_address>0x385d</load_address>
         <run_address>0x385d</run_address>
         <size>0xf7</size>
         <input_file_ref idref="fl-9"/>
      </object_component>
      <object_component id="oc-254">
         <name>.debug_info</name>
         <load_address>0x3954</load_address>
         <run_address>0x3954</run_address>
         <size>0x1fc</size>
         <input_file_ref idref="fl-9"/>
      </object_component>
      <object_component id="oc-246">
         <name>.debug_info</name>
         <load_address>0x3b50</load_address>
         <run_address>0x3b50</run_address>
         <size>0x1f9</size>
         <input_file_ref idref="fl-9"/>
      </object_component>
      <object_component id="oc-240">
         <name>.debug_info</name>
         <load_address>0x3d49</load_address>
         <run_address>0x3d49</run_address>
         <size>0x1fb</size>
         <input_file_ref idref="fl-9"/>
      </object_component>
      <object_component id="oc-2b9">
         <name>.debug_info</name>
         <load_address>0x3f44</load_address>
         <run_address>0x3f44</run_address>
         <size>0x243</size>
         <input_file_ref idref="fl-9"/>
      </object_component>
      <object_component id="oc-2a9">
         <name>.debug_info</name>
         <load_address>0x4187</load_address>
         <run_address>0x4187</run_address>
         <size>0x1f3</size>
         <input_file_ref idref="fl-9"/>
      </object_component>
      <object_component id="oc-1f5">
         <name>.debug_info</name>
         <load_address>0x437a</load_address>
         <run_address>0x437a</run_address>
         <size>0x15c</size>
         <input_file_ref idref="fl-c"/>
      </object_component>
      <object_component id="oc-2f3">
         <name>.debug_info</name>
         <load_address>0x44d6</load_address>
         <run_address>0x44d6</run_address>
         <size>0x1ef</size>
         <input_file_ref idref="fl-c"/>
      </object_component>
      <object_component id="oc-2e6">
         <name>.debug_info</name>
         <load_address>0x46c5</load_address>
         <run_address>0x46c5</run_address>
         <size>0x1d9</size>
         <input_file_ref idref="fl-c"/>
      </object_component>
      <object_component id="oc-2dd">
         <name>.debug_info</name>
         <load_address>0x489e</load_address>
         <run_address>0x489e</run_address>
         <size>0x1fa</size>
         <input_file_ref idref="fl-c"/>
      </object_component>
      <object_component id="oc-17e">
         <name>.debug_info</name>
         <load_address>0x4a98</load_address>
         <run_address>0x4a98</run_address>
         <size>0x24b</size>
         <input_file_ref idref="fl-c"/>
      </object_component>
      <object_component id="oc-2ed">
         <name>.debug_info</name>
         <load_address>0x4ce3</load_address>
         <run_address>0x4ce3</run_address>
         <size>0x1ff</size>
         <input_file_ref idref="fl-c"/>
      </object_component>
      <object_component id="oc-21e">
         <name>.debug_info</name>
         <load_address>0x4ee2</load_address>
         <run_address>0x4ee2</run_address>
         <size>0x196</size>
         <input_file_ref idref="fl-10"/>
      </object_component>
      <object_component id="oc-336">
         <name>.debug_info</name>
         <load_address>0x5078</load_address>
         <run_address>0x5078</run_address>
         <size>0x123</size>
         <input_file_ref idref="fl-2d"/>
      </object_component>
      <object_component id="oc-f9">
         <name>.debug_info</name>
         <load_address>0x519b</load_address>
         <run_address>0x519b</run_address>
         <size>0x12e</size>
         <input_file_ref idref="fl-2e"/>
      </object_component>
      <object_component id="oc-18f">
         <name>.debug_info</name>
         <load_address>0x52c9</load_address>
         <run_address>0x52c9</run_address>
         <size>0x121</size>
         <input_file_ref idref="fl-2f"/>
      </object_component>
      <object_component id="oc-194">
         <name>.debug_info</name>
         <load_address>0x53ea</load_address>
         <run_address>0x53ea</run_address>
         <size>0x121</size>
         <input_file_ref idref="fl-30"/>
      </object_component>
      <object_component id="oc-249">
         <name>.debug_info</name>
         <load_address>0x550b</load_address>
         <run_address>0x550b</run_address>
         <size>0x135</size>
         <input_file_ref idref="fl-31"/>
      </object_component>
      <object_component id="oc-18c">
         <name>.debug_info</name>
         <load_address>0x5640</load_address>
         <run_address>0x5640</run_address>
         <size>0x127</size>
         <input_file_ref idref="fl-32"/>
      </object_component>
      <object_component id="oc-115">
         <name>.debug_info</name>
         <load_address>0x5767</load_address>
         <run_address>0x5767</run_address>
         <size>0x10f</size>
         <input_file_ref idref="fl-3d"/>
      </object_component>
      <object_component id="oc-ef">
         <name>.debug_info</name>
         <load_address>0x5876</load_address>
         <run_address>0x5876</run_address>
         <size>0x120</size>
         <input_file_ref idref="fl-3e"/>
      </object_component>
      <object_component id="oc-1eb">
         <name>.debug_info</name>
         <load_address>0x5996</load_address>
         <run_address>0x5996</run_address>
         <size>0x126</size>
         <input_file_ref idref="fl-3f"/>
      </object_component>
      <object_component id="oc-185">
         <name>.debug_info</name>
         <load_address>0x5abc</load_address>
         <run_address>0x5abc</run_address>
         <size>0x11f</size>
         <input_file_ref idref="fl-43"/>
      </object_component>
      <object_component id="oc-ea">
         <name>.debug_info</name>
         <load_address>0x5bdb</load_address>
         <run_address>0x5bdb</run_address>
         <size>0x100</size>
         <input_file_ref idref="fl-46"/>
      </object_component>
      <object_component id="oc-139">
         <name>.debug_info</name>
         <load_address>0x5cdb</load_address>
         <run_address>0x5cdb</run_address>
         <size>0x17a</size>
         <input_file_ref idref="fl-46"/>
      </object_component>
      <object_component id="oc-319">
         <name>.debug_info</name>
         <load_address>0x5e55</load_address>
         <run_address>0x5e55</run_address>
         <size>0x3de</size>
         <input_file_ref idref="fl-47"/>
      </object_component>
      <object_component id="oc-264">
         <name>.debug_info</name>
         <load_address>0x6233</load_address>
         <run_address>0x6233</run_address>
         <size>0x1e0</size>
         <input_file_ref idref="fl-47"/>
      </object_component>
      <object_component id="oc-364">
         <name>.debug_info</name>
         <load_address>0x6413</load_address>
         <run_address>0x6413</run_address>
         <size>0x39</size>
         <input_file_ref idref="fl-47"/>
      </object_component>
      <object_component id="oc-375">
         <name>.debug_info</name>
         <load_address>0x644c</load_address>
         <run_address>0x644c</run_address>
         <size>0x2c</size>
         <input_file_ref idref="fl-47"/>
      </object_component>
      <object_component id="oc-324">
         <name>.debug_info</name>
         <load_address>0x6478</load_address>
         <run_address>0x6478</run_address>
         <size>0x2c</size>
         <input_file_ref idref="fl-47"/>
      </object_component>
      <object_component id="oc-369">
         <name>.debug_info</name>
         <load_address>0x64a4</load_address>
         <run_address>0x64a4</run_address>
         <size>0xcd</size>
         <input_file_ref idref="fl-47"/>
      </object_component>
      <object_component id="oc-1bd">
         <name>.debug_info</name>
         <load_address>0x6571</load_address>
         <run_address>0x6571</run_address>
         <size>0x175</size>
         <input_file_ref idref="fl-48"/>
      </object_component>
      <object_component id="oc-129">
         <name>.debug_info</name>
         <load_address>0x66e6</load_address>
         <run_address>0x66e6</run_address>
         <size>0x1d2</size>
         <input_file_ref idref="fl-48"/>
      </object_component>
      <object_component id="oc-1b8">
         <name>.debug_info</name>
         <load_address>0x68b8</load_address>
         <run_address>0x68b8</run_address>
         <size>0x46</size>
         <input_file_ref idref="fl-48"/>
      </object_component>
      <object_component id="oc-16e">
         <name>.debug_info</name>
         <load_address>0x68fe</load_address>
         <run_address>0x68fe</run_address>
         <size>0x2c</size>
         <input_file_ref idref="fl-48"/>
      </object_component>
      <object_component id="oc-1c3">
         <name>.debug_info</name>
         <load_address>0x692a</load_address>
         <run_address>0x692a</run_address>
         <size>0x153</size>
         <input_file_ref idref="fl-4b"/>
      </object_component>
      <object_component id="oc-313">
         <name>.debug_info</name>
         <load_address>0x6a7d</load_address>
         <run_address>0x6a7d</run_address>
         <size>0x150</size>
         <input_file_ref idref="fl-4c"/>
      </object_component>
      <object_component id="oc-113">
         <name>.debug_info</name>
         <load_address>0x6bcd</load_address>
         <run_address>0x6bcd</run_address>
         <size>0x180</size>
         <input_file_ref idref="fl-4d"/>
      </object_component>
      <object_component id="oc-37">
         <name>.debug_info</name>
         <load_address>0x6d4d</load_address>
         <run_address>0x6d4d</run_address>
         <size>0x1ea</size>
         <input_file_ref idref="fl-4d"/>
      </object_component>
      <object_component id="oc-10e">
         <name>.debug_info</name>
         <load_address>0x6f37</load_address>
         <run_address>0x6f37</run_address>
         <size>0x46</size>
         <input_file_ref idref="fl-4d"/>
      </object_component>
      <object_component id="oc-173">
         <name>.debug_info</name>
         <load_address>0x6f7d</load_address>
         <run_address>0x6f7d</run_address>
         <size>0x2c</size>
         <input_file_ref idref="fl-4d"/>
      </object_component>
      <object_component id="oc-16b">
         <name>.debug_info</name>
         <load_address>0x6fa9</load_address>
         <run_address>0x6fa9</run_address>
         <size>0x176</size>
         <input_file_ref idref="fl-4e"/>
      </object_component>
      <object_component id="oc-32">
         <name>.debug_info</name>
         <load_address>0x711f</load_address>
         <run_address>0x711f</run_address>
         <size>0x292</size>
         <input_file_ref idref="fl-4e"/>
      </object_component>
      <object_component id="oc-fd">
         <name>.debug_info</name>
         <load_address>0x73b1</load_address>
         <run_address>0x73b1</run_address>
         <size>0x60</size>
         <input_file_ref idref="fl-4e"/>
      </object_component>
      <object_component id="oc-1e1">
         <name>.debug_info</name>
         <load_address>0x7411</load_address>
         <run_address>0x7411</run_address>
         <size>0x46</size>
         <input_file_ref idref="fl-4e"/>
      </object_component>
      <object_component id="oc-166">
         <name>.debug_info</name>
         <load_address>0x7457</load_address>
         <run_address>0x7457</run_address>
         <size>0x39</size>
         <input_file_ref idref="fl-4e"/>
      </object_component>
      <object_component id="oc-258">
         <name>.debug_info</name>
         <load_address>0x7490</load_address>
         <run_address>0x7490</run_address>
         <size>0x122</size>
         <input_file_ref idref="fl-4f"/>
      </object_component>
      <object_component id="oc-16d">
         <name>.debug_info</name>
         <load_address>0x75b2</load_address>
         <run_address>0x75b2</run_address>
         <size>0x181</size>
         <input_file_ref idref="fl-52"/>
      </object_component>
      <object_component id="oc-108">
         <name>.debug_info</name>
         <load_address>0x7733</load_address>
         <run_address>0x7733</run_address>
         <size>0x17a</size>
         <input_file_ref idref="fl-52"/>
      </object_component>
      <object_component id="oc-f4">
         <name>.debug_info</name>
         <load_address>0x78ad</load_address>
         <run_address>0x78ad</run_address>
         <size>0x120</size>
         <input_file_ref idref="fl-53"/>
      </object_component>
      <object_component id="oc-3cd">
         <name>.debug_info</name>
         <load_address>0x79cd</load_address>
         <run_address>0x79cd</run_address>
         <size>0xa0</size>
      </object_component>
      <object_component id="oc-1fd">
         <name>.debug_line</name>
         <load_address>0x0</load_address>
         <run_address>0x0</run_address>
         <size>0x232</size>
         <input_file_ref idref="fl-2"/>
      </object_component>
      <object_component id="oc-213">
         <name>.debug_line</name>
         <load_address>0x232</load_address>
         <run_address>0x232</run_address>
         <size>0x2d</size>
         <input_file_ref idref="fl-2"/>
      </object_component>
      <object_component id="oc-1f7">
         <name>.debug_line</name>
         <load_address>0x25f</load_address>
         <run_address>0x25f</run_address>
         <size>0x2d</size>
         <input_file_ref idref="fl-2"/>
      </object_component>
      <object_component id="oc-215">
         <name>.debug_line</name>
         <load_address>0x28c</load_address>
         <run_address>0x28c</run_address>
         <size>0x2d</size>
         <input_file_ref idref="fl-2"/>
      </object_component>
      <object_component id="oc-2f8">
         <name>.debug_line</name>
         <load_address>0x2b9</load_address>
         <run_address>0x2b9</run_address>
         <size>0x2d</size>
         <input_file_ref idref="fl-2"/>
      </object_component>
      <object_component id="oc-346">
         <name>.debug_line</name>
         <load_address>0x2e6</load_address>
         <run_address>0x2e6</run_address>
         <size>0x2d</size>
         <input_file_ref idref="fl-2"/>
      </object_component>
      <object_component id="oc-33b">
         <name>.debug_line</name>
         <load_address>0x313</load_address>
         <run_address>0x313</run_address>
         <size>0x2d</size>
         <input_file_ref idref="fl-2"/>
      </object_component>
      <object_component id="oc-225">
         <name>.debug_line</name>
         <load_address>0x340</load_address>
         <run_address>0x340</run_address>
         <size>0x43</size>
         <input_file_ref idref="fl-2"/>
      </object_component>
      <object_component id="oc-22c">
         <name>.debug_line</name>
         <load_address>0x383</load_address>
         <run_address>0x383</run_address>
         <size>0x4a</size>
         <input_file_ref idref="fl-2"/>
      </object_component>
      <object_component id="oc-232">
         <name>.debug_line</name>
         <load_address>0x3cd</load_address>
         <run_address>0x3cd</run_address>
         <size>0x4d</size>
         <input_file_ref idref="fl-2"/>
      </object_component>
      <object_component id="oc-234">
         <name>.debug_line</name>
         <load_address>0x41a</load_address>
         <run_address>0x41a</run_address>
         <size>0x5f</size>
         <input_file_ref idref="fl-2"/>
      </object_component>
      <object_component id="oc-1ca">
         <name>.debug_line</name>
         <load_address>0x479</load_address>
         <run_address>0x479</run_address>
         <size>0xc6</size>
         <input_file_ref idref="fl-2"/>
      </object_component>
      <object_component id="oc-120">
         <name>.debug_line</name>
         <load_address>0x53f</load_address>
         <run_address>0x53f</run_address>
         <size>0x78</size>
         <input_file_ref idref="fl-2"/>
      </object_component>
      <object_component id="oc-11a">
         <name>.debug_line</name>
         <load_address>0x5b7</load_address>
         <run_address>0x5b7</run_address>
         <size>0x51</size>
         <input_file_ref idref="fl-2"/>
      </object_component>
      <object_component id="oc-20b">
         <name>.debug_line</name>
         <load_address>0x608</load_address>
         <run_address>0x608</run_address>
         <size>0x72</size>
         <input_file_ref idref="fl-2"/>
      </object_component>
      <object_component id="oc-201">
         <name>.debug_line</name>
         <load_address>0x67a</load_address>
         <run_address>0x67a</run_address>
         <size>0x72</size>
         <input_file_ref idref="fl-2"/>
      </object_component>
      <object_component id="oc-210">
         <name>.debug_line</name>
         <load_address>0x6ec</load_address>
         <run_address>0x6ec</run_address>
         <size>0x2d</size>
         <input_file_ref idref="fl-2"/>
      </object_component>
      <object_component id="oc-206">
         <name>.debug_line</name>
         <load_address>0x719</load_address>
         <run_address>0x719</run_address>
         <size>0x6b</size>
         <input_file_ref idref="fl-2"/>
      </object_component>
      <object_component id="oc-1b5">
         <name>.debug_line</name>
         <load_address>0x784</load_address>
         <run_address>0x784</run_address>
         <size>0x20</size>
         <input_file_ref idref="fl-2"/>
      </object_component>
      <object_component id="oc-29a">
         <name>.debug_line</name>
         <load_address>0x7a4</load_address>
         <run_address>0x7a4</run_address>
         <size>0x76</size>
         <input_file_ref idref="fl-2"/>
      </object_component>
      <object_component id="oc-1f3">
         <name>.debug_line</name>
         <load_address>0x81a</load_address>
         <run_address>0x81a</run_address>
         <size>0x73</size>
         <input_file_ref idref="fl-2"/>
      </object_component>
      <object_component id="oc-2b4">
         <name>.debug_line</name>
         <load_address>0x88d</load_address>
         <run_address>0x88d</run_address>
         <size>0x5e</size>
         <input_file_ref idref="fl-3"/>
      </object_component>
      <object_component id="oc-105">
         <name>.debug_line</name>
         <load_address>0x8eb</load_address>
         <run_address>0x8eb</run_address>
         <size>0x20</size>
         <input_file_ref idref="fl-3"/>
      </object_component>
      <object_component id="oc-37c">
         <name>.debug_line</name>
         <load_address>0x90b</load_address>
         <run_address>0x90b</run_address>
         <size>0x20</size>
         <input_file_ref idref="fl-6"/>
      </object_component>
      <object_component id="oc-1aa">
         <name>.debug_line</name>
         <load_address>0x92b</load_address>
         <run_address>0x92b</run_address>
         <size>0x5f</size>
         <input_file_ref idref="fl-6"/>
      </object_component>
      <object_component id="oc-1af">
         <name>.debug_line</name>
         <load_address>0x98a</load_address>
         <run_address>0x98a</run_address>
         <size>0x5f</size>
         <input_file_ref idref="fl-6"/>
      </object_component>
      <object_component id="oc-2c6">
         <name>.debug_line</name>
         <load_address>0x9e9</load_address>
         <run_address>0x9e9</run_address>
         <size>0x60</size>
         <input_file_ref idref="fl-6"/>
      </object_component>
      <object_component id="oc-2c0">
         <name>.debug_line</name>
         <load_address>0xa49</load_address>
         <run_address>0xa49</run_address>
         <size>0x61</size>
         <input_file_ref idref="fl-6"/>
      </object_component>
      <object_component id="oc-2d8">
         <name>.debug_line</name>
         <load_address>0xaaa</load_address>
         <run_address>0xaaa</run_address>
         <size>0x5f</size>
         <input_file_ref idref="fl-6"/>
      </object_component>
      <object_component id="oc-2c9">
         <name>.debug_line</name>
         <load_address>0xb09</load_address>
         <run_address>0xb09</run_address>
         <size>0x5c</size>
         <input_file_ref idref="fl-6"/>
      </object_component>
      <object_component id="oc-2d2">
         <name>.debug_line</name>
         <load_address>0xb65</load_address>
         <run_address>0xb65</run_address>
         <size>0x5f</size>
         <input_file_ref idref="fl-6"/>
      </object_component>
      <object_component id="oc-2a3">
         <name>.debug_line</name>
         <load_address>0xbc4</load_address>
         <run_address>0xbc4</run_address>
         <size>0x64</size>
         <input_file_ref idref="fl-8"/>
      </object_component>
      <object_component id="oc-37e">
         <name>.debug_line</name>
         <load_address>0xc28</load_address>
         <run_address>0xc28</run_address>
         <size>0x20</size>
         <input_file_ref idref="fl-9"/>
      </object_component>
      <object_component id="oc-34b">
         <name>.debug_line</name>
         <load_address>0xc48</load_address>
         <run_address>0xc48</run_address>
         <size>0x42</size>
         <input_file_ref idref="fl-9"/>
      </object_component>
      <object_component id="oc-251">
         <name>.debug_line</name>
         <load_address>0xc8a</load_address>
         <run_address>0xc8a</run_address>
         <size>0x61</size>
         <input_file_ref idref="fl-9"/>
      </object_component>
      <object_component id="oc-244">
         <name>.debug_line</name>
         <load_address>0xceb</load_address>
         <run_address>0xceb</run_address>
         <size>0x61</size>
         <input_file_ref idref="fl-9"/>
      </object_component>
      <object_component id="oc-23e">
         <name>.debug_line</name>
         <load_address>0xd4c</load_address>
         <run_address>0xd4c</run_address>
         <size>0x61</size>
         <input_file_ref idref="fl-9"/>
      </object_component>
      <object_component id="oc-2b8">
         <name>.debug_line</name>
         <load_address>0xdad</load_address>
         <run_address>0xdad</run_address>
         <size>0x6c</size>
         <input_file_ref idref="fl-9"/>
      </object_component>
      <object_component id="oc-2a8">
         <name>.debug_line</name>
         <load_address>0xe19</load_address>
         <run_address>0xe19</run_address>
         <size>0x63</size>
         <input_file_ref idref="fl-9"/>
      </object_component>
      <object_component id="oc-29d">
         <name>.debug_line</name>
         <load_address>0xe7c</load_address>
         <run_address>0xe7c</run_address>
         <size>0x20</size>
         <input_file_ref idref="fl-c"/>
      </object_component>
      <object_component id="oc-2f1">
         <name>.debug_line</name>
         <load_address>0xe9c</load_address>
         <run_address>0xe9c</run_address>
         <size>0x5b</size>
         <input_file_ref idref="fl-c"/>
      </object_component>
      <object_component id="oc-2e9">
         <name>.debug_line</name>
         <load_address>0xef7</load_address>
         <run_address>0xef7</run_address>
         <size>0x5e</size>
         <input_file_ref idref="fl-c"/>
      </object_component>
      <object_component id="oc-2e0">
         <name>.debug_line</name>
         <load_address>0xf55</load_address>
         <run_address>0xf55</run_address>
         <size>0x5f</size>
         <input_file_ref idref="fl-c"/>
      </object_component>
      <object_component id="oc-17d">
         <name>.debug_line</name>
         <load_address>0xfb4</load_address>
         <run_address>0xfb4</run_address>
         <size>0x6f</size>
         <input_file_ref idref="fl-c"/>
      </object_component>
      <object_component id="oc-2ec">
         <name>.debug_line</name>
         <load_address>0x1023</load_address>
         <run_address>0x1023</run_address>
         <size>0x65</size>
         <input_file_ref idref="fl-c"/>
      </object_component>
      <object_component id="oc-21d">
         <name>.debug_line</name>
         <load_address>0x1088</load_address>
         <run_address>0x1088</run_address>
         <size>0x57</size>
         <input_file_ref idref="fl-10"/>
      </object_component>
      <object_component id="oc-334">
         <name>.debug_line</name>
         <load_address>0x10df</load_address>
         <run_address>0x10df</run_address>
         <size>0x64</size>
         <input_file_ref idref="fl-2d"/>
      </object_component>
      <object_component id="oc-fb">
         <name>.debug_line</name>
         <load_address>0x1143</load_address>
         <run_address>0x1143</run_address>
         <size>0x40</size>
         <input_file_ref idref="fl-2e"/>
      </object_component>
      <object_component id="oc-192">
         <name>.debug_line</name>
         <load_address>0x1183</load_address>
         <run_address>0x1183</run_address>
         <size>0x83</size>
         <input_file_ref idref="fl-2f"/>
      </object_component>
      <object_component id="oc-197">
         <name>.debug_line</name>
         <load_address>0x1206</load_address>
         <run_address>0x1206</run_address>
         <size>0x94</size>
         <input_file_ref idref="fl-30"/>
      </object_component>
      <object_component id="oc-24c">
         <name>.debug_line</name>
         <load_address>0x129a</load_address>
         <run_address>0x129a</run_address>
         <size>0x68</size>
         <input_file_ref idref="fl-31"/>
      </object_component>
      <object_component id="oc-18b">
         <name>.debug_line</name>
         <load_address>0x1302</load_address>
         <run_address>0x1302</run_address>
         <size>0x54</size>
         <input_file_ref idref="fl-32"/>
      </object_component>
      <object_component id="oc-118">
         <name>.debug_line</name>
         <load_address>0x1356</load_address>
         <run_address>0x1356</run_address>
         <size>0x3d</size>
         <input_file_ref idref="fl-3d"/>
      </object_component>
      <object_component id="oc-f1">
         <name>.debug_line</name>
         <load_address>0x1393</load_address>
         <run_address>0x1393</run_address>
         <size>0x4e</size>
         <input_file_ref idref="fl-3e"/>
      </object_component>
      <object_component id="oc-1ee">
         <name>.debug_line</name>
         <load_address>0x13e1</load_address>
         <run_address>0x13e1</run_address>
         <size>0x56</size>
         <input_file_ref idref="fl-3f"/>
      </object_component>
      <object_component id="oc-188">
         <name>.debug_line</name>
         <load_address>0x1437</load_address>
         <run_address>0x1437</run_address>
         <size>0x4b</size>
         <input_file_ref idref="fl-43"/>
      </object_component>
      <object_component id="oc-162">
         <name>.debug_line</name>
         <load_address>0x1482</load_address>
         <run_address>0x1482</run_address>
         <size>0x2a</size>
         <input_file_ref idref="fl-46"/>
      </object_component>
      <object_component id="oc-13b">
         <name>.debug_line</name>
         <load_address>0x14ac</load_address>
         <run_address>0x14ac</run_address>
         <size>0x46</size>
         <input_file_ref idref="fl-46"/>
      </object_component>
      <object_component id="oc-363">
         <name>.debug_line</name>
         <load_address>0x14f2</load_address>
         <run_address>0x14f2</run_address>
         <size>0xbf</size>
         <input_file_ref idref="fl-47"/>
      </object_component>
      <object_component id="oc-267">
         <name>.debug_line</name>
         <load_address>0x15b1</load_address>
         <run_address>0x15b1</run_address>
         <size>0x76</size>
         <input_file_ref idref="fl-47"/>
      </object_component>
      <object_component id="oc-367">
         <name>.debug_line</name>
         <load_address>0x1627</load_address>
         <run_address>0x1627</run_address>
         <size>0x2e</size>
         <input_file_ref idref="fl-47"/>
      </object_component>
      <object_component id="oc-378">
         <name>.debug_line</name>
         <load_address>0x1655</load_address>
         <run_address>0x1655</run_address>
         <size>0x9a</size>
         <input_file_ref idref="fl-47"/>
      </object_component>
      <object_component id="oc-327">
         <name>.debug_line</name>
         <load_address>0x16ef</load_address>
         <run_address>0x16ef</run_address>
         <size>0x97</size>
         <input_file_ref idref="fl-47"/>
      </object_component>
      <object_component id="oc-36c">
         <name>.debug_line</name>
         <load_address>0x1786</load_address>
         <run_address>0x1786</run_address>
         <size>0x93</size>
         <input_file_ref idref="fl-47"/>
      </object_component>
      <object_component id="oc-219">
         <name>.debug_line</name>
         <load_address>0x1819</load_address>
         <run_address>0x1819</run_address>
         <size>0x20</size>
         <input_file_ref idref="fl-48"/>
      </object_component>
      <object_component id="oc-128">
         <name>.debug_line</name>
         <load_address>0x1839</load_address>
         <run_address>0x1839</run_address>
         <size>0x4a</size>
         <input_file_ref idref="fl-48"/>
      </object_component>
      <object_component id="oc-1bb">
         <name>.debug_line</name>
         <load_address>0x1883</load_address>
         <run_address>0x1883</run_address>
         <size>0x34</size>
         <input_file_ref idref="fl-48"/>
      </object_component>
      <object_component id="oc-171">
         <name>.debug_line</name>
         <load_address>0x18b7</load_address>
         <run_address>0x18b7</run_address>
         <size>0x92</size>
         <input_file_ref idref="fl-48"/>
      </object_component>
      <object_component id="oc-1c0">
         <name>.debug_line</name>
         <load_address>0x1949</load_address>
         <run_address>0x1949</run_address>
         <size>0x3e</size>
         <input_file_ref idref="fl-4b"/>
      </object_component>
      <object_component id="oc-316">
         <name>.debug_line</name>
         <load_address>0x1987</load_address>
         <run_address>0x1987</run_address>
         <size>0x3a</size>
         <input_file_ref idref="fl-4c"/>
      </object_component>
      <object_component id="oc-179">
         <name>.debug_line</name>
         <load_address>0x19c1</load_address>
         <run_address>0x19c1</run_address>
         <size>0x20</size>
         <input_file_ref idref="fl-4d"/>
      </object_component>
      <object_component id="oc-3b">
         <name>.debug_line</name>
         <load_address>0x19e1</load_address>
         <run_address>0x19e1</run_address>
         <size>0x50</size>
         <input_file_ref idref="fl-4d"/>
      </object_component>
      <object_component id="oc-111">
         <name>.debug_line</name>
         <load_address>0x1a31</load_address>
         <run_address>0x1a31</run_address>
         <size>0x3a</size>
         <input_file_ref idref="fl-4d"/>
      </object_component>
      <object_component id="oc-176">
         <name>.debug_line</name>
         <load_address>0x1a6b</load_address>
         <run_address>0x1a6b</run_address>
         <size>0x92</size>
         <input_file_ref idref="fl-4d"/>
      </object_component>
      <object_component id="oc-1e7">
         <name>.debug_line</name>
         <load_address>0x1afd</load_address>
         <run_address>0x1afd</run_address>
         <size>0x20</size>
         <input_file_ref idref="fl-4e"/>
      </object_component>
      <object_component id="oc-31">
         <name>.debug_line</name>
         <load_address>0x1b1d</load_address>
         <run_address>0x1b1d</run_address>
         <size>0x92</size>
         <input_file_ref idref="fl-4e"/>
      </object_component>
      <object_component id="oc-100">
         <name>.debug_line</name>
         <load_address>0x1baf</load_address>
         <run_address>0x1baf</run_address>
         <size>0x3a</size>
         <input_file_ref idref="fl-4e"/>
      </object_component>
      <object_component id="oc-1e4">
         <name>.debug_line</name>
         <load_address>0x1be9</load_address>
         <run_address>0x1be9</run_address>
         <size>0x9a</size>
         <input_file_ref idref="fl-4e"/>
      </object_component>
      <object_component id="oc-169">
         <name>.debug_line</name>
         <load_address>0x1c83</load_address>
         <run_address>0x1c83</run_address>
         <size>0x96</size>
         <input_file_ref idref="fl-4e"/>
      </object_component>
      <object_component id="oc-25b">
         <name>.debug_line</name>
         <load_address>0x1d19</load_address>
         <run_address>0x1d19</run_address>
         <size>0x3d</size>
         <input_file_ref idref="fl-4f"/>
      </object_component>
      <object_component id="oc-1e9">
         <name>.debug_line</name>
         <load_address>0x1d56</load_address>
         <run_address>0x1d56</run_address>
         <size>0x20</size>
         <input_file_ref idref="fl-52"/>
      </object_component>
      <object_component id="oc-10b">
         <name>.debug_line</name>
         <load_address>0x1d76</load_address>
         <run_address>0x1d76</run_address>
         <size>0x42</size>
         <input_file_ref idref="fl-52"/>
      </object_component>
      <object_component id="oc-f6">
         <name>.debug_line</name>
         <load_address>0x1db8</load_address>
         <run_address>0x1db8</run_address>
         <size>0x5e</size>
         <input_file_ref idref="fl-53"/>
      </object_component>
      <object_component id="oc-226">
         <name>.debug_frame</name>
         <load_address>0x0</load_address>
         <run_address>0x0</run_address>
         <size>0x40</size>
         <input_file_ref idref="fl-2"/>
      </object_component>
      <object_component id="oc-228">
         <name>.debug_frame</name>
         <load_address>0x40</load_address>
         <run_address>0x40</run_address>
         <size>0x3c</size>
         <input_file_ref idref="fl-2"/>
      </object_component>
      <object_component id="oc-231">
         <name>.debug_frame</name>
         <load_address>0x7c</load_address>
         <run_address>0x7c</run_address>
         <size>0x40</size>
         <input_file_ref idref="fl-2"/>
      </object_component>
      <object_component id="oc-235">
         <name>.debug_frame</name>
         <load_address>0xbc</load_address>
         <run_address>0xbc</run_address>
         <size>0x40</size>
         <input_file_ref idref="fl-2"/>
      </object_component>
      <object_component id="oc-1c6">
         <name>.debug_frame</name>
         <load_address>0xfc</load_address>
         <run_address>0xfc</run_address>
         <size>0x48</size>
         <input_file_ref idref="fl-2"/>
      </object_component>
      <object_component id="oc-124">
         <name>.debug_frame</name>
         <load_address>0x144</load_address>
         <run_address>0x144</run_address>
         <size>0x64</size>
         <input_file_ref idref="fl-2"/>
      </object_component>
      <object_component id="oc-11e">
         <name>.debug_frame</name>
         <load_address>0x1a8</load_address>
         <run_address>0x1a8</run_address>
         <size>0x64</size>
         <input_file_ref idref="fl-2"/>
      </object_component>
      <object_component id="oc-2b5">
         <name>.debug_frame</name>
         <load_address>0x20c</load_address>
         <run_address>0x20c</run_address>
         <size>0x3c</size>
         <input_file_ref idref="fl-3"/>
      </object_component>
      <object_component id="oc-1a9">
         <name>.debug_frame</name>
         <load_address>0x248</load_address>
         <run_address>0x248</run_address>
         <size>0x3c</size>
         <input_file_ref idref="fl-6"/>
      </object_component>
      <object_component id="oc-1b0">
         <name>.debug_frame</name>
         <load_address>0x284</load_address>
         <run_address>0x284</run_address>
         <size>0x3c</size>
         <input_file_ref idref="fl-6"/>
      </object_component>
      <object_component id="oc-2c7">
         <name>.debug_frame</name>
         <load_address>0x2c0</load_address>
         <run_address>0x2c0</run_address>
         <size>0x3c</size>
         <input_file_ref idref="fl-6"/>
      </object_component>
      <object_component id="oc-2c1">
         <name>.debug_frame</name>
         <load_address>0x2fc</load_address>
         <run_address>0x2fc</run_address>
         <size>0x3c</size>
         <input_file_ref idref="fl-6"/>
      </object_component>
      <object_component id="oc-2d9">
         <name>.debug_frame</name>
         <load_address>0x338</load_address>
         <run_address>0x338</run_address>
         <size>0x3c</size>
         <input_file_ref idref="fl-6"/>
      </object_component>
      <object_component id="oc-2cd">
         <name>.debug_frame</name>
         <load_address>0x374</load_address>
         <run_address>0x374</run_address>
         <size>0x3c</size>
         <input_file_ref idref="fl-6"/>
      </object_component>
      <object_component id="oc-2d3">
         <name>.debug_frame</name>
         <load_address>0x3b0</load_address>
         <run_address>0x3b0</run_address>
         <size>0x3c</size>
         <input_file_ref idref="fl-6"/>
      </object_component>
[...]
         <name>CMD1Length</name>
         <value>0x2dd</value>
      </symbol>
      <symbol id="sm-17e">
         <name>CMD2Data</name>
         <value>0x296</value>
      </symbol>
      <symbol id="sm-17f">
         <name>CMD2Length</name>
         <value>0x2e0</value>
      </symbol>
      <symbol id="sm-180">
         <name>CMDDataPtr</name>
         <value>0x2de</value>
      </symbol>
      <symbol id="sm-181">
         <name>CMDLength</name>
         <value>0x2e2</value>
      </symbol>
      <symbol id="sm-182">
         <name>CMDIndex</name>
         <value>0x2e1</value>
      </symbol>
      <symbol id="sm-183">
         <name>__TI_int08</name>
         <value>0xfff0</value>
         <object_component_ref idref="oc-41"/>
      </symbol>
      <symbol id="sm-184">
         <name>__TI_int07</name>
         <value>0xffee</value>
         <object_component_ref idref="oc-40"/>
      </symbol>
      <symbol id="sm-185">
         <name>init_sd24</name>
         <value>0x8456</value>
         <object_component_ref idref="oc-233"/>
      </symbol>
      <symbol id="sm-186">
         <name>init_gpio</name>
         <value>0x881a</value>
         <object_component_ref idref="oc-227"/>
      </symbol>
      <symbol id="sm-187">
         <name>i</name>
         <value>0x2e4</value>
         <object_component_ref idref="oc-239"/>
      </symbol>
      <symbol id="sm-188">
         <name>init_i2c</name>
         <value>0x8716</value>
         <object_component_ref idref="oc-22d"/>
      </symbol>
      <symbol id="sm-189">
         <name>SD24_ISR</name>
         <value>0x839e</value>
         <object_component_ref idref="oc-119"/>
      </symbol>
      <symbol id="sm-18a">
         <name>ProtectionFlag</name>
         <value>0x2f2</value>
         <object_component_ref idref="oc-239"/>
      </symbol>
      <symbol id="sm-18b">
         <name>main</name>
         <value>0x8000</value>
         <object_component_ref idref="oc-1c5"/>
      </symbol>
      <symbol id="sm-18c">
         <name>USCIB0_ISR</name>
         <value>0x82dc</value>
         <object_component_ref idref="oc-11f"/>
      </symbol>
      <symbol id="sm-18d">
         <name>LEDTime</name>
         <value>0x2f0</value>
         <object_component_ref idref="oc-239"/>
      </symbol>
      <symbol id="sm-18e">
         <name>init_flash</name>
         <value>0x8ae4</value>
         <object_component_ref idref="oc-221"/>
      </symbol>
      <symbol id="sm-18f">
         <name>vOffset1</name>
         <value>0x2ea</value>
         <object_component_ref idref="oc-239"/>
      </symbol>
      <symbol id="sm-190">
         <name>vOffset3</name>
         <value>0x2ee</value>
         <object_component_ref idref="oc-239"/>
      </symbol>
      <symbol id="sm-191">
         <name>vOffset2</name>
         <value>0x2ec</value>
         <object_component_ref idref="oc-239"/>
      </symbol>
      <symbol id="sm-192">
         <name>polarity</name>
         <value>0x2e6</value>
         <object_component_ref idref="oc-239"/>
      </symbol>
      <symbol id="sm-193">
         <name>currentLimit</name>
         <value>0x2e8</value>
         <object_component_ref idref="oc-239"/>
      </symbol>
      <symbol id="sm-1a3">
         <name>CS_setupDCO</name>
         <value>0x89d2</value>
         <object_component_ref idref="oc-2b0"/>
      </symbol>
      <symbol id="sm-1db">
         <name>EUSCI_B_I2C_clearInterrupt</name>
         <value>0x8bf4</value>
         <object_component_ref idref="oc-2ce"/>
      </symbol>
      <symbol id="sm-1dc">
         <name>EUSCI_B_I2C_initSlave</name>
         <value>0x8a5a</value>
         <object_component_ref idref="oc-2bc"/>
      </symbol>
      <symbol id="sm-1dd">
         <name>EUSCI_B_I2C_setMode</name>
         <value>0x8bd0</value>
         <object_component_ref idref="oc-2c2"/>
      </symbol>
      <symbol id="sm-1de">
         <name>EUSCI_B_I2C_slaveGetData</name>
         <value>0x8bdc</value>
         <object_component_ref idref="oc-1ab"/>
      </symbol>
      <symbol id="sm-1df">
         <name>EUSCI_B_I2C_enableInterrupt</name>
         <value>0x8c00</value>
         <object_component_ref idref="oc-2d4"/>
      </symbol>
      <symbol id="sm-1e0">
         <name>EUSCI_B_I2C_enable</name>
         <value>0x8bfa</value>
         <object_component_ref idref="oc-2c8"/>
      </symbol>
      <symbol id="sm-1e1">
         <name>EUSCI_B_I2C_slavePutData</name>
         <value>0x8be4</value>
         <object_component_ref idref="oc-1a5"/>
      </symbol>
      <symbol id="sm-1ed">
         <name>FlashCtl_setupClock</name>
         <value>0x896a</value>
         <object_component_ref idref="oc-29f"/>
      </symbol>
      <symbol id="sm-223">
         <name>GPIO_setOutputHighOnPin</name>
         <value>0x8b1e</value>
         <object_component_ref idref="oc-23c"/>
      </symbol>
      <symbol id="sm-224">
         <name>GPIO_setAsOutputPin</name>
         <value>0x8ac6</value>
         <object_component_ref idref="oc-2a6"/>
      </symbol>
      <symbol id="sm-225">
         <name>GPIO_setOutputLowOnPin</name>
         <value>0x8b34</value>
         <object_component_ref idref="oc-242"/>
      </symbol>
      <symbol id="sm-226">
         <name>GPIO_toggleOutputOnPin</name>
         <value>0x8b4a</value>
         <object_component_ref idref="oc-250"/>
      </symbol>
      <symbol id="sm-227">
         <name>GPIO_setAsPeripheralModuleFunctionInputPin</name>
         <value>0x88ec</value>
         <object_component_ref idref="oc-2b6"/>
      </symbol>
      <symbol id="sm-259">
         <name>SD24_getResults</name>
         <value>0x85a6</value>
         <object_component_ref idref="oc-17b"/>
      </symbol>
      <symbol id="sm-25a">
         <name>SD24_init</name>
         <value>0x8aa2</value>
         <object_component_ref idref="oc-2db"/>
      </symbol>
      <symbol id="sm-25b">
         <name>SD24_enableInterrupt</name>
         <value>0x8a7e</value>
         <object_component_ref idref="oc-2ea"/>
      </symbol>
      <symbol id="sm-25c">
         <name>SD24_startConverterConversion</name>
         <value>0x8b8a</value>
         <object_component_ref idref="oc-2f0"/>
      </symbol>
      <symbol id="sm-25d">
         <name>SD24_initConverterAdvanced</name>
         <value>0x8864</value>
         <object_component_ref idref="oc-2e4"/>
      </symbol>
      <symbol id="sm-269">
         <name>WDT_hold</name>
         <value>0x8b60</value>
         <object_component_ref idref="oc-21b"/>
      </symbol>
      <symbol id="sm-279">
         <name>__mspabi_remul</name>
         <value>0x8776</value>
         <object_component_ref idref="oc-333"/>
      </symbol>
      <symbol id="sm-27a">
         <name>__mspabi_divul</name>
         <value>0x8776</value>
         <object_component_ref idref="oc-333"/>
      </symbol>
      <symbol id="sm-283">
         <name>__mspabi_func_epilog_2</name>
         <value>0x8bca</value>
         <object_component_ref idref="oc-f7"/>
      </symbol>
      <symbol id="sm-284">
         <name>__mspabi_func_epilog_3</name>
         <value>0x8bc8</value>
         <object_component_ref idref="oc-f7"/>
      </symbol>
      <symbol id="sm-285">
         <name>__mspabi_func_epilog_1</name>
         <value>0x8bcc</value>
         <object_component_ref idref="oc-f7"/>
      </symbol>
      <symbol id="sm-286">
         <name>__mspabi_func_epilog_6</name>
         <value>0x8bc2</value>
         <object_component_ref idref="oc-f7"/>
      </symbol>
      <symbol id="sm-287">
         <name>__mspabi_func_epilog_7</name>
         <value>0x8bc0</value>
         <object_component_ref idref="oc-f7"/>
      </symbol>
      <symbol id="sm-288">
         <name>__mspabi_func_epilog_4</name>
         <value>0x8bc6</value>
         <object_component_ref idref="oc-f7"/>
      </symbol>
      <symbol id="sm-289">
         <name>__mspabi_func_epilog_5</name>
         <value>0x8bc4</value>
         <object_component_ref idref="oc-f7"/>
      </symbol>
      <symbol id="sm-29b">
         <name>__mspabi_divf</name>
         <value>0x850a</value>
         <object_component_ref idref="oc-18e"/>
      </symbol>
      <symbol id="sm-2b2">
         <name>__mspabi_mpyf</name>
         <value>0x8218</value>
         <object_component_ref idref="oc-193"/>
      </symbol>
      <symbol id="sm-2c4">
         <name>__mspabi_fixfi</name>
         <value>0x86ae</value>
         <object_component_ref idref="oc-248"/>
      </symbol>
      <symbol id="sm-2d0">
         <name>__mspabi_fltulf</name>
         <value>0x89a0</value>
         <object_component_ref idref="oc-189"/>
      </symbol>
      <symbol id="sm-2d3">
         <name>__TI_int01</name>
         <value>0xffe2</value>
         <object_component_ref idref="oc-3c"/>
      </symbol>
      <symbol id="sm-2d6">
         <name>__TI_int04</name>
         <value>0xffe8</value>
         <object_component_ref idref="oc-3d"/>
      </symbol>
      <symbol id="sm-2d9">
         <name>__TI_int05</name>
         <value>0xffea</value>
         <object_component_ref idref="oc-3e"/>
      </symbol>
      <symbol id="sm-2dc">
         <name>__TI_int06</name>
         <value>0xffec</value>
         <object_component_ref idref="oc-3f"/>
      </symbol>
      <symbol id="sm-2df">
         <name>__TI_int09</name>
         <value>0xfff2</value>
         <object_component_ref idref="oc-42"/>
      </symbol>
      <symbol id="sm-2e2">
         <name>__TI_int10</name>
         <value>0xfff4</value>
         <object_component_ref idref="oc-43"/>
      </symbol>
      <symbol id="sm-2e5">
         <name>__TI_int11</name>
         <value>0xfff6</value>
         <object_component_ref idref="oc-44"/>
      </symbol>
      <symbol id="sm-2e8">
         <name>__TI_int12</name>
         <value>0xfff8</value>
         <object_component_ref idref="oc-45"/>
      </symbol>
      <symbol id="sm-2eb">
         <name>__TI_int13</name>
         <value>0xfffa</value>
         <object_component_ref idref="oc-46"/>
      </symbol>
      <symbol id="sm-2ee">
         <name>__TI_int14</name>
         <value>0xfffc</value>
         <object_component_ref idref="oc-47"/>
      </symbol>
      <symbol id="sm-2f6">
         <name>__TI_ISR_TRAP</name>
         <value>0x8bec</value>
         <object_component_ref idref="oc-114"/>
      </symbol>
      <symbol id="sm-2fe">
         <name>__mspabi_slli</name>
         <value>0x8a2e</value>
         <object_component_ref idref="oc-ed"/>
      </symbol>
      <symbol id="sm-2ff">
         <name>__mspabi_slli_9</name>
         <value>0x8a46</value>
         <object_component_ref idref="oc-ed"/>
      </symbol>
      <symbol id="sm-300">
         <name>__mspabi_slli_8</name>
         <value>0x8a48</value>
         <object_component_ref idref="oc-ed"/>
      </symbol>
      <symbol id="sm-301">
         <name>__mspabi_slli_7</name>
         <value>0x8a4a</value>
         <object_component_ref idref="oc-ed"/>
      </symbol>
      <symbol id="sm-302">
         <name>__mspabi_slli_6</name>
         <value>0x8a4c</value>
         <object_component_ref idref="oc-ed"/>
      </symbol>
      <symbol id="sm-303">
         <name>__mspabi_slli_5</name>
         <value>0x8a4e</value>
         <object_component_ref idref="oc-ed"/>
      </symbol>
      <symbol id="sm-304">
         <name>__mspabi_slli_4</name>
         <value>0x8a50</value>
         <object_component_ref idref="oc-ed"/>
      </symbol>
      <symbol id="sm-305">
         <name>__mspabi_slli_3</name>
         <value>0x8a52</value>
         <object_component_ref idref="oc-ed"/>
      </symbol>
      <symbol id="sm-306">
         <name>__mspabi_slli_2</name>
         <value>0x8a54</value>
         <object_component_ref idref="oc-ed"/>
      </symbol>
      <symbol id="sm-307">
         <name>__mspabi_slli_1</name>
         <value>0x8a56</value>
         <object_component_ref idref="oc-ed"/>
      </symbol>
      <symbol id="sm-308">
         <name>__mspabi_slli_15</name>
         <value>0x8a3a</value>
         <object_component_ref idref="oc-ed"/>
      </symbol>
      <symbol id="sm-309">
         <name>__mspabi_slli_14</name>
         <value>0x8a3c</value>
         <object_component_ref idref="oc-ed"/>
      </symbol>
      <symbol id="sm-30a">
         <name>__mspabi_slli_13</name>
         <value>0x8a3e</value>
         <object_component_ref idref="oc-ed"/>
      </symbol>
      <symbol id="sm-30b">
         <name>__mspabi_slli_12</name>
         <value>0x8a40</value>
         <object_component_ref idref="oc-ed"/>
      </symbol>
      <symbol id="sm-30c">
         <name>__mspabi_slli_11</name>
         <value>0x8a42</value>
         <object_component_ref idref="oc-ed"/>
      </symbol>
      <symbol id="sm-30d">
         <name>__mspabi_slli_10</name>
         <value>0x8a44</value>
         <object_component_ref idref="oc-ed"/>
      </symbol>
      <symbol id="sm-315">
         <name>__mspabi_slll_9</name>
         <value>0x8944</value>
         <object_component_ref idref="oc-1ea"/>
      </symbol>
      <symbol id="sm-316">
         <name>__mspabi_slll_8</name>
         <value>0x8948</value>
         <object_component_ref idref="oc-1ea"/>
      </symbol>
      <symbol id="sm-317">
         <name>__mspabi_slll_7</name>
         <value>0x894c</value>
         <object_component_ref idref="oc-1ea"/>
      </symbol>
      <symbol id="sm-318">
         <name>__mspabi_slll_6</name>
         <value>0x8950</value>
         <object_component_ref idref="oc-1ea"/>
      </symbol>
      <symbol id="sm-319">
         <name>__mspabi_slll_5</name>
         <value>0x8954</value>
         <object_component_ref idref="oc-1ea"/>
      </symbol>
      <symbol id="sm-31a">
         <name>__mspabi_slll_4</name>
         <value>0x8958</value>
         <object_component_ref idref="oc-1ea"/>
      </symbol>
      <symbol id="sm-31b">
         <name>__mspabi_slll_3</name>
         <value>0x895c</value>
         <object_component_ref idref="oc-1ea"/>
      </symbol>
      <symbol id="sm-31c">
         <name>__mspabi_slll_2</name>
         <value>0x8960</value>
         <object_component_ref idref="oc-1ea"/>
      </symbol>
      <symbol id="sm-31d">
         <name>__mspabi_slll_1</name>
         <value>0x8964</value>
         <object_component_ref idref="oc-1ea"/>
      </symbol>
      <symbol id="sm-31e">
         <name>__mspabi_slll_15</name>
         <value>0x892c</value>
         <object_component_ref idref="oc-1ea"/>
      </symbol>
      <symbol id="sm-31f">
         <name>__mspabi_slll_14</name>
         <value>0x8930</value>
         <object_component_ref idref="oc-1ea"/>
      </symbol>
      <symbol id="sm-320">
         <name>__mspabi_slll_13</name>
         <value>0x8934</value>
         <object_component_ref idref="oc-1ea"/>
      </symbol>
      <symbol id="sm-321">
         <name>__mspabi_slll_12</name>
         <value>0x8938</value>
         <object_component_ref idref="oc-1ea"/>
      </symbol>
      <symbol id="sm-322">
         <name>__mspabi_slll_11</name>
         <value>0x893c</value>
         <object_component_ref idref="oc-1ea"/>
      </symbol>
      <symbol id="sm-323">
         <name>__mspabi_slll_10</name>
         <value>0x8940</value>
         <object_component_ref idref="oc-1ea"/>
      </symbol>
      <symbol id="sm-32e">
         <name>__mspabi_mpyl_hw</name>
         <value>0x8a00</value>
         <object_component_ref idref="oc-184"/>
      </symbol>
      <symbol id="sm-340">
         <name>_stack</name>
         <value>0x9b0</value>
         <object_component_ref idref="oc-e9"/>
      </symbol>
      <symbol id="sm-341">
         <name>_c_int00_noargs</name>
         <value>0x8b02</value>
         <object_component_ref idref="oc-137"/>
      </symbol>
      <symbol id="sm-342">
         <name>_reset_vector</name>
         <value>0xfffe</value>
         <object_component_ref idref="oc-ec"/>
      </symbol>
      <symbol id="sm-364">
         <name>__TI_auto_init_nobinit_nopinit</name>
         <value>0x88aa</value>
         <object_component_ref idref="oc-263"/>
      </symbol>
      <symbol id="sm-37c">
         <name>__TI_zero_init_nomemset</name>
         <value>0x8b76</value>
         <object_component_ref idref="oc-125"/>
      </symbol>
      <symbol id="sm-387">
         <name>_system_pre_init</name>
         <value>0x8c0c</value>
         <object_component_ref idref="oc-1bf"/>
      </symbol>
      <symbol id="sm-390">
         <name>_system_post_cinit</name>
         <value>0x8c10</value>
         <object_component_ref idref="oc-312"/>
      </symbol>
      <symbol id="sm-3a6">
         <name>__TI_decompress_none</name>
         <value>0x8b9c</value>
         <object_component_ref idref="oc-36"/>
      </symbol>
      <symbol id="sm-3c9">
         <name>__TI_decompress_lzss</name>
         <value>0x8632</value>
         <object_component_ref idref="oc-30"/>
      </symbol>
      <symbol id="sm-3d3">
         <name>C$$EXIT</name>
         <value>0x8c06</value>
         <object_component_ref idref="oc-257"/>
      </symbol>
      <symbol id="sm-3d4">
         <name>abort</name>
         <value>0x8c06</value>
         <object_component_ref idref="oc-257"/>
      </symbol>
      <symbol id="sm-3e4">
         <name>memcpy</name>
         <value>0x8bae</value>
         <object_component_ref idref="oc-107"/>
      </symbol>
      <symbol id="sm-3ec">
         <name>__mspabi_srli_8</name>
         <value>0x87f8</value>
         <object_component_ref idref="oc-f2"/>
      </symbol>
      <symbol id="sm-3ed">
         <name>__mspabi_srli_9</name>
         <value>0x87f4</value>
         <object_component_ref idref="oc-f2"/>
      </symbol>
      <symbol id="sm-3ee">
         <name>__mspabi_srli_6</name>
         <value>0x8800</value>
         <object_component_ref idref="oc-f2"/>
      </symbol>
      <symbol id="sm-3ef">
         <name>__mspabi_srli_7</name>
         <value>0x87fc</value>
         <object_component_ref idref="oc-f2"/>
      </symbol>
      <symbol id="sm-3f0">
         <name>__mspabi_srli_4</name>
         <value>0x8808</value>
         <object_component_ref idref="oc-f2"/>
      </symbol>
      <symbol id="sm-3f1">
         <name>__mspabi_srli_5</name>
         <value>0x8804</value>
         <object_component_ref idref="oc-f2"/>
      </symbol>
      <symbol id="sm-3f2">
         <name>__mspabi_srli_2</name>
         <value>0x8810</value>
         <object_component_ref idref="oc-f2"/>
      </symbol>
      <symbol id="sm-3f3">
         <name>__mspabi_srli_3</name>
         <value>0x880c</value>
         <object_component_ref idref="oc-f2"/>
      </symbol>
      <symbol id="sm-3f4">
         <name>__mspabi_srli_1</name>
         <value>0x8814</value>
         <object_component_ref idref="oc-f2"/>
      </symbol>
      <symbol id="sm-3f5">
         <name>__mspabi_srli</name>
         <value>0x87ce</value>
         <object_component_ref idref="oc-f2"/>
      </symbol>
      <symbol id="sm-3f6">
         <name>__mspabi_srli_15</name>
         <value>0x87dc</value>
         <object_component_ref idref="oc-f2"/>
      </symbol>
      <symbol id="sm-3f7">
         <name>__mspabi_srli_14</name>
         <value>0x87e0</value>
         <object_component_ref idref="oc-f2"/>
      </symbol>
      <symbol id="sm-3f8">
         <name>__mspabi_srli_13</name>
         <value>0x87e4</value>
         <object_component_ref idref="oc-f2"/>
      </symbol>
      <symbol id="sm-3f9">
         <name>__mspabi_srli_12</name>
         <value>0x87e8</value>
         <object_component_ref idref="oc-f2"/>
      </symbol>
      <symbol id="sm-3fa">
         <name>__mspabi_srli_11</name>
         <value>0x87ec</value>
         <object_component_ref idref="oc-f2"/>
      </symbol>
      <symbol id="sm-3fb">
         <name>__mspabi_srli_10</name>
         <value>0x87f0</value>
         <object_component_ref idref="oc-f2"/>
      </symbol>
   </symbol_table>
   <title>Link successful</title>
</link_info>
