<?xml version="1.0" encoding="ISO-8859-1" ?>
<link_info>
   <banner>MSP430 Linker PC v21.6.1.LTS</banner>
   <copyright>Copyright (c) 2003-2018 Texas Instruments Incorporated</copyright>
   <link_time>0x65b2d607</link_time>
   <link_errors>0x0</link_errors>
   <output_file>HVB_Prototype.out</output_file>
   <entry_point>
      <name>_c_int00_noargs</name>
      <address>0x9340</address>
   </entry_point>
   <input_file_list>
      <input_file id="fl-2">
         <path>.\</path>
         <kind>object</kind>
         <file>main.obj</file>
         <name>main.obj</name>
      </input_file>
      <input_file id="fl-3">
         <path>.\driverlib\MSP430i2xx\</path>
         <kind>object</kind>
         <file>cs.obj</file>
         <name>cs.obj</name>
      </input_file>
      <input_file id="fl-4">
         <path>.\driverlib\MSP430i2xx\</path>
         <kind>object</kind>
         <file>eusci_a_spi.obj</file>
         <name>eusci_a_spi.obj</name>
      </input_file>
      <input_file id="fl-5">
         <path>.\driverlib\MSP430i2xx\</path>
         <kind>object</kind>
         <file>eusci_a_uart.obj</file>
         <name>eusci_a_uart.obj</name>
      </input_file>
      <input_file id="fl-6">
         <path>.\driverlib\MSP430i2xx\</path>
         <kind>object</kind>
         <file>eusci_b_i2c.obj</file>
         <name>eusci_b_i2c.obj</name>
      </input_file>
      <input_file id="fl-7">
         <path>.\driverlib\MSP430i2xx\</path>
         <kind>object</kind>
         <file>eusci_b_spi.obj</file>
         <name>eusci_b_spi.obj</name>
      </input_file>
      <input_file id="fl-8">
         <path>.\driverlib\MSP430i2xx\</path>
         <kind>object</kind>
         <file>flashctl.obj</file>
         <name>flashctl.obj</name>
      </input_file>
      <input_file id="fl-9">
         <path>.\driverlib\MSP430i2xx\</path>
         <kind>object</kind>
         <file>gpio.obj</file>
         <name>gpio.obj</name>
      </input_file>
      <input_file id="fl-a">
         <path>.\driverlib\MSP430i2xx\</path>
         <kind>object</kind>
         <file>mpy.obj</file>
         <name>mpy.obj</name>
      </input_file>
      <input_file id="fl-b">
         <path>.\driverlib\MSP430i2xx\</path>
         <kind>object</kind>
         <file>pmm.obj</file>
         <name>pmm.obj</name>
      </input_file>
      <input_file id="fl-c">
         <path>.\driverlib\MSP430i2xx\</path>
         <kind>object</kind>
         <file>sd24.obj</file>
         <name>sd24.obj</name>
      </input_file>
      <input_file id="fl-d">
         <path>.\driverlib\MSP430i2xx\</path>
         <kind>object</kind>
         <file>sfr.obj</file>
         <name>sfr.obj</name>
      </input_file>
      <input_file id="fl-e">
         <path>.\driverlib\MSP430i2xx\</path>
         <kind>object</kind>
         <file>timer_a.obj</file>
         <name>timer_a.obj</name>
      </input_file>
      <input_file id="fl-f">
         <path>.\driverlib\MSP430i2xx\</path>
         <kind>object</kind>
         <file>tlv.obj</file>
         <name>tlv.obj</name>
      </input_file>
      <input_file id="fl-10">
         <path>.\driverlib\MSP430i2xx\</path>
         <kind>object</kind>
         <file>wdt.obj</file>
         <name>wdt.obj</name>
      </input_file>
      <input_file id="fl-15">
         <kind>object</kind>
         <file>&lt;internal&gt;</file>
         <name>&lt;internal&gt;</name>
      </input_file>
      <input_file id="fl-2b">
         <path>C:\ti\ccs1260\ccs\tools\compiler\ti-cgt-msp430_21.6.1.LTS\lib\</path>
         <kind>archive</kind>
         <file>rts430_eabi.lib</file>
         <name>printf.c.obj</name>
      </input_file>
      <input_file id="fl-2c">
         <path>C:\ti\ccs1260\ccs\tools\compiler\ti-cgt-msp430_21.6.1.LTS\lib\</path>
         <kind>archive</kind>
         <file>rts430_eabi.lib</file>
         <name>_printfi.c.obj</name>
      </input_file>
      <input_file id="fl-2d">
         <path>C:\ti\ccs1260\ccs\tools\compiler\ti-cgt-msp430_21.6.1.LTS\lib\</path>
         <kind>archive</kind>
         <file>rts430_eabi.lib</file>
         <name>fputc.c.obj</name>
      </input_file>
      <input_file id="fl-2e">
         <path>C:\ti\ccs1260\ccs\tools\compiler\ti-cgt-msp430_21.6.1.LTS\lib\</path>
         <kind>archive</kind>
         <file>rts430_eabi.lib</file>
         <name>fputs.c.obj</name>
      </input_file>
      <input_file id="fl-2f">
         <path>C:\ti\ccs1260\ccs\tools\compiler\ti-cgt-msp430_21.6.1.LTS\lib\</path>
         <kind>archive</kind>
         <file>rts430_eabi.lib</file>
         <name>_io_perm.c.obj</name>
      </input_file>
      <input_file id="fl-30">
         <path>C:\ti\ccs1260\ccs\tools\compiler\ti-cgt-msp430_21.6.1.LTS\lib\</path>
         <kind>archive</kind>
         <file>rts430_eabi.lib</file>
         <name>setvbuf.c.obj</name>
      </input_file>
      <input_file id="fl-31">
         <path>C:\ti\ccs1260\ccs\tools\compiler\ti-cgt-msp430_21.6.1.LTS\lib\</path>
         <kind>archive</kind>
         <file>rts430_eabi.lib</file>
         <name>s_frexp.c.obj</name>
      </input_file>
      <input_file id="fl-32">
         <path>C:\ti\ccs1260\ccs\tools\compiler\ti-cgt-msp430_21.6.1.LTS\lib\</path>
         <kind>archive</kind>
         <file>rts430_eabi.lib</file>
         <name>s_scalbn.c.obj</name>
      </input_file>
      <input_file id="fl-33">
         <path>C:\ti\ccs1260\ccs\tools\compiler\ti-cgt-msp430_21.6.1.LTS\lib\</path>
         <kind>archive</kind>
         <file>rts430_eabi.lib</file>
         <name>s_copysign.c.obj</name>
      </input_file>
      <input_file id="fl-34">
         <path>C:\ti\ccs1260\ccs\tools\compiler\ti-cgt-msp430_21.6.1.LTS\lib\</path>
         <kind>archive</kind>
         <file>rts430_eabi.lib</file>
         <name>wcslen.c.obj</name>
      </input_file>
      <input_file id="fl-35">
         <path>C:\ti\ccs1260\ccs\tools\compiler\ti-cgt-msp430_21.6.1.LTS\lib\</path>
         <kind>archive</kind>
         <file>rts430_eabi.lib</file>
         <name>asr16.asm.obj</name>
      </input_file>
      <input_file id="fl-36">
         <path>C:\ti\ccs1260\ccs\tools\compiler\ti-cgt-msp430_21.6.1.LTS\lib\</path>
         <kind>archive</kind>
         <file>rts430_eabi.lib</file>
         <name>asr32.asm.obj</name>
      </input_file>
      <input_file id="fl-37">
         <path>C:\ti\ccs1260\ccs\tools\compiler\ti-cgt-msp430_21.6.1.LTS\lib\</path>
         <kind>archive</kind>
         <file>rts430_eabi.lib</file>
         <name>div16u.asm.obj</name>
      </input_file>
      <input_file id="fl-38">
         <path>C:\ti\ccs1260\ccs\tools\compiler\ti-cgt-msp430_21.6.1.LTS\lib\</path>
         <kind>archive</kind>
         <file>rts430_eabi.lib</file>
         <name>div32u.asm.obj</name>
      </input_file>
      <input_file id="fl-39">
         <path>C:\ti\ccs1260\ccs\tools\compiler\ti-cgt-msp430_21.6.1.LTS\lib\</path>
         <kind>archive</kind>
         <file>rts430_eabi.lib</file>
         <name>epilog.asm.obj</name>
      </input_file>
      <input_file id="fl-3a">
         <path>C:\ti\ccs1260\ccs\tools\compiler\ti-cgt-msp430_21.6.1.LTS\lib\</path>
         <kind>archive</kind>
         <file>rts430_eabi.lib</file>
         <name>int01.asm.obj</name>
      </input_file>
      <input_file id="fl-3b">
         <path>C:\ti\ccs1260\ccs\tools\compiler\ti-cgt-msp430_21.6.1.LTS\lib\</path>
         <kind>archive</kind>
         <file>rts430_eabi.lib</file>
         <name>int04.asm.obj</name>
      </input_file>
      <input_file id="fl-3c">
         <path>C:\ti\ccs1260\ccs\tools\compiler\ti-cgt-msp430_21.6.1.LTS\lib\</path>
         <kind>archive</kind>
         <file>rts430_eabi.lib</file>
         <name>int05.asm.obj</name>
      </input_file>
      <input_file id="fl-3d">
         <path>C:\ti\ccs1260\ccs\tools\compiler\ti-cgt-msp430_21.6.1.LTS\lib\</path>
         <kind>archive</kind>
         <file>rts430_eabi.lib</file>
         <name>int06.asm.obj</name>
      </input_file>
      <input_file id="fl-3e">
         <path>C:\ti\ccs1260\ccs\tools\compiler\ti-cgt-msp430_21.6.1.LTS\lib\</path>
         <kind>archive</kind>
         <file>rts430_eabi.lib</file>
         <name>int07.asm.obj</name>
      </input_file>
      <input_file id="fl-3f">
         <path>C:\ti\ccs1260\ccs\tools\compiler\ti-cgt-msp430_21.6.1.LTS\lib\</path>
         <kind>archive</kind>
         <file>rts430_eabi.lib</file>
         <name>int09.asm.obj</name>
      </input_file>
      <input_file id="fl-40">
         <path>C:\ti\ccs1260\ccs\tools\compiler\ti-cgt-msp430_21.6.1.LTS\lib\</path>
         <kind>archive</kind>
         <file>rts430_eabi.lib</file>
         <name>int10.asm.obj</name>
      </input_file>
      <input_file id="fl-41">
         <path>C:\ti\ccs1260\ccs\tools\compiler\ti-cgt-msp430_21.6.1.LTS\lib\</path>
         <kind>archive</kind>
         <file>rts430_eabi.lib</file>
         <name>int11.asm.obj</name>
      </input_file>
      <input_file id="fl-42">
         <path>C:\ti\ccs1260\ccs\tools\compiler\ti-cgt-msp430_21.6.1.LTS\lib\</path>
         <kind>archive</kind>
         <file>rts430_eabi.lib</file>
         <name>int12.asm.obj</name>
      </input_file>
      <input_file id="fl-43">
         <path>C:\ti\ccs1260\ccs\tools\compiler\ti-cgt-msp430_21.6.1.LTS\lib\</path>
         <kind>archive</kind>
         <file>rts430_eabi.lib</file>
         <name>int13.asm.obj</name>
      </input_file>
      <input_file id="fl-44">
         <path>C:\ti\ccs1260\ccs\tools\compiler\ti-cgt-msp430_21.6.1.LTS\lib\</path>
         <kind>archive</kind>
         <file>rts430_eabi.lib</file>
         <name>int14.asm.obj</name>
      </input_file>
      <input_file id="fl-45">
         <path>C:\ti\ccs1260\ccs\tools\compiler\ti-cgt-msp430_21.6.1.LTS\lib\</path>
         <kind>archive</kind>
         <file>rts430_eabi.lib</file>
         <name>isr_trap.asm.obj</name>
      </input_file>
      <input_file id="fl-46">
         <path>C:\ti\ccs1260\ccs\tools\compiler\ti-cgt-msp430_21.6.1.LTS\lib\</path>
         <kind>archive</kind>
         <file>rts430_eabi.lib</file>
         <name>lsl16.asm.obj</name>
      </input_file>
      <input_file id="fl-47">
         <path>C:\ti\ccs1260\ccs\tools\compiler\ti-cgt-msp430_21.6.1.LTS\lib\</path>
         <kind>archive</kind>
         <file>rts430_eabi.lib</file>
         <name>lsl32.asm.obj</name>
      </input_file>
      <input_file id="fl-48">
         <path>C:\ti\ccs1260\ccs\tools\compiler\ti-cgt-msp430_21.6.1.LTS\lib\</path>
         <kind>archive</kind>
         <file>rts430_eabi.lib</file>
         <name>lsr16.asm.obj</name>
      </input_file>
      <input_file id="fl-49">
         <path>C:\ti\ccs1260\ccs\tools\compiler\ti-cgt-msp430_21.6.1.LTS\lib\</path>
         <kind>archive</kind>
         <file>rts430_eabi.lib</file>
         <name>mult16.asm.obj</name>
      </input_file>
      <input_file id="fl-4a">
         <path>C:\ti\ccs1260\ccs\tools\compiler\ti-cgt-msp430_21.6.1.LTS\lib\</path>
         <kind>archive</kind>
         <file>rts430_eabi.lib</file>
         <name>mult16_hw.asm.obj</name>
      </input_file>
      <input_file id="fl-4b">
         <path>C:\ti\ccs1260\ccs\tools\compiler\ti-cgt-msp430_21.6.1.LTS\lib\</path>
         <kind>archive</kind>
         <file>rts430_eabi.lib</file>
         <name>mult1632_hw.asm.obj</name>
      </input_file>
      <input_file id="fl-4c">
         <path>C:\ti\ccs1260\ccs\tools\compiler\ti-cgt-msp430_21.6.1.LTS\lib\</path>
         <kind>archive</kind>
         <file>rts430_eabi.lib</file>
         <name>mult32_hw.asm.obj</name>
      </input_file>
      <input_file id="fl-4d">
         <path>C:\ti\ccs1260\ccs\tools\compiler\ti-cgt-msp430_21.6.1.LTS\lib\</path>
         <kind>archive</kind>
         <file>rts430_eabi.lib</file>
         <name>mult3264_hw.asm.obj</name>
      </input_file>
      <input_file id="fl-4e">
         <path>C:\ti\ccs1260\ccs\tools\compiler\ti-cgt-msp430_21.6.1.LTS\lib\</path>
         <kind>archive</kind>
         <file>rts430_eabi.lib</file>
         <name>mult64_hw.asm.obj</name>
      </input_file>
      <input_file id="fl-4f">
         <path>C:\ti\ccs1260\ccs\tools\compiler\ti-cgt-msp430_21.6.1.LTS\lib\</path>
         <kind>archive</kind>
         <file>rts430_eabi.lib</file>
         <name>boot.c.obj</name>
      </input_file>
      <input_file id="fl-50">
         <path>C:\ti\ccs1260\ccs\tools\compiler\ti-cgt-msp430_21.6.1.LTS\lib\</path>
         <kind>archive</kind>
         <file>rts430_eabi.lib</file>
         <name>autoinit.c.obj</name>
      </input_file>
      <input_file id="fl-51">
         <path>C:\ti\ccs1260\ccs\tools\compiler\ti-cgt-msp430_21.6.1.LTS\lib\</path>
         <kind>archive</kind>
         <file>rts430_eabi.lib</file>
         <name>copy_zero_init.c.obj</name>
      </input_file>
      <input_file id="fl-52">
         <path>C:\ti\ccs1260\ccs\tools\compiler\ti-cgt-msp430_21.6.1.LTS\lib\</path>
         <kind>archive</kind>
         <file>rts430_eabi.lib</file>
         <name>exit_gvars.c.obj</name>
      </input_file>
      <input_file id="fl-53">
         <path>C:\ti\ccs1260\ccs\tools\compiler\ti-cgt-msp430_21.6.1.LTS\lib\</path>
         <kind>archive</kind>
         <file>rts430_eabi.lib</file>
         <name>cpy_tbl.c.obj</name>
      </input_file>
      <input_file id="fl-54">
         <path>C:\ti\ccs1260\ccs\tools\compiler\ti-cgt-msp430_21.6.1.LTS\lib\</path>
         <kind>archive</kind>
         <file>rts430_eabi.lib</file>
         <name>mpu_init.c.obj</name>
      </input_file>
      <input_file id="fl-55">
         <path>C:\ti\ccs1260\ccs\tools\compiler\ti-cgt-msp430_21.6.1.LTS\lib\</path>
         <kind>archive</kind>
         <file>rts430_eabi.lib</file>
         <name>lsr64.c.obj</name>
      </input_file>
      <input_file id="fl-56">
         <path>C:\ti\ccs1260\ccs\tools\compiler\ti-cgt-msp430_21.6.1.LTS\lib\</path>
         <kind>archive</kind>
         <file>rts430_eabi.lib</file>
         <name>div64u.c.obj</name>
      </input_file>
      <input_file id="fl-57">
         <path>C:\ti\ccs1260\ccs\tools\compiler\ti-cgt-msp430_21.6.1.LTS\lib\</path>
         <kind>archive</kind>
         <file>rts430_eabi.lib</file>
         <name>pre_init.c.obj</name>
      </input_file>
      <input_file id="fl-58">
         <path>C:\ti\ccs1260\ccs\tools\compiler\ti-cgt-msp430_21.6.1.LTS\lib\</path>
         <kind>archive</kind>
         <file>rts430_eabi.lib</file>
         <name>startup.c.obj</name>
      </input_file>
      <input_file id="fl-59">
         <path>C:\ti\ccs1260\ccs\tools\compiler\ti-cgt-msp430_21.6.1.LTS\lib\</path>
         <kind>archive</kind>
         <file>rts430_eabi.lib</file>
         <name>copy_decompress_none.c.obj</name>
      </input_file>
      <input_file id="fl-5a">
         <path>C:\ti\ccs1260\ccs\tools\compiler\ti-cgt-msp430_21.6.1.LTS\lib\</path>
         <kind>archive</kind>
         <file>rts430_eabi.lib</file>
         <name>copy_decompress_lzss.c.obj</name>
      </input_file>
      <input_file id="fl-5b">
         <path>C:\ti\ccs1260\ccs\tools\compiler\ti-cgt-msp430_21.6.1.LTS\lib\</path>
         <kind>archive</kind>
         <file>rts430_eabi.lib</file>
         <name>addd.c.obj</name>
      </input_file>
      <input_file id="fl-5c">
         <path>C:\ti\ccs1260\ccs\tools\compiler\ti-cgt-msp430_21.6.1.LTS\lib\</path>
         <kind>archive</kind>
         <file>rts430_eabi.lib</file>
         <name>cmpd.c.obj</name>
      </input_file>
      <input_file id="fl-5d">
         <path>C:\ti\ccs1260\ccs\tools\compiler\ti-cgt-msp430_21.6.1.LTS\lib\</path>
         <kind>archive</kind>
         <file>rts430_eabi.lib</file>
         <name>divd.c.obj</name>
      </input_file>
      <input_file id="fl-5e">
         <path>C:\ti\ccs1260\ccs\tools\compiler\ti-cgt-msp430_21.6.1.LTS\lib\</path>
         <kind>archive</kind>
         <file>rts430_eabi.lib</file>
         <name>fixdi.c.obj</name>
      </input_file>
      <input_file id="fl-5f">
         <path>C:\ti\ccs1260\ccs\tools\compiler\ti-cgt-msp430_21.6.1.LTS\lib\</path>
         <kind>archive</kind>
         <file>rts430_eabi.lib</file>
         <name>fixdli.c.obj</name>
      </input_file>
      <input_file id="fl-60">
         <path>C:\ti\ccs1260\ccs\tools\compiler\ti-cgt-msp430_21.6.1.LTS\lib\</path>
         <kind>archive</kind>
         <file>rts430_eabi.lib</file>
         <name>fltid.c.obj</name>
      </input_file>
      <input_file id="fl-61">
         <path>C:\ti\ccs1260\ccs\tools\compiler\ti-cgt-msp430_21.6.1.LTS\lib\</path>
         <kind>archive</kind>
         <file>rts430_eabi.lib</file>
         <name>fltlid.c.obj</name>
      </input_file>
      <input_file id="fl-62">
         <path>C:\ti\ccs1260\ccs\tools\compiler\ti-cgt-msp430_21.6.1.LTS\lib\</path>
         <kind>archive</kind>
         <file>rts430_eabi.lib</file>
         <name>frcdivd.c.obj</name>
      </input_file>
      <input_file id="fl-63">
         <path>C:\ti\ccs1260\ccs\tools\compiler\ti-cgt-msp430_21.6.1.LTS\lib\</path>
         <kind>archive</kind>
         <file>rts430_eabi.lib</file>
         <name>mpyd.c.obj</name>
      </input_file>
      <input_file id="fl-64">
         <path>C:\ti\ccs1260\ccs\tools\compiler\ti-cgt-msp430_21.6.1.LTS\lib\</path>
         <kind>archive</kind>
         <file>rts430_eabi.lib</file>
         <name>negd.c.obj</name>
      </input_file>
      <input_file id="fl-65">
         <path>C:\ti\ccs1260\ccs\tools\compiler\ti-cgt-msp430_21.6.1.LTS\lib\</path>
         <kind>archive</kind>
         <file>rts430_eabi.lib</file>
         <name>subd.c.obj</name>
      </input_file>
      <input_file id="fl-66">
         <path>C:\ti\ccs1260\ccs\tools\compiler\ti-cgt-msp430_21.6.1.LTS\lib\</path>
         <kind>archive</kind>
         <file>rts430_eabi.lib</file>
         <name>exit.c.obj</name>
      </input_file>
      <input_file id="fl-67">
         <path>C:\ti\ccs1260\ccs\tools\compiler\ti-cgt-msp430_21.6.1.LTS\lib\</path>
         <kind>archive</kind>
         <file>rts430_eabi.lib</file>
         <name>_lock.c.obj</name>
      </input_file>
      <input_file id="fl-68">
         <path>C:\ti\ccs1260\ccs\tools\compiler\ti-cgt-msp430_21.6.1.LTS\lib\</path>
         <kind>archive</kind>
         <file>rts430_eabi.lib</file>
         <name>_ltoa.c.obj</name>
      </input_file>
      <input_file id="fl-69">
         <path>C:\ti\ccs1260\ccs\tools\compiler\ti-cgt-msp430_21.6.1.LTS\lib\</path>
         <kind>archive</kind>
         <file>rts430_eabi.lib</file>
         <name>args_main.c.obj</name>
      </input_file>
      <input_file id="fl-6a">
         <path>C:\ti\ccs1260\ccs\tools\compiler\ti-cgt-msp430_21.6.1.LTS\lib\</path>
         <kind>archive</kind>
         <file>rts430_eabi.lib</file>
         <name>atoi.c.obj</name>
      </input_file>
      <input_file id="fl-6b">
         <path>C:\ti\ccs1260\ccs\tools\compiler\ti-cgt-msp430_21.6.1.LTS\lib\</path>
         <kind>archive</kind>
         <file>rts430_eabi.lib</file>
         <name>ctype.c.obj</name>
      </input_file>
      <input_file id="fl-6c">
         <path>C:\ti\ccs1260\ccs\tools\compiler\ti-cgt-msp430_21.6.1.LTS\lib\</path>
         <kind>archive</kind>
         <file>rts430_eabi.lib</file>
         <name>defs.c.obj</name>
      </input_file>
      <input_file id="fl-6d">
         <path>C:\ti\ccs1260\ccs\tools\compiler\ti-cgt-msp430_21.6.1.LTS\lib\</path>
         <kind>archive</kind>
         <file>rts430_eabi.lib</file>
         <name>memccpy.c.obj</name>
      </input_file>
      <input_file id="fl-6e">
         <path>C:\ti\ccs1260\ccs\tools\compiler\ti-cgt-msp430_21.6.1.LTS\lib\</path>
         <kind>archive</kind>
         <file>rts430_eabi.lib</file>
         <name>memchr.c.obj</name>
      </input_file>
      <input_file id="fl-6f">
         <path>C:\ti\ccs1260\ccs\tools\compiler\ti-cgt-msp430_21.6.1.LTS\lib\</path>
         <kind>archive</kind>
         <file>rts430_eabi.lib</file>
         <name>memcpy.c.obj</name>
      </input_file>
      <input_file id="fl-70">
         <path>C:\ti\ccs1260\ccs\tools\compiler\ti-cgt-msp430_21.6.1.LTS\lib\</path>
         <kind>archive</kind>
         <file>rts430_eabi.lib</file>
         <name>memory.c.obj</name>
      </input_file>
      <input_file id="fl-71">
         <path>C:\ti\ccs1260\ccs\tools\compiler\ti-cgt-msp430_21.6.1.LTS\lib\</path>
         <kind>archive</kind>
         <file>rts430_eabi.lib</file>
         <name>memset.c.obj</name>
      </input_file>
      <input_file id="fl-72">
         <path>C:\ti\ccs1260\ccs\tools\compiler\ti-cgt-msp430_21.6.1.LTS\lib\</path>
         <kind>archive</kind>
         <file>rts430_eabi.lib</file>
         <name>strchr.c.obj</name>
      </input_file>
      <input_file id="fl-73">
         <path>C:\ti\ccs1260\ccs\tools\compiler\ti-cgt-msp430_21.6.1.LTS\lib\</path>
         <kind>archive</kind>
         <file>rts430_eabi.lib</file>
         <name>strlen.c.obj</name>
      </input_file>
      <input_file id="fl-74">
         <path>C:\ti\ccs1260\ccs\tools\compiler\ti-cgt-msp430_21.6.1.LTS\lib\</path>
         <kind>archive</kind>
         <file>rts430_eabi.lib</file>
         <name>toupper.c.obj</name>
      </input_file>
      <input_file id="fl-75">
         <path>C:\ti\ccs1260\ccs\tools\compiler\ti-cgt-msp430_21.6.1.LTS\lib\</path>
         <kind>archive</kind>
         <file>rts430_eabi.lib</file>
         <name>abs.c.obj</name>
      </input_file>
      <input_file id="fl-76">
         <path>C:\ti\ccs1260\ccs\tools\compiler\ti-cgt-msp430_21.6.1.LTS\lib\</path>
         <kind>archive</kind>
         <file>rts430_eabi.lib</file>
         <name>write.c.obj</name>
      </input_file>
      <input_file id="fl-77">
         <path>C:\ti\ccs1260\ccs\tools\compiler\ti-cgt-msp430_21.6.1.LTS\lib\</path>
         <kind>archive</kind>
         <file>rts430_eabi.lib</file>
         <name>host_device.c.obj</name>
      </input_file>
      <input_file id="fl-78">
         <path>C:\ti\ccs1260\ccs\tools\compiler\ti-cgt-msp430_21.6.1.LTS\lib\</path>
         <kind>archive</kind>
         <file>rts430_eabi.lib</file>
         <name>errno.c.obj</name>
      </input_file>
      <input_file id="fl-79">
         <path>C:\ti\ccs1260\ccs\tools\compiler\ti-cgt-msp430_21.6.1.LTS\lib\</path>
         <kind>archive</kind>
         <file>rts430_eabi.lib</file>
         <name>fflush.c.obj</name>
      </input_file>
      <input_file id="fl-7a">
         <path>C:\ti\ccs1260\ccs\tools\compiler\ti-cgt-msp430_21.6.1.LTS\lib\</path>
         <kind>archive</kind>
         <file>rts430_eabi.lib</file>
         <name>fopen.c.obj</name>
      </input_file>
      <input_file id="fl-7b">
         <path>C:\ti\ccs1260\ccs\tools\compiler\ti-cgt-msp430_21.6.1.LTS\lib\</path>
         <kind>archive</kind>
         <file>rts430_eabi.lib</file>
         <name>fseek.c.obj</name>
      </input_file>
      <input_file id="fl-7c">
         <path>C:\ti\ccs1260\ccs\tools\compiler\ti-cgt-msp430_21.6.1.LTS\lib\</path>
         <kind>archive</kind>
         <file>rts430_eabi.lib</file>
         <name>div32s.asm.obj</name>
      </input_file>
      <input_file id="fl-7d">
         <path>C:\ti\ccs1260\ccs\tools\compiler\ti-cgt-msp430_21.6.1.LTS\lib\</path>
         <kind>archive</kind>
         <file>rts430_eabi.lib</file>
         <name>lsr32.asm.obj</name>
      </input_file>
      <input_file id="fl-7e">
         <path>C:\ti\ccs1260\ccs\tools\compiler\ti-cgt-msp430_21.6.1.LTS\lib\</path>
         <kind>archive</kind>
         <file>rts430_eabi.lib</file>
         <name>mult32.asm.obj</name>
      </input_file>
      <input_file id="fl-7f">
         <path>C:\ti\ccs1260\ccs\tools\compiler\ti-cgt-msp430_21.6.1.LTS\lib\</path>
         <kind>archive</kind>
         <file>rts430_eabi.lib</file>
         <name>asr64.c.obj</name>
      </input_file>
      <input_file id="fl-80">
         <path>C:\ti\ccs1260\ccs\tools\compiler\ti-cgt-msp430_21.6.1.LTS\lib\</path>
         <kind>archive</kind>
         <file>rts430_eabi.lib</file>
         <name>lsl64.c.obj</name>
      </input_file>
      <input_file id="fl-81">
         <path>C:\ti\ccs1260\ccs\tools\compiler\ti-cgt-msp430_21.6.1.LTS\lib\</path>
         <kind>archive</kind>
         <file>rts430_eabi.lib</file>
         <name>frcmpyd.c.obj</name>
      </input_file>
      <input_file id="fl-82">
         <path>C:\ti\ccs1260\ccs\tools\compiler\ti-cgt-msp430_21.6.1.LTS\lib\</path>
         <kind>archive</kind>
         <file>rts430_eabi.lib</file>
         <name>hostclose.c.obj</name>
      </input_file>
      <input_file id="fl-83">
         <path>C:\ti\ccs1260\ccs\tools\compiler\ti-cgt-msp430_21.6.1.LTS\lib\</path>
         <kind>archive</kind>
         <file>rts430_eabi.lib</file>
         <name>hostlseek.c.obj</name>
      </input_file>
      <input_file id="fl-84">
         <path>C:\ti\ccs1260\ccs\tools\compiler\ti-cgt-msp430_21.6.1.LTS\lib\</path>
         <kind>archive</kind>
         <file>rts430_eabi.lib</file>
         <name>hostopen.c.obj</name>
      </input_file>
      <input_file id="fl-85">
         <path>C:\ti\ccs1260\ccs\tools\compiler\ti-cgt-msp430_21.6.1.LTS\lib\</path>
         <kind>archive</kind>
         <file>rts430_eabi.lib</file>
         <name>hostread.c.obj</name>
      </input_file>
      <input_file id="fl-86">
         <path>C:\ti\ccs1260\ccs\tools\compiler\ti-cgt-msp430_21.6.1.LTS\lib\</path>
         <kind>archive</kind>
         <file>rts430_eabi.lib</file>
         <name>hostrename.c.obj</name>
      </input_file>
      <input_file id="fl-87">
         <path>C:\ti\ccs1260\ccs\tools\compiler\ti-cgt-msp430_21.6.1.LTS\lib\</path>
         <kind>archive</kind>
         <file>rts430_eabi.lib</file>
         <name>hostunlink.c.obj</name>
      </input_file>
      <input_file id="fl-88">
         <path>C:\ti\ccs1260\ccs\tools\compiler\ti-cgt-msp430_21.6.1.LTS\lib\</path>
         <kind>archive</kind>
         <file>rts430_eabi.lib</file>
         <name>hostwrite.c.obj</name>
      </input_file>
      <input_file id="fl-89">
         <path>C:\ti\ccs1260\ccs\tools\compiler\ti-cgt-msp430_21.6.1.LTS\lib\</path>
         <kind>archive</kind>
         <file>rts430_eabi.lib</file>
         <name>trgmsg.c.obj</name>
      </input_file>
      <input_file id="fl-8a">
         <path>C:\ti\ccs1260\ccs\tools\compiler\ti-cgt-msp430_21.6.1.LTS\lib\</path>
         <kind>archive</kind>
         <file>rts430_eabi.lib</file>
         <name>open.c.obj</name>
      </input_file>
      <input_file id="fl-8b">
         <path>C:\ti\ccs1260\ccs\tools\compiler\ti-cgt-msp430_21.6.1.LTS\lib\</path>
         <kind>archive</kind>
         <file>rts430_eabi.lib</file>
         <name>lseek.c.obj</name>
      </input_file>
      <input_file id="fl-8c">
         <path>C:\ti\ccs1260\ccs\tools\compiler\ti-cgt-msp430_21.6.1.LTS\lib\</path>
         <kind>archive</kind>
         <file>rts430_eabi.lib</file>
         <name>fclose.c.obj</name>
      </input_file>
      <input_file id="fl-8d">
         <path>C:\ti\ccs1260\ccs\tools\compiler\ti-cgt-msp430_21.6.1.LTS\lib\</path>
         <kind>archive</kind>
         <file>rts430_eabi.lib</file>
         <name>getdevice.c.obj</name>
      </input_file>
      <input_file id="fl-8e">
         <path>C:\ti\ccs1260\ccs\tools\compiler\ti-cgt-msp430_21.6.1.LTS\lib\</path>
         <kind>archive</kind>
         <file>rts430_eabi.lib</file>
         <name>mult3264.asm.obj</name>
      </input_file>
      <input_file id="fl-8f">
         <path>C:\ti\ccs1260\ccs\tools\compiler\ti-cgt-msp430_21.6.1.LTS\lib\</path>
         <kind>archive</kind>
         <file>rts430_eabi.lib</file>
         <name>mult64.asm.obj</name>
      </input_file>
      <input_file id="fl-90">
         <path>C:\ti\ccs1260\ccs\tools\compiler\ti-cgt-msp430_21.6.1.LTS\lib\</path>
         <kind>archive</kind>
         <file>rts430_eabi.lib</file>
         <name>strcmp.c.obj</name>
      </input_file>
      <input_file id="fl-91">
         <path>C:\ti\ccs1260\ccs\tools\compiler\ti-cgt-msp430_21.6.1.LTS\lib\</path>
         <kind>archive</kind>
         <file>rts430_eabi.lib</file>
         <name>strcpy.c.obj</name>
      </input_file>
      <input_file id="fl-92">
         <path>C:\ti\ccs1260\ccs\tools\compiler\ti-cgt-msp430_21.6.1.LTS\lib\</path>
         <kind>archive</kind>
         <file>rts430_eabi.lib</file>
         <name>strncpy.c.obj</name>
      </input_file>
      <input_file id="fl-93">
         <path>C:\ti\ccs1260\ccs\tools\compiler\ti-cgt-msp430_21.6.1.LTS\lib\</path>
         <kind>archive</kind>
         <file>rts430_eabi.lib</file>
         <name>remove.c.obj</name>
      </input_file>
      <input_file id="fl-94">
         <path>C:\ti\ccs1260\ccs\tools\compiler\ti-cgt-msp430_21.6.1.LTS\lib\</path>
         <kind>archive</kind>
         <file>rts430_eabi.lib</file>
         <name>close.c.obj</name>
      </input_file>
      <input_file id="fl-95">
         <path>C:\ti\ccs1260\ccs\tools\compiler\ti-cgt-msp430_21.6.1.LTS\lib\</path>
         <kind>archive</kind>
         <file>rts430_eabi.lib</file>
         <name>mult1632.asm.obj</name>
      </input_file>
      <input_file id="fl-96">
         <path>C:\ti\ccs1260\ccs\tools\compiler\ti-cgt-msp430_21.6.1.LTS\lib\</path>
         <kind>archive</kind>
         <file>rts430_eabi.lib</file>
         <name>unlink.c.obj</name>
      </input_file>
   </input_file_list>
   <object_component_list>
      <object_component id="oc-193">
         <name>.bss:RXData</name>
         <uninitialized>true</uninitialized>
         <run_address>0x60e</run_address>
         <size>0x1a</size>
         <input_file_ref idref="fl-2"/>
      </object_component>
      <object_component id="oc-17b">
         <name>.bss</name>
         <uninitialized>true</uninitialized>
         <run_address>0x630</run_address>
         <size>0x2</size>
         <input_file_ref idref="fl-2"/>
      </object_component>
      <object_component id="oc-495">
         <name>.bss</name>
         <uninitialized>true</uninitialized>
         <run_address>0x632</run_address>
         <size>0x2</size>
         <input_file_ref idref="fl-70"/>
      </object_component>
      <object_component id="oc-212">
         <name>.common:Ch0results</name>
         <uninitialized>true</uninitialized>
         <run_address>0x634</run_address>
         <size>0x2</size>
      </object_component>
      <object_component id="oc-213">
         <name>.common:Ch1results</name>
         <uninitialized>true</uninitialized>
         <run_address>0x636</run_address>
         <size>0x2</size>
      </object_component>
      <object_component id="oc-4aa">
         <name>.common:__TI_tmpnams</name>
         <uninitialized>true</uninitialized>
         <run_address>0x56e</run_address>
         <size>0xa0</size>
      </object_component>
      <object_component id="oc-4b5">
         <name>.common:parmbuf</name>
         <uninitialized>true</uninitialized>
         <run_address>0x628</run_address>
         <size>0x8</size>
      </object_component>
      <object_component id="oc-17e">
         <name>.data:TXData</name>
         <load_address>0x41a</load_address>
         <run_address>0x41a</run_address>
         <size>0x15</size>
         <input_file_ref idref="fl-2"/>
      </object_component>
      <object_component id="oc-196">
         <name>.data</name>
         <load_address>0x430</load_address>
         <run_address>0x430</run_address>
         <size>0x10</size>
         <input_file_ref idref="fl-2"/>
      </object_component>
      <object_component id="oc-2da">
         <name>.data:__TI_cleanup_ptr</name>
         <load_address>0x440</load_address>
         <run_address>0x440</run_address>
         <size>0x2</size>
         <input_file_ref idref="fl-52"/>
      </object_component>
      <object_component id="oc-2d7">
         <name>.data:__TI_dtors_ptr</name>
         <load_address>0x442</load_address>
         <run_address>0x442</run_address>
         <size>0x2</size>
         <input_file_ref idref="fl-52"/>
      </object_component>
      <object_component id="oc-2d4">
         <name>.data</name>
         <load_address>0x44a</load_address>
         <run_address>0x44a</run_address>
         <size>0x2</size>
         <input_file_ref idref="fl-66"/>
      </object_component>
      <object_component id="oc-26b">
         <name>.data:_lock</name>
         <load_address>0x444</load_address>
         <run_address>0x444</run_address>
         <size>0x2</size>
         <input_file_ref idref="fl-67"/>
      </object_component>
      <object_component id="oc-283">
         <name>.data:_unlock</name>
         <load_address>0x446</load_address>
         <run_address>0x446</run_address>
         <size>0x2</size>
         <input_file_ref idref="fl-67"/>
      </object_component>
      <object_component id="oc-26e">
         <name>.data:_ftable</name>
         <load_address>0x32c</load_address>
         <run_address>0x32c</run_address>
         <size>0x78</size>
         <input_file_ref idref="fl-6c"/>
      </object_component>
      <object_component id="oc-45a">
         <name>.data</name>
         <load_address>0x448</load_address>
         <run_address>0x448</run_address>
         <size>0x2</size>
         <input_file_ref idref="fl-6c"/>
      </object_component>
      <object_component id="oc-49a">
         <name>.data</name>
         <load_address>0x44c</load_address>
         <run_address>0x44c</run_address>
         <size>0x2</size>
         <input_file_ref idref="fl-70"/>
      </object_component>
      <object_component id="oc-420">
         <name>.data:_device</name>
         <load_address>0x3a4</load_address>
         <run_address>0x3a4</run_address>
         <size>0x4e</size>
         <input_file_ref idref="fl-77"/>
      </object_component>
      <object_component id="oc-3d8">
         <name>.data:_stream</name>
         <load_address>0x3f2</load_address>
         <run_address>0x3f2</run_address>
         <size>0x28</size>
         <input_file_ref idref="fl-77"/>
      </object_component>
      <object_component id="oc-ed">
         <name>.sysmem</name>
         <uninitialized>true</uninitialized>
         <run_address>0x200</run_address>
         <size>0x8</size>
         <input_file_ref idref="fl-70"/>
      </object_component>
      <object_component id="oc-582">
         <name>.sysmem</name>
         <uninitialized>true</uninitialized>
         <run_address>0x200</run_address>
         <size>0x0</size>
      </object_component>
      <object_component id="oc-e9">
         <name>.stack</name>
         <uninitialized>true</uninitialized>
         <run_address>0x9b0</run_address>
         <size>0x2</size>
         <input_file_ref idref="fl-4f"/>
      </object_component>
      <object_component id="oc-581">
         <name>.stack</name>
         <uninitialized>true</uninitialized>
         <run_address>0x9b0</run_address>
         <size>0x0</size>
      </object_component>
      <object_component id="oc-321">
         <name>.text:__TI_printfi_minimal:_setfield___TI_printfi_minimal</name>
         <load_address>0x8000</load_address>
         <run_address>0x8000</run_address>
         <size>0x116</size>
         <input_file_ref idref="fl-2c"/>
      </object_component>
      <object_component id="oc-44d">
         <name>.text:aligned_alloc</name>
         <load_address>0x8116</load_address>
         <run_address>0x8116</run_address>
         <size>0xf6</size>
         <input_file_ref idref="fl-70"/>
      </object_component>
      <object_component id="oc-27d">
         <name>.text:__TI_printfi_minimal:__TI_printfi_minimal</name>
         <load_address>0x820c</load_address>
         <run_address>0x820c</run_address>
         <size>0xec</size>
         <input_file_ref idref="fl-2c"/>
      </object_component>
      <object_component id="oc-30d">
         <name>.text:fputs</name>
         <load_address>0x82f8</load_address>
         <run_address>0x82f8</run_address>
         <size>0xea</size>
         <input_file_ref idref="fl-2e"/>
      </object_component>
      <object_component id="oc-401">
         <name>.text:free</name>
         <load_address>0x83e2</load_address>
         <run_address>0x83e2</run_address>
         <size>0xd2</size>
         <input_file_ref idref="fl-70"/>
      </object_component>
      <object_component id="oc-3cc">
         <name>.text:setvbuf</name>
         <load_address>0x84b4</load_address>
         <run_address>0x84b4</run_address>
         <size>0xd0</size>
         <input_file_ref idref="fl-30"/>
      </object_component>
      <object_component id="oc-39c">
         <name>.text:__TI_printfi_minimal:_pproc_diouxp___TI_printfi_minimal</name>
         <load_address>0x8584</load_address>
         <run_address>0x8584</run_address>
         <size>0xca</size>
         <input_file_ref idref="fl-2c"/>
      </object_component>
      <object_component id="oc-1a8">
         <name>.text:main</name>
         <load_address>0x864e</load_address>
         <run_address>0x864e</run_address>
         <size>0xc2</size>
         <input_file_ref idref="fl-2"/>
      </object_component>
      <object_component id="oc-200">
         <name>.text:init_sd24</name>
         <load_address>0x8710</load_address>
         <run_address>0x8710</run_address>
         <size>0x9e</size>
         <input_file_ref idref="fl-2"/>
      </object_component>
      <object_component id="oc-314">
         <name>.text:fputc</name>
         <load_address>0x87ae</load_address>
         <run_address>0x87ae</run_address>
         <size>0x90</size>
         <input_file_ref idref="fl-2d"/>
      </object_component>
      <object_component id="oc-478">
         <name>.text:HOSTlseek</name>
         <load_address>0x883e</load_address>
         <run_address>0x883e</run_address>
         <size>0x88</size>
         <input_file_ref idref="fl-83"/>
      </object_component>
      <object_component id="oc-11c">
         <name>.text:USCIB0_ISR</name>
         <load_address>0x88c6</load_address>
         <run_address>0x88c6</run_address>
         <size>0x7c</size>
         <input_file_ref idref="fl-2"/>
      </object_component>
      <object_component id="oc-30">
         <name>.text:decompress:lzss:__TI_decompress_lzss</name>
         <load_address>0x8942</load_address>
         <run_address>0x8942</run_address>
         <size>0x7c</size>
         <input_file_ref idref="fl-5a"/>
      </object_component>
      <object_component id="oc-377">
         <name>.text:__TI_wrt_ok</name>
         <load_address>0x89be</load_address>
         <run_address>0x89be</run_address>
         <size>0x7a</size>
         <input_file_ref idref="fl-2f"/>
      </object_component>
      <object_component id="oc-454">
         <name>.text:__TI_closefile</name>
         <load_address>0x8a38</load_address>
         <run_address>0x8a38</run_address>
         <size>0x72</size>
         <input_file_ref idref="fl-8c"/>
      </object_component>
      <object_component id="oc-3c6">
         <name>.text:fseeko</name>
         <load_address>0x8aaa</load_address>
         <run_address>0x8aaa</run_address>
         <size>0x70</size>
         <input_file_ref idref="fl-7b"/>
      </object_component>
      <object_component id="oc-484">
         <name>.text:HOSTrename</name>
         <load_address>0x8b1a</load_address>
         <run_address>0x8b1a</run_address>
         <size>0x6a</size>
         <input_file_ref idref="fl-86"/>
      </object_component>
      <object_component id="oc-49d">
         <name>.text:split</name>
         <load_address>0x8b84</load_address>
         <run_address>0x8b84</run_address>
         <size>0x68</size>
         <input_file_ref idref="fl-70"/>
      </object_component>
      <object_component id="oc-460">
         <name>.text:HOSTopen</name>
         <load_address>0x8bec</load_address>
         <run_address>0x8bec</run_address>
         <size>0x66</size>
         <input_file_ref idref="fl-84"/>
      </object_component>
      <object_component id="oc-472">
         <name>.text:HOSTwrite</name>
         <load_address>0x8c52</load_address>
         <run_address>0x8c52</run_address>
         <size>0x62</size>
         <input_file_ref idref="fl-88"/>
      </object_component>
      <object_component id="oc-383">
         <name>.text:__TI_doflush</name>
         <load_address>0x8cb4</load_address>
         <run_address>0x8cb4</run_address>
         <size>0x62</size>
         <input_file_ref idref="fl-79"/>
      </object_component>
      <object_component id="oc-206">
         <name>.text:init_i2c</name>
         <load_address>0x8d16</load_address>
         <run_address>0x8d16</run_address>
         <size>0x62</size>
         <input_file_ref idref="fl-2"/>
      </object_component>
      <object_component id="oc-46c">
         <name>.text:HOSTread</name>
         <load_address>0x8d78</load_address>
         <run_address>0x8d78</run_address>
         <size>0x60</size>
         <input_file_ref idref="fl-85"/>
      </object_component>
      <object_component id="oc-4e3">
         <name>.text:getdevice</name>
         <load_address>0x8dd8</load_address>
         <run_address>0x8dd8</run_address>
         <size>0x58</size>
         <input_file_ref idref="fl-8d"/>
      </object_component>
      <object_component id="oc-f5">
         <name>.text</name>
         <load_address>0x8e30</load_address>
         <run_address>0x8e30</run_address>
         <size>0x4c</size>
         <input_file_ref idref="fl-48"/>
      </object_component>
      <object_component id="oc-4a4">
         <name>.text:close</name>
         <load_address>0x8e7c</load_address>
         <run_address>0x8e7c</run_address>
         <size>0x4a</size>
         <input_file_ref idref="fl-94"/>
      </object_component>
      <object_component id="oc-291">
         <name>.text:SD24_initConverterAdvanced</name>
         <load_address>0x8ec6</load_address>
         <run_address>0x8ec6</run_address>
         <size>0x46</size>
         <input_file_ref idref="fl-c"/>
      </object_component>
      <object_component id="oc-466">
         <name>.text:HOSTclose</name>
         <load_address>0x8f0c</load_address>
         <run_address>0x8f0c</run_address>
         <size>0x44</size>
         <input_file_ref idref="fl-82"/>
      </object_component>
      <object_component id="oc-21b">
         <name>.text:exit</name>
         <load_address>0x8f50</load_address>
         <run_address>0x8f50</run_address>
         <size>0x44</size>
         <input_file_ref idref="fl-66"/>
      </object_component>
      <object_component id="oc-221">
         <name>.text:__TI_auto_init_nobinit_nopinit:__TI_auto_init_nobinit_nopinit</name>
         <load_address>0x8f94</load_address>
         <run_address>0x8f94</run_address>
         <size>0x42</size>
         <input_file_ref idref="fl-50"/>
      </object_component>
      <object_component id="oc-2ad">
         <name>.text:GPIO_setAsPeripheralModuleFunctionInputPin</name>
         <load_address>0x8fd6</load_address>
         <run_address>0x8fd6</run_address>
         <size>0x40</size>
         <input_file_ref idref="fl-9"/>
      </object_component>
      <object_component id="oc-47e">
         <name>.text:HOSTunlink</name>
         <load_address>0x9016</load_address>
         <run_address>0x9016</run_address>
         <size>0x40</size>
         <input_file_ref idref="fl-87"/>
      </object_component>
      <object_component id="oc-4cb">
         <name>.text:l_lsl_const</name>
         <load_address>0x9056</load_address>
         <run_address>0x9056</run_address>
         <size>0x3e</size>
         <input_file_ref idref="fl-47"/>
      </object_component>
      <object_component id="oc-1fa">
         <name>.text:printf</name>
         <load_address>0x9094</load_address>
         <run_address>0x9094</run_address>
         <size>0x3c</size>
         <input_file_ref idref="fl-2b"/>
      </object_component>
      <object_component id="oc-40d">
         <name>.text:__TI_cleanup</name>
         <load_address>0x90d0</load_address>
         <run_address>0x90d0</run_address>
         <size>0x34</size>
         <input_file_ref idref="fl-7a"/>
      </object_component>
      <object_component id="oc-512">
         <name>.text:finddevice</name>
         <load_address>0x9104</load_address>
         <run_address>0x9104</run_address>
         <size>0x34</size>
         <input_file_ref idref="fl-8d"/>
      </object_component>
      <object_component id="oc-2a7">
         <name>.text:CS_setupDCO</name>
         <load_address>0x9138</load_address>
         <run_address>0x9138</run_address>
         <size>0x2e</size>
         <input_file_ref idref="fl-3"/>
      </object_component>
      <object_component id="oc-4b8">
         <name>.text:__TI_writemsg</name>
         <load_address>0x9166</load_address>
         <run_address>0x9166</run_address>
         <size>0x2e</size>
         <input_file_ref idref="fl-89"/>
      </object_component>
      <object_component id="oc-4be">
         <name>.text:__TI_readmsg</name>
         <load_address>0x9194</load_address>
         <run_address>0x9194</run_address>
         <size>0x2c</size>
         <input_file_ref idref="fl-89"/>
      </object_component>
      <object_component id="oc-f0">
         <name>.text</name>
         <load_address>0x91c0</load_address>
         <run_address>0x91c0</run_address>
         <size>0x2c</size>
         <input_file_ref idref="fl-46"/>
      </object_component>
      <object_component id="oc-50c">
         <name>.text:strncpy</name>
         <load_address>0x91ec</load_address>
         <run_address>0x91ec</run_address>
         <size>0x2c</size>
         <input_file_ref idref="fl-92"/>
      </object_component>
      <object_component id="oc-446">
         <name>.text:free_list_insert</name>
         <load_address>0x9218</load_address>
         <run_address>0x9218</run_address>
         <size>0x28</size>
         <input_file_ref idref="fl-70"/>
      </object_component>
      <object_component id="oc-4ab">
         <name>.text:unlink</name>
         <load_address>0x9240</load_address>
         <run_address>0x9240</run_address>
         <size>0x28</size>
         <input_file_ref idref="fl-96"/>
      </object_component>
      <object_component id="oc-3f4">
         <name>.text:lseek</name>
         <load_address>0x9268</load_address>
         <run_address>0x9268</run_address>
         <size>0x26</size>
         <input_file_ref idref="fl-8b"/>
      </object_component>
      <object_component id="oc-2b3">
         <name>.text:EUSCI_B_I2C_initSlave</name>
         <load_address>0x928e</load_address>
         <run_address>0x928e</run_address>
         <size>0x24</size>
         <input_file_ref idref="fl-6"/>
      </object_component>
      <object_component id="oc-297">
         <name>.text:SD24_enableInterrupt</name>
         <load_address>0x92b2</load_address>
         <run_address>0x92b2</run_address>
         <size>0x24</size>
         <input_file_ref idref="fl-c"/>
      </object_component>
      <object_component id="oc-288">
         <name>.text:SD24_init</name>
         <load_address>0x92d6</load_address>
         <run_address>0x92d6</run_address>
         <size>0x24</size>
         <input_file_ref idref="fl-c"/>
      </object_component>
      <object_component id="oc-389">
         <name>.text:write</name>
         <load_address>0x92fa</load_address>
         <run_address>0x92fa</run_address>
         <size>0x24</size>
         <input_file_ref idref="fl-76"/>
      </object_component>
      <object_component id="oc-3a2">
         <name>.text:memccpy</name>
         <load_address>0x931e</load_address>
         <run_address>0x931e</run_address>
         <size>0x22</size>
         <input_file_ref idref="fl-6d"/>
      </object_component>
      <object_component id="oc-134">
         <name>.text:_c_int00_noargs</name>
         <load_address>0x9340</load_address>
         <run_address>0x9340</run_address>
         <size>0x1c</size>
         <input_file_ref idref="fl-4f"/>
      </object_component>
      <object_component id="oc-440">
         <name>.text:free_list_remove</name>
         <load_address>0x935c</load_address>
         <run_address>0x935c</run_address>
         <size>0x1c</size>
         <input_file_ref idref="fl-70"/>
      </object_component>
      <object_component id="oc-20c">
         <name>.text:SD24_getHighWordResults</name>
         <load_address>0x9378</load_address>
         <run_address>0x9378</run_address>
         <size>0x1a</size>
         <input_file_ref idref="fl-c"/>
      </object_component>
      <object_component id="oc-506">
         <name>.text:strchr</name>
         <load_address>0x9392</load_address>
         <run_address>0x9392</run_address>
         <size>0x1a</size>
         <input_file_ref idref="fl-72"/>
      </object_component>
      <object_component id="oc-52b">
         <name>.text:strcmp</name>
         <load_address>0x93ac</load_address>
         <run_address>0x93ac</run_address>
         <size>0x18</size>
         <input_file_ref idref="fl-90"/>
      </object_component>
      <object_component id="oc-1f3">
         <name>.text:WDT_hold</name>
         <load_address>0x93c4</load_address>
         <run_address>0x93c4</run_address>
         <size>0x16</size>
         <input_file_ref idref="fl-10"/>
      </object_component>
      <object_component id="oc-3e5">
         <name>.text</name>
         <load_address>0x93da</load_address>
         <run_address>0x93da</run_address>
         <size>0x16</size>
         <input_file_ref idref="fl-37"/>
      </object_component>
      <object_component id="oc-122">
         <name>.text:decompress:ZI:__TI_zero_init_nomemset:__TI_zero_init_nomemset</name>
         <load_address>0x93f0</load_address>
         <run_address>0x93f0</run_address>
         <size>0x14</size>
         <input_file_ref idref="fl-51"/>
      </object_component>
      <object_component id="oc-37d">
         <name>.text:memchr</name>
         <load_address>0x9404</load_address>
         <run_address>0x9404</run_address>
         <size>0x14</size>
         <input_file_ref idref="fl-6e"/>
      </object_component>
      <object_component id="oc-395">
         <name>.text:memset</name>
         <load_address>0x9418</load_address>
         <run_address>0x9418</run_address>
         <size>0x14</size>
         <input_file_ref idref="fl-71"/>
      </object_component>
      <object_component id="oc-366">
         <name>.text</name>
         <load_address>0x942c</load_address>
         <run_address>0x942c</run_address>
         <size>0x14</size>
         <input_file_ref idref="fl-4a"/>
      </object_component>
      <object_component id="oc-29d">
         <name>.text:SD24_startConverterConversion</name>
         <load_address>0x9440</load_address>
         <run_address>0x9440</run_address>
         <size>0x12</size>
         <input_file_ref idref="fl-c"/>
      </object_component>
      <object_component id="oc-36">
         <name>.text:decompress:none:__TI_decompress_none</name>
         <load_address>0x9452</load_address>
         <run_address>0x9452</run_address>
         <size>0x12</size>
         <input_file_ref idref="fl-59"/>
      </object_component>
      <object_component id="oc-10a">
         <name>.text:memcpy</name>
         <load_address>0x9464</load_address>
         <run_address>0x9464</run_address>
         <size>0x12</size>
         <input_file_ref idref="fl-6f"/>
      </object_component>
      <object_component id="oc-fa">
         <name>.text</name>
         <load_address>0x9476</load_address>
         <run_address>0x9476</run_address>
         <size>0x10</size>
         <input_file_ref idref="fl-39"/>
      </object_component>
      <object_component id="oc-4d4">
         <name>.text:strcpy</name>
         <load_address>0x9486</load_address>
         <run_address>0x9486</run_address>
         <size>0x10</size>
         <input_file_ref idref="fl-91"/>
      </object_component>
      <object_component id="oc-31b">
         <name>.text:strlen</name>
         <load_address>0x9496</load_address>
         <run_address>0x9496</run_address>
         <size>0xe</size>
         <input_file_ref idref="fl-73"/>
      </object_component>
      <object_component id="oc-2b9">
         <name>.text:EUSCI_B_I2C_setMode</name>
         <load_address>0x94a4</load_address>
         <run_address>0x94a4</run_address>
         <size>0xc</size>
         <input_file_ref idref="fl-6"/>
      </object_component>
      <object_component id="oc-18d">
         <name>.text:EUSCI_B_I2C_slaveGetData</name>
         <load_address>0x94b0</load_address>
         <run_address>0x94b0</run_address>
         <size>0x8</size>
         <input_file_ref idref="fl-6"/>
      </object_component>
      <object_component id="oc-181">
         <name>.text:EUSCI_B_I2C_slavePutData</name>
         <load_address>0x94b8</load_address>
         <run_address>0x94b8</run_address>
         <size>0x8</size>
         <input_file_ref idref="fl-6"/>
      </object_component>
      <object_component id="oc-117">
         <name>.text:_isr:__TI_ISR_TRAP</name>
         <load_address>0x94c0</load_address>
         <run_address>0x94c0</run_address>
         <size>0x8</size>
         <input_file_ref idref="fl-45"/>
      </object_component>
      <object_component id="oc-407">
         <name>.text:malloc</name>
         <load_address>0x94c8</load_address>
         <run_address>0x94c8</run_address>
         <size>0x8</size>
         <input_file_ref idref="fl-70"/>
      </object_component>
      <object_component id="oc-2c5">
         <name>.text:EUSCI_B_I2C_clearInterrupt</name>
         <load_address>0x94d0</load_address>
         <run_address>0x94d0</run_address>
         <size>0x6</size>
         <input_file_ref idref="fl-6"/>
      </object_component>
      <object_component id="oc-187">
         <name>.text:EUSCI_B_I2C_disableInterrupt</name>
         <load_address>0x94d6</load_address>
         <run_address>0x94d6</run_address>
         <size>0x6</size>
         <input_file_ref idref="fl-6"/>
      </object_component>
      <object_component id="oc-2bf">
         <name>.text:EUSCI_B_I2C_enable</name>
         <load_address>0x94dc</load_address>
         <run_address>0x94dc</run_address>
         <size>0x6</size>
         <input_file_ref idref="fl-6"/>
      </object_component>
      <object_component id="oc-2cb">
         <name>.text:EUSCI_B_I2C_enableInterrupt</name>
         <load_address>0x94e2</load_address>
         <run_address>0x94e2</run_address>
         <size>0x6</size>
         <input_file_ref idref="fl-6"/>
      </object_component>
      <object_component id="oc-277">
         <name>.text:_outc</name>
         <load_address>0x94e8</load_address>
         <run_address>0x94e8</run_address>
         <size>0x6</size>
         <input_file_ref idref="fl-2b"/>
      </object_component>
      <object_component id="oc-215">
         <name>.text:abort</name>
         <load_address>0x94ee</load_address>
         <run_address>0x94ee</run_address>
         <size>0x6</size>
         <input_file_ref idref="fl-66"/>
      </object_component>
      <object_component id="oc-271">
         <name>.text:_outs</name>
         <load_address>0x94f4</load_address>
         <run_address>0x94f4</run_address>
         <size>0x4</size>
         <input_file_ref idref="fl-2b"/>
      </object_component>
      <object_component id="oc-1a2">
         <name>.text:_system_pre_init</name>
         <load_address>0x94f8</load_address>
         <run_address>0x94f8</run_address>
         <size>0x4</size>
         <input_file_ref idref="fl-57"/>
      </object_component>
      <object_component id="oc-300">
         <name>.text:_nop</name>
         <load_address>0x94fc</load_address>
         <run_address>0x94fc</run_address>
         <size>0x2</size>
         <input_file_ref idref="fl-67"/>
      </object_component>
      <object_component id="oc-2df">
         <name>.text:_system_post_cinit</name>
         <load_address>0x94fe</load_address>
         <run_address>0x94fe</run_address>
         <size>0x2</size>
         <input_file_ref idref="fl-58"/>
      </object_component>
      <object_component id="oc-580">
         <name>.cinit..data.load</name>
         <load_address>0x9562</load_address>
         <run_address>0x9562</run_address>
         <size>0x4a</size>
      </object_component>
      <object_component id="oc-57d">
         <name>__TI_handler_table</name>
         <load_address>0x95ac</load_address>
         <run_address>0x95ac</run_address>
         <size>0x6</size>
      </object_component>
      <object_component id="oc-57f">
         <name>.cinit..bss.load</name>
         <load_address>0x95b2</load_address>
         <run_address>0x95b2</run_address>
         <size>0x4</size>
      </object_component>
      <object_component id="oc-57e">
         <name>__TI_cinit_table</name>
         <load_address>0x95b6</load_address>
         <run_address>0x95b6</run_address>
         <size>0x8</size>
      </object_component>
      <object_component id="oc-39b">
         <name>.const:.string</name>
         <load_address>0x9500</load_address>
         <run_address>0x9500</run_address>
         <size>0x26</size>
         <input_file_ref idref="fl-2c"/>
      </object_component>
      <object_component id="oc-346">
         <name>.const:GPIO_PORT_TO_BASE</name>
         <load_address>0x9526</load_address>
         <run_address>0x9526</run_address>
         <size>0x1c</size>
         <input_file_ref idref="fl-9"/>
      </object_component>
      <object_component id="oc-1f9">
         <name>.const:.string</name>
         <load_address>0x9542</load_address>
         <run_address>0x9542</run_address>
         <size>0xe</size>
         <input_file_ref idref="fl-2"/>
      </object_component>
      <object_component id="oc-28e">
         <name>.const:$P$T0$1</name>
         <load_address>0x9550</load_address>
         <run_address>0x9550</run_address>
         <size>0xc</size>
         <input_file_ref idref="fl-2"/>
      </object_component>
      <object_component id="oc-2a4">
         <name>.const:$P$T1$2</name>
         <load_address>0x955c</load_address>
         <run_address>0x955c</run_address>
         <size>0x6</size>
         <input_file_ref idref="fl-2"/>
      </object_component>
      <object_component id="oc-4ef">
         <name>.cio</name>
         <uninitialized>true</uninitialized>
         <run_address>0x44e</run_address>
         <size>0x120</size>
         <input_file_ref idref="fl-89"/>
      </object_component>
      <object_component id="oc-542">
         <name>.binit</name>
         <load_address>0x8000</load_address>
         <run_address>0x8000</run_address>
         <size>0x0</size>
      </object_component>
      <object_component id="oc-3c">
         <name>.int01</name>
         <load_address>0xffe2</load_address>
         <run_address>0xffe2</run_address>
         <size>0x2</size>
         <input_file_ref idref="fl-3a"/>
      </object_component>
      <object_component id="oc-3d">
         <name>.int04</name>
         <load_address>0xffe8</load_address>
         <run_address>0xffe8</run_address>
         <size>0x2</size>
         <input_file_ref idref="fl-3b"/>
      </object_component>
      <object_component id="oc-3e">
         <name>.int05</name>
         <load_address>0xffea</load_address>
         <run_address>0xffea</run_address>
         <size>0x2</size>
         <input_file_ref idref="fl-3c"/>
      </object_component>
      <object_component id="oc-3f">
         <name>.int06</name>
         <load_address>0xffec</load_address>
         <run_address>0xffec</run_address>
         <size>0x2</size>
         <input_file_ref idref="fl-3d"/>
      </object_component>
      <object_component id="oc-40">
         <name>.int07</name>
         <load_address>0xffee</load_address>
         <run_address>0xffee</run_address>
         <size>0x2</size>
         <input_file_ref idref="fl-3e"/>
      </object_component>
      <object_component id="oc-41">
         <name>.int08</name>
         <load_address>0xfff0</load_address>
         <run_address>0xfff0</run_address>
         <size>0x2</size>
         <input_file_ref idref="fl-2"/>
      </object_component>
      <object_component id="oc-42">
         <name>.int09</name>
         <load_address>0xfff2</load_address>
         <run_address>0xfff2</run_address>
         <size>0x2</size>
         <input_file_ref idref="fl-3f"/>
      </object_component>
      <object_component id="oc-43">
         <name>.int10</name>
         <load_address>0xfff4</load_address>
         <run_address>0xfff4</run_address>
         <size>0x2</size>
         <input_file_ref idref="fl-40"/>
      </object_component>
      <object_component id="oc-44">
         <name>.int11</name>
         <load_address>0xfff6</load_address>
         <run_address>0xfff6</run_address>
         <size>0x2</size>
         <input_file_ref idref="fl-41"/>
      </object_component>
      <object_component id="oc-45">
         <name>.int12</name>
         <load_address>0xfff8</load_address>
         <run_address>0xfff8</run_address>
         <size>0x2</size>
         <input_file_ref idref="fl-42"/>
      </object_component>
      <object_component id="oc-46">
         <name>.int13</name>
         <load_address>0xfffa</load_address>
         <run_address>0xfffa</run_address>
         <size>0x2</size>
         <input_file_ref idref="fl-43"/>
      </object_component>
      <object_component id="oc-47">
         <name>.int14</name>
         <load_address>0xfffc</load_address>
         <run_address>0xfffc</run_address>
         <size>0x2</size>
         <input_file_ref idref="fl-44"/>
      </object_component>
      <object_component id="oc-ec">
         <name>.reset</name>
         <load_address>0xfffe</load_address>
         <run_address>0xfffe</run_address>
         <size>0x2</size>
         <input_file_ref idref="fl-4f"/>
      </object_component>
      <object_component id="oc-1db">
         <name>.debug_info</name>
         <load_address>0x0</load_address>
         <run_address>0x0</run_address>
         <size>0x6be</size>
         <input_file_ref idref="fl-2"/>
      </object_component>
      <object_component id="oc-194">
         <name>.debug_info</name>
         <load_address>0x6be</load_address>
         <run_address>0x6be</run_address>
         <size>0xcc</size>
         <input_file_ref idref="fl-2"/>
      </object_component>
      <object_component id="oc-17c">
         <name>.debug_info</name>
         <load_address>0x78a</load_address>
         <run_address>0x78a</run_address>
         <size>0xfc</size>
         <input_file_ref idref="fl-2"/>
      </object_component>
      <object_component id="oc-17f">
         <name>.debug_info</name>
         <load_address>0x886</load_address>
         <run_address>0x886</run_address>
         <size>0xcc</size>
         <input_file_ref idref="fl-2"/>
      </object_component>
      <object_component id="oc-197">
         <name>.debug_info</name>
         <load_address>0x952</load_address>
         <run_address>0x952</run_address>
         <size>0x1bc</size>
         <input_file_ref idref="fl-2"/>
      </object_component>
      <object_component id="oc-28f">
         <name>.debug_info</name>
         <load_address>0xb0e</load_address>
         <run_address>0xb0e</run_address>
         <size>0xce</size>
         <input_file_ref idref="fl-2"/>
      </object_component>
      <object_component id="oc-2a5">
         <name>.debug_info</name>
         <load_address>0xbdc</load_address>
         <run_address>0xbdc</run_address>
         <size>0xce</size>
         <input_file_ref idref="fl-2"/>
      </object_component>
      <object_component id="oc-201">
         <name>.debug_info</name>
         <load_address>0xcaa</load_address>
         <run_address>0xcaa</run_address>
         <size>0x1af</size>
         <input_file_ref idref="fl-2"/>
      </object_component>
      <object_component id="oc-207">
         <name>.debug_info</name>
         <load_address>0xe59</load_address>
         <run_address>0xe59</run_address>
         <size>0x208</size>
         <input_file_ref idref="fl-2"/>
      </object_component>
      <object_component id="oc-1a9">
         <name>.debug_info</name>
         <load_address>0x1061</load_address>
         <run_address>0x1061</run_address>
         <size>0x164</size>
         <input_file_ref idref="fl-2"/>
      </object_component>
      <object_component id="oc-11d">
         <name>.debug_info</name>
         <load_address>0x11c5</load_address>
         <run_address>0x11c5</run_address>
         <size>0x162</size>
         <input_file_ref idref="fl-2"/>
      </object_component>
      <object_component id="oc-260">
         <name>.debug_info</name>
         <load_address>0x1327</load_address>
         <run_address>0x1327</run_address>
         <size>0x26b</size>
         <input_file_ref idref="fl-2"/>
      </object_component>
      <object_component id="oc-256">
         <name>.debug_info</name>
         <load_address>0x1592</load_address>
         <run_address>0x1592</run_address>
         <size>0xf5</size>
         <input_file_ref idref="fl-2"/>
      </object_component>
      <object_component id="oc-25b">
         <name>.debug_info</name>
         <load_address>0x1687</load_address>
         <run_address>0x1687</run_address>
         <size>0xda</size>
         <input_file_ref idref="fl-2"/>
      </object_component>
      <object_component id="oc-1eb">
         <name>.debug_info</name>
         <load_address>0x1761</load_address>
         <run_address>0x1761</run_address>
         <size>0x8b</size>
         <input_file_ref idref="fl-2"/>
      </object_component>
      <object_component id="oc-265">
         <name>.debug_info</name>
         <load_address>0x17ec</load_address>
         <run_address>0x17ec</run_address>
         <size>0x282</size>
         <input_file_ref idref="fl-2"/>
      </object_component>
      <object_component id="oc-1e0">
         <name>.debug_info</name>
         <load_address>0x1a6e</load_address>
         <run_address>0x1a6e</run_address>
         <size>0xbb</size>
         <input_file_ref idref="fl-2"/>
      </object_component>
      <object_component id="oc-329">
         <name>.debug_info</name>
         <load_address>0x1b29</load_address>
         <run_address>0x1b29</run_address>
         <size>0x2c</size>
         <input_file_ref idref="fl-2"/>
      </object_component>
      <object_component id="oc-2a8">
         <name>.debug_info</name>
         <load_address>0x1b55</load_address>
         <run_address>0x1b55</run_address>
         <size>0x15c</size>
         <input_file_ref idref="fl-3"/>
      </object_component>
      <object_component id="oc-105">
         <name>.debug_info</name>
         <load_address>0x1cb1</load_address>
         <run_address>0x1cb1</run_address>
         <size>0x84</size>
         <input_file_ref idref="fl-3"/>
      </object_component>
      <object_component id="oc-34b">
         <name>.debug_info</name>
         <load_address>0x1d35</load_address>
         <run_address>0x1d35</run_address>
         <size>0x16a</size>
         <input_file_ref idref="fl-6"/>
      </object_component>
      <object_component id="oc-182">
         <name>.debug_info</name>
         <load_address>0x1e9f</load_address>
         <run_address>0x1e9f</run_address>
         <size>0x1ef</size>
         <input_file_ref idref="fl-6"/>
      </object_component>
      <object_component id="oc-18e">
         <name>.debug_info</name>
         <load_address>0x208e</load_address>
         <run_address>0x208e</run_address>
         <size>0x1b1</size>
         <input_file_ref idref="fl-6"/>
      </object_component>
      <object_component id="oc-2ba">
         <name>.debug_info</name>
         <load_address>0x223f</load_address>
         <run_address>0x223f</run_address>
         <size>0x1c5</size>
         <input_file_ref idref="fl-6"/>
      </object_component>
      <object_component id="oc-2b4">
         <name>.debug_info</name>
         <load_address>0x2404</load_address>
         <run_address>0x2404</run_address>
         <size>0x1cd</size>
         <input_file_ref idref="fl-6"/>
      </object_component>
      <object_component id="oc-2cc">
         <name>.debug_info</name>
         <load_address>0x25d1</load_address>
         <run_address>0x25d1</run_address>
         <size>0x1d5</size>
         <input_file_ref idref="fl-6"/>
      </object_component>
      <object_component id="oc-2c1">
         <name>.debug_info</name>
         <load_address>0x27a6</load_address>
         <run_address>0x27a6</run_address>
         <size>0x1a1</size>
         <input_file_ref idref="fl-6"/>
      </object_component>
      <object_component id="oc-188">
         <name>.debug_info</name>
         <load_address>0x2947</load_address>
         <run_address>0x2947</run_address>
         <size>0x1d7</size>
         <input_file_ref idref="fl-6"/>
      </object_component>
      <object_component id="oc-2c6">
         <name>.debug_info</name>
         <load_address>0x2b1e</load_address>
         <run_address>0x2b1e</run_address>
         <size>0x1d3</size>
         <input_file_ref idref="fl-6"/>
      </object_component>
      <object_component id="oc-3b9">
         <name>.debug_info</name>
         <load_address>0x2cf1</load_address>
         <run_address>0x2cf1</run_address>
         <size>0x164</size>
         <input_file_ref idref="fl-9"/>
      </object_component>
      <object_component id="oc-347">
         <name>.debug_info</name>
         <load_address>0x2e55</load_address>
         <run_address>0x2e55</run_address>
         <size>0xf7</size>
         <input_file_ref idref="fl-9"/>
      </object_component>
      <object_component id="oc-2ae">
         <name>.debug_info</name>
         <load_address>0x2f4c</load_address>
         <run_address>0x2f4c</run_address>
         <size>0x243</size>
         <input_file_ref idref="fl-9"/>
      </object_component>
      <object_component id="oc-340">
         <name>.debug_info</name>
         <load_address>0x318f</load_address>
         <run_address>0x318f</run_address>
         <size>0x15c</size>
         <input_file_ref idref="fl-c"/>
      </object_component>
      <object_component id="oc-29f">
         <name>.debug_info</name>
         <load_address>0x32eb</load_address>
         <run_address>0x32eb</run_address>
         <size>0x1ef</size>
         <input_file_ref idref="fl-c"/>
      </object_component>
      <object_component id="oc-292">
         <name>.debug_info</name>
         <load_address>0x34da</load_address>
         <run_address>0x34da</run_address>
         <size>0x1d9</size>
         <input_file_ref idref="fl-c"/>
      </object_component>
      <object_component id="oc-28a">
         <name>.debug_info</name>
         <load_address>0x36b3</load_address>
         <run_address>0x36b3</run_address>
         <size>0x1fa</size>
         <input_file_ref idref="fl-c"/>
      </object_component>
      <object_component id="oc-20d">
         <name>.debug_info</name>
         <load_address>0x38ad</load_address>
         <run_address>0x38ad</run_address>
         <size>0x204</size>
         <input_file_ref idref="fl-c"/>
      </object_component>
      <object_component id="oc-298">
         <name>.debug_info</name>
         <load_address>0x3ab1</load_address>
         <run_address>0x3ab1</run_address>
         <size>0x1ff</size>
         <input_file_ref idref="fl-c"/>
      </object_component>
      <object_component id="oc-1f5">
         <name>.debug_info</name>
         <load_address>0x3cb0</load_address>
         <run_address>0x3cb0</run_address>
         <size>0x196</size>
         <input_file_ref idref="fl-10"/>
      </object_component>
      <object_component id="oc-287">
         <name>.debug_info</name>
         <load_address>0x3e46</load_address>
         <run_address>0x3e46</run_address>
         <size>0x2bd</size>
         <input_file_ref idref="fl-2b"/>
      </object_component>
      <object_component id="oc-279">
         <name>.debug_info</name>
         <load_address>0x4103</load_address>
         <run_address>0x4103</run_address>
         <size>0x162</size>
         <input_file_ref idref="fl-2b"/>
      </object_component>
      <object_component id="oc-273">
         <name>.debug_info</name>
         <load_address>0x4265</load_address>
         <run_address>0x4265</run_address>
         <size>0x166</size>
         <input_file_ref idref="fl-2b"/>
      </object_component>
      <object_component id="oc-1fb">
         <name>.debug_info</name>
         <load_address>0x43cb</load_address>
         <run_address>0x43cb</run_address>
         <size>0x184</size>
         <input_file_ref idref="fl-2b"/>
      </object_component>
      <object_component id="oc-337">
         <name>.debug_info</name>
         <load_address>0x454f</load_address>
         <run_address>0x454f</run_address>
         <size>0xb2</size>
         <input_file_ref idref="fl-2b"/>
      </object_component>
      <object_component id="oc-328">
         <name>.debug_info</name>
         <load_address>0x4601</load_address>
         <run_address>0x4601</run_address>
         <size>0x439</size>
         <input_file_ref idref="fl-2c"/>
      </object_component>
      <object_component id="oc-39e">
         <name>.debug_info</name>
         <load_address>0x4a3a</load_address>
         <run_address>0x4a3a</run_address>
         <size>0x2ff</size>
         <input_file_ref idref="fl-2c"/>
      </object_component>
      <object_component id="oc-323">
         <name>.debug_info</name>
         <load_address>0x4d39</load_address>
         <run_address>0x4d39</run_address>
         <size>0x2dc</size>
         <input_file_ref idref="fl-2c"/>
      </object_component>
      <object_component id="oc-27f">
         <name>.debug_info</name>
         <load_address>0x5015</load_address>
         <run_address>0x5015</run_address>
         <size>0x33d</size>
         <input_file_ref idref="fl-2c"/>
      </object_component>
      <object_component id="oc-32e">
         <name>.debug_info</name>
         <load_address>0x5352</load_address>
         <run_address>0x5352</run_address>
         <size>0x86</size>
         <input_file_ref idref="fl-2c"/>
      </object_component>
      <object_component id="oc-3eb">
         <name>.debug_info</name>
         <load_address>0x53d8</load_address>
         <run_address>0x53d8</run_address>
         <size>0xa1</size>
         <input_file_ref idref="fl-2c"/>
      </object_component>
      <object_component id="oc-3b0">
         <name>.debug_info</name>
         <load_address>0x5479</load_address>
         <run_address>0x5479</run_address>
         <size>0x39</size>
         <input_file_ref idref="fl-2c"/>
      </object_component>
      <object_component id="oc-48e">
         <name>.debug_info</name>
         <load_address>0x54b2</load_address>
         <run_address>0x54b2</run_address>
         <size>0x7a</size>
         <input_file_ref idref="fl-2c"/>
      </object_component>
      <object_component id="oc-435">
         <name>.debug_info</name>
         <load_address>0x552c</load_address>
         <run_address>0x552c</run_address>
         <size>0x46</size>
         <input_file_ref idref="fl-2c"/>
      </object_component>
      <object_component id="oc-3ab">
         <name>.debug_info</name>
         <load_address>0x5572</load_address>
         <run_address>0x5572</run_address>
         <size>0x2c</size>
         <input_file_ref idref="fl-2c"/>
      </object_component>
      <object_component id="oc-392">
         <name>.debug_info</name>
         <load_address>0x559e</load_address>
         <run_address>0x559e</run_address>
         <size>0x25b</size>
         <input_file_ref idref="fl-2d"/>
      </object_component>
      <object_component id="oc-315">
         <name>.debug_info</name>
         <load_address>0x57f9</load_address>
         <run_address>0x57f9</run_address>
         <size>0x1d0</size>
         <input_file_ref idref="fl-2d"/>
      </object_component>
      <object_component id="oc-390">
         <name>.debug_info</name>
         <load_address>0x59c9</load_address>
         <run_address>0x59c9</run_address>
         <size>0x2d4</size>
         <input_file_ref idref="fl-2e"/>
      </object_component>
      <object_component id="oc-30e">
         <name>.debug_info</name>
         <load_address>0x5c9d</load_address>
         <run_address>0x5c9d</run_address>
         <size>0x2c7</size>
         <input_file_ref idref="fl-2e"/>
      </object_component>
      <object_component id="oc-16e">
         <name>.debug_info</name>
         <load_address>0x5f64</load_address>
         <run_address>0x5f64</run_address>
         <size>0x2c</size>
         <input_file_ref idref="fl-2e"/>
      </object_component>
      <object_component id="oc-3d3">
         <name>.debug_info</name>
         <load_address>0x5f90</load_address>
         <run_address>0x5f90</run_address>
         <size>0x1d8</size>
         <input_file_ref idref="fl-2f"/>
      </object_component>
      <object_component id="oc-37b">
         <name>.debug_info</name>
         <load_address>0x6168</load_address>
         <run_address>0x6168</run_address>
         <size>0x196</size>
         <input_file_ref idref="fl-2f"/>
      </object_component>
      <object_component id="oc-415">
         <name>.debug_info</name>
         <load_address>0x62fe</load_address>
         <run_address>0x62fe</run_address>
         <size>0xbf</size>
         <input_file_ref idref="fl-2f"/>
      </object_component>
      <object_component id="oc-414">
         <name>.debug_info</name>
         <load_address>0x63bd</load_address>
         <run_address>0x63bd</run_address>
         <size>0x24c</size>
         <input_file_ref idref="fl-30"/>
      </object_component>
      <object_component id="oc-3cd">
         <name>.debug_info</name>
         <load_address>0x6609</load_address>
         <run_address>0x6609</run_address>
         <size>0x1fe</size>
         <input_file_ref idref="fl-30"/>
      </object_component>
      <object_component id="oc-3e8">
         <name>.debug_info</name>
         <load_address>0x6807</load_address>
         <run_address>0x6807</run_address>
         <size>0x121</size>
         <input_file_ref idref="fl-37"/>
      </object_component>
      <object_component id="oc-fb">
         <name>.debug_info</name>
         <load_address>0x6928</load_address>
         <run_address>0x6928</run_address>
         <size>0x12e</size>
         <input_file_ref idref="fl-39"/>
      </object_component>
      <object_component id="oc-119">
         <name>.debug_info</name>
         <load_address>0x6a56</load_address>
         <run_address>0x6a56</run_address>
         <size>0x10f</size>
         <input_file_ref idref="fl-45"/>
      </object_component>
      <object_component id="oc-f2">
         <name>.debug_info</name>
         <load_address>0x6b65</load_address>
         <run_address>0x6b65</run_address>
         <size>0x120</size>
         <input_file_ref idref="fl-46"/>
      </object_component>
      <object_component id="oc-4cc">
         <name>.debug_info</name>
         <load_address>0x6c85</load_address>
         <run_address>0x6c85</run_address>
         <size>0x126</size>
         <input_file_ref idref="fl-47"/>
      </object_component>
      <object_component id="oc-f7">
         <name>.debug_info</name>
         <load_address>0x6dab</load_address>
         <run_address>0x6dab</run_address>
         <size>0x120</size>
         <input_file_ref idref="fl-48"/>
      </object_component>
      <object_component id="oc-369">
         <name>.debug_info</name>
         <load_address>0x6ecb</load_address>
         <run_address>0x6ecb</run_address>
         <size>0x11f</size>
         <input_file_ref idref="fl-4a"/>
      </object_component>
      <object_component id="oc-ea">
         <name>.debug_info</name>
         <load_address>0x6fea</load_address>
         <run_address>0x6fea</run_address>
         <size>0x100</size>
         <input_file_ref idref="fl-4f"/>
[...]
         <name>__mspabi_func_epilog_2</name>
         <value>0x9480</value>
         <object_component_ref idref="oc-fa"/>
      </symbol>
      <symbol id="sm-2fe">
         <name>__mspabi_func_epilog_3</name>
         <value>0x947e</value>
         <object_component_ref idref="oc-fa"/>
      </symbol>
      <symbol id="sm-2ff">
         <name>__mspabi_func_epilog_1</name>
         <value>0x9482</value>
         <object_component_ref idref="oc-fa"/>
      </symbol>
      <symbol id="sm-300">
         <name>__mspabi_func_epilog_6</name>
         <value>0x9478</value>
         <object_component_ref idref="oc-fa"/>
      </symbol>
      <symbol id="sm-301">
         <name>__mspabi_func_epilog_7</name>
         <value>0x9476</value>
         <object_component_ref idref="oc-fa"/>
      </symbol>
      <symbol id="sm-302">
         <name>__mspabi_func_epilog_4</name>
         <value>0x947c</value>
         <object_component_ref idref="oc-fa"/>
      </symbol>
      <symbol id="sm-303">
         <name>__mspabi_func_epilog_5</name>
         <value>0x947a</value>
         <object_component_ref idref="oc-fa"/>
      </symbol>
      <symbol id="sm-306">
         <name>__TI_int01</name>
         <value>0xffe2</value>
         <object_component_ref idref="oc-3c"/>
      </symbol>
      <symbol id="sm-309">
         <name>__TI_int04</name>
         <value>0xffe8</value>
         <object_component_ref idref="oc-3d"/>
      </symbol>
      <symbol id="sm-30c">
         <name>__TI_int05</name>
         <value>0xffea</value>
         <object_component_ref idref="oc-3e"/>
      </symbol>
      <symbol id="sm-30f">
         <name>__TI_int06</name>
         <value>0xffec</value>
         <object_component_ref idref="oc-3f"/>
      </symbol>
      <symbol id="sm-312">
         <name>__TI_int07</name>
         <value>0xffee</value>
         <object_component_ref idref="oc-40"/>
      </symbol>
      <symbol id="sm-315">
         <name>__TI_int09</name>
         <value>0xfff2</value>
         <object_component_ref idref="oc-42"/>
      </symbol>
      <symbol id="sm-318">
         <name>__TI_int10</name>
         <value>0xfff4</value>
         <object_component_ref idref="oc-43"/>
      </symbol>
      <symbol id="sm-31b">
         <name>__TI_int11</name>
         <value>0xfff6</value>
         <object_component_ref idref="oc-44"/>
      </symbol>
      <symbol id="sm-31e">
         <name>__TI_int12</name>
         <value>0xfff8</value>
         <object_component_ref idref="oc-45"/>
      </symbol>
      <symbol id="sm-321">
         <name>__TI_int13</name>
         <value>0xfffa</value>
         <object_component_ref idref="oc-46"/>
      </symbol>
      <symbol id="sm-324">
         <name>__TI_int14</name>
         <value>0xfffc</value>
         <object_component_ref idref="oc-47"/>
      </symbol>
      <symbol id="sm-32c">
         <name>__TI_ISR_TRAP</name>
         <value>0x94c0</value>
         <object_component_ref idref="oc-117"/>
      </symbol>
      <symbol id="sm-334">
         <name>__mspabi_slli</name>
         <value>0x91c0</value>
         <object_component_ref idref="oc-f0"/>
      </symbol>
      <symbol id="sm-335">
         <name>__mspabi_slli_9</name>
         <value>0x91d8</value>
         <object_component_ref idref="oc-f0"/>
      </symbol>
      <symbol id="sm-336">
         <name>__mspabi_slli_8</name>
         <value>0x91da</value>
         <object_component_ref idref="oc-f0"/>
      </symbol>
      <symbol id="sm-337">
         <name>__mspabi_slli_7</name>
         <value>0x91dc</value>
         <object_component_ref idref="oc-f0"/>
      </symbol>
      <symbol id="sm-338">
         <name>__mspabi_slli_6</name>
         <value>0x91de</value>
         <object_component_ref idref="oc-f0"/>
      </symbol>
      <symbol id="sm-339">
         <name>__mspabi_slli_5</name>
         <value>0x91e0</value>
         <object_component_ref idref="oc-f0"/>
      </symbol>
      <symbol id="sm-33a">
         <name>__mspabi_slli_4</name>
         <value>0x91e2</value>
         <object_component_ref idref="oc-f0"/>
      </symbol>
      <symbol id="sm-33b">
         <name>__mspabi_slli_3</name>
         <value>0x91e4</value>
         <object_component_ref idref="oc-f0"/>
      </symbol>
      <symbol id="sm-33c">
         <name>__mspabi_slli_2</name>
         <value>0x91e6</value>
         <object_component_ref idref="oc-f0"/>
      </symbol>
      <symbol id="sm-33d">
         <name>__mspabi_slli_1</name>
         <value>0x91e8</value>
         <object_component_ref idref="oc-f0"/>
      </symbol>
      <symbol id="sm-33e">
         <name>__mspabi_slli_15</name>
         <value>0x91cc</value>
         <object_component_ref idref="oc-f0"/>
      </symbol>
      <symbol id="sm-33f">
         <name>__mspabi_slli_14</name>
         <value>0x91ce</value>
         <object_component_ref idref="oc-f0"/>
      </symbol>
      <symbol id="sm-340">
         <name>__mspabi_slli_13</name>
         <value>0x91d0</value>
         <object_component_ref idref="oc-f0"/>
      </symbol>
      <symbol id="sm-341">
         <name>__mspabi_slli_12</name>
         <value>0x91d2</value>
         <object_component_ref idref="oc-f0"/>
      </symbol>
      <symbol id="sm-342">
         <name>__mspabi_slli_11</name>
         <value>0x91d4</value>
         <object_component_ref idref="oc-f0"/>
      </symbol>
      <symbol id="sm-343">
         <name>__mspabi_slli_10</name>
         <value>0x91d6</value>
         <object_component_ref idref="oc-f0"/>
      </symbol>
      <symbol id="sm-34b">
         <name>__mspabi_slll_9</name>
         <value>0x906e</value>
         <object_component_ref idref="oc-4cb"/>
      </symbol>
      <symbol id="sm-34c">
         <name>__mspabi_slll_8</name>
         <value>0x9072</value>
         <object_component_ref idref="oc-4cb"/>
      </symbol>
      <symbol id="sm-34d">
         <name>__mspabi_slll_7</name>
         <value>0x9076</value>
         <object_component_ref idref="oc-4cb"/>
      </symbol>
      <symbol id="sm-34e">
         <name>__mspabi_slll_6</name>
         <value>0x907a</value>
         <object_component_ref idref="oc-4cb"/>
      </symbol>
      <symbol id="sm-34f">
         <name>__mspabi_slll_5</name>
         <value>0x907e</value>
         <object_component_ref idref="oc-4cb"/>
      </symbol>
      <symbol id="sm-350">
         <name>__mspabi_slll_4</name>
         <value>0x9082</value>
         <object_component_ref idref="oc-4cb"/>
      </symbol>
      <symbol id="sm-351">
         <name>__mspabi_slll_3</name>
         <value>0x9086</value>
         <object_component_ref idref="oc-4cb"/>
      </symbol>
      <symbol id="sm-352">
         <name>__mspabi_slll_2</name>
         <value>0x908a</value>
         <object_component_ref idref="oc-4cb"/>
      </symbol>
      <symbol id="sm-353">
         <name>__mspabi_slll_1</name>
         <value>0x908e</value>
         <object_component_ref idref="oc-4cb"/>
      </symbol>
      <symbol id="sm-354">
         <name>__mspabi_slll_15</name>
         <value>0x9056</value>
         <object_component_ref idref="oc-4cb"/>
      </symbol>
      <symbol id="sm-355">
         <name>__mspabi_slll_14</name>
         <value>0x905a</value>
         <object_component_ref idref="oc-4cb"/>
      </symbol>
      <symbol id="sm-356">
         <name>__mspabi_slll_13</name>
         <value>0x905e</value>
         <object_component_ref idref="oc-4cb"/>
      </symbol>
      <symbol id="sm-357">
         <name>__mspabi_slll_12</name>
         <value>0x9062</value>
         <object_component_ref idref="oc-4cb"/>
      </symbol>
      <symbol id="sm-358">
         <name>__mspabi_slll_11</name>
         <value>0x9066</value>
         <object_component_ref idref="oc-4cb"/>
      </symbol>
      <symbol id="sm-359">
         <name>__mspabi_slll_10</name>
         <value>0x906a</value>
         <object_component_ref idref="oc-4cb"/>
      </symbol>
      <symbol id="sm-361">
         <name>__mspabi_srli_8</name>
         <value>0x8e5a</value>
         <object_component_ref idref="oc-f5"/>
      </symbol>
      <symbol id="sm-362">
         <name>__mspabi_srli_9</name>
         <value>0x8e56</value>
         <object_component_ref idref="oc-f5"/>
      </symbol>
      <symbol id="sm-363">
         <name>__mspabi_srli_6</name>
         <value>0x8e62</value>
         <object_component_ref idref="oc-f5"/>
      </symbol>
      <symbol id="sm-364">
         <name>__mspabi_srli_7</name>
         <value>0x8e5e</value>
         <object_component_ref idref="oc-f5"/>
      </symbol>
      <symbol id="sm-365">
         <name>__mspabi_srli_4</name>
         <value>0x8e6a</value>
         <object_component_ref idref="oc-f5"/>
      </symbol>
      <symbol id="sm-366">
         <name>__mspabi_srli_5</name>
         <value>0x8e66</value>
         <object_component_ref idref="oc-f5"/>
      </symbol>
      <symbol id="sm-367">
         <name>__mspabi_srli_2</name>
         <value>0x8e72</value>
         <object_component_ref idref="oc-f5"/>
      </symbol>
      <symbol id="sm-368">
         <name>__mspabi_srli_3</name>
         <value>0x8e6e</value>
         <object_component_ref idref="oc-f5"/>
      </symbol>
      <symbol id="sm-369">
         <name>__mspabi_srli_1</name>
         <value>0x8e76</value>
         <object_component_ref idref="oc-f5"/>
      </symbol>
      <symbol id="sm-36a">
         <name>__mspabi_srli</name>
         <value>0x8e30</value>
         <object_component_ref idref="oc-f5"/>
      </symbol>
      <symbol id="sm-36b">
         <name>__mspabi_srli_15</name>
         <value>0x8e3e</value>
         <object_component_ref idref="oc-f5"/>
      </symbol>
      <symbol id="sm-36c">
         <name>__mspabi_srli_14</name>
         <value>0x8e42</value>
         <object_component_ref idref="oc-f5"/>
      </symbol>
      <symbol id="sm-36d">
         <name>__mspabi_srli_13</name>
         <value>0x8e46</value>
         <object_component_ref idref="oc-f5"/>
      </symbol>
      <symbol id="sm-36e">
         <name>__mspabi_srli_12</name>
         <value>0x8e4a</value>
         <object_component_ref idref="oc-f5"/>
      </symbol>
      <symbol id="sm-36f">
         <name>__mspabi_srli_11</name>
         <value>0x8e4e</value>
         <object_component_ref idref="oc-f5"/>
      </symbol>
      <symbol id="sm-370">
         <name>__mspabi_srli_10</name>
         <value>0x8e52</value>
         <object_component_ref idref="oc-f5"/>
      </symbol>
      <symbol id="sm-379">
         <name>__mspabi_mpyi_hw</name>
         <value>0x942c</value>
         <object_component_ref idref="oc-366"/>
      </symbol>
      <symbol id="sm-38d">
         <name>_stack</name>
         <value>0x9b0</value>
         <object_component_ref idref="oc-e9"/>
      </symbol>
      <symbol id="sm-38e">
         <name>_c_int00_noargs</name>
         <value>0x9340</value>
         <object_component_ref idref="oc-134"/>
      </symbol>
      <symbol id="sm-38f">
         <name>_reset_vector</name>
         <value>0xfffe</value>
         <object_component_ref idref="oc-ec"/>
      </symbol>
      <symbol id="sm-3b1">
         <name>__TI_auto_init_nobinit_nopinit</name>
         <value>0x8f94</value>
         <object_component_ref idref="oc-221"/>
      </symbol>
      <symbol id="sm-3c4">
         <name>__TI_zero_init_nomemset</name>
         <value>0x93f0</value>
         <object_component_ref idref="oc-122"/>
      </symbol>
      <symbol id="sm-3d3">
         <name>__TI_dtors_ptr</name>
         <value>0x442</value>
         <object_component_ref idref="oc-2d7"/>
      </symbol>
      <symbol id="sm-3d4">
         <name>__TI_cleanup_ptr</name>
         <value>0x440</value>
         <object_component_ref idref="oc-2da"/>
      </symbol>
      <symbol id="sm-3e1">
         <name>_system_pre_init</name>
         <value>0x94f8</value>
         <object_component_ref idref="oc-1a2"/>
      </symbol>
      <symbol id="sm-3ea">
         <name>_system_post_cinit</name>
         <value>0x94fe</value>
         <object_component_ref idref="oc-2df"/>
      </symbol>
      <symbol id="sm-400">
         <name>__TI_decompress_none</name>
         <value>0x9452</value>
         <object_component_ref idref="oc-36"/>
      </symbol>
      <symbol id="sm-423">
         <name>__TI_decompress_lzss</name>
         <value>0x8942</value>
         <object_component_ref idref="oc-30"/>
      </symbol>
      <symbol id="sm-44b">
         <name>C$$EXIT</name>
         <value>0x94ee</value>
         <object_component_ref idref="oc-215"/>
      </symbol>
      <symbol id="sm-44c">
         <name>abort</name>
         <value>0x94ee</value>
         <object_component_ref idref="oc-215"/>
      </symbol>
      <symbol id="sm-44d">
         <name>__TI_enable_exit_profile_output</name>
         <value>0x44a</value>
         <object_component_ref idref="oc-2d4"/>
      </symbol>
      <symbol id="sm-44e">
         <name>exit</name>
         <value>0x8f50</value>
         <object_component_ref idref="oc-21b"/>
      </symbol>
      <symbol id="sm-464">
         <name>_nop</name>
         <value>0x94fc</value>
         <object_component_ref idref="oc-300"/>
      </symbol>
      <symbol id="sm-465">
         <name>_lock</name>
         <value>0x444</value>
         <object_component_ref idref="oc-26b"/>
      </symbol>
      <symbol id="sm-466">
         <name>_unlock</name>
         <value>0x446</value>
         <object_component_ref idref="oc-283"/>
      </symbol>
      <symbol id="sm-47a">
         <name>__TI_tmpnams</name>
         <value>0x56e</value>
      </symbol>
      <symbol id="sm-47b">
         <name>_ftable</name>
         <value>0x32c</value>
         <object_component_ref idref="oc-26e"/>
      </symbol>
      <symbol id="sm-47c">
         <name>__TI_ft_end</name>
         <value>0x448</value>
         <object_component_ref idref="oc-45a"/>
      </symbol>
      <symbol id="sm-48b">
         <name>memccpy</name>
         <value>0x931e</value>
         <object_component_ref idref="oc-3a2"/>
      </symbol>
      <symbol id="sm-49a">
         <name>memchr</name>
         <value>0x9404</value>
         <object_component_ref idref="oc-37d"/>
      </symbol>
      <symbol id="sm-4a8">
         <name>memcpy</name>
         <value>0x9464</value>
         <object_component_ref idref="oc-10a"/>
      </symbol>
      <symbol id="sm-526">
         <name>_sys_memory</name>
         <value>0x200</value>
         <object_component_ref idref="oc-ed"/>
      </symbol>
      <symbol id="sm-527">
         <name>free</name>
         <value>0x83e2</value>
         <object_component_ref idref="oc-401"/>
      </symbol>
      <symbol id="sm-528">
         <name>memalign</name>
         <value>0x8116</value>
         <object_component_ref idref="oc-44d"/>
      </symbol>
      <symbol id="sm-529">
         <name>malloc</name>
         <value>0x94c8</value>
         <object_component_ref idref="oc-407"/>
      </symbol>
      <symbol id="sm-52a">
         <name>aligned_alloc</name>
         <value>0x8116</value>
         <object_component_ref idref="oc-44d"/>
      </symbol>
      <symbol id="sm-538">
         <name>memset</name>
         <value>0x9418</value>
         <object_component_ref idref="oc-395"/>
      </symbol>
      <symbol id="sm-547">
         <name>strchr</name>
         <value>0x9392</value>
         <object_component_ref idref="oc-506"/>
      </symbol>
      <symbol id="sm-554">
         <name>strlen</name>
         <value>0x9496</value>
         <object_component_ref idref="oc-31b"/>
      </symbol>
      <symbol id="sm-56d">
         <name>write</name>
         <value>0x92fa</value>
         <object_component_ref idref="oc-389"/>
      </symbol>
      <symbol id="sm-57c">
         <name>_stream</name>
         <value>0x3f2</value>
         <object_component_ref idref="oc-3d8"/>
      </symbol>
      <symbol id="sm-57d">
         <name>_device</name>
         <value>0x3a4</value>
         <object_component_ref idref="oc-420"/>
      </symbol>
      <symbol id="sm-58f">
         <name>__TI_doflush</name>
         <value>0x8cb4</value>
         <object_component_ref idref="oc-383"/>
      </symbol>
      <symbol id="sm-59b">
         <name>__TI_cleanup</name>
         <value>0x90d0</value>
         <object_component_ref idref="oc-40d"/>
      </symbol>
      <symbol id="sm-5b0">
         <name>fseeko</name>
         <value>0x8aaa</value>
         <object_component_ref idref="oc-3c6"/>
      </symbol>
      <symbol id="sm-5b1">
         <name>fseek</name>
         <value>0x8aaa</value>
         <object_component_ref idref="oc-3c6"/>
      </symbol>
      <symbol id="sm-5c3">
         <name>HOSTclose</name>
         <value>0x8f0c</value>
         <object_component_ref idref="oc-466"/>
      </symbol>
      <symbol id="sm-5cf">
         <name>HOSTlseek</name>
         <value>0x883e</value>
         <object_component_ref idref="oc-478"/>
      </symbol>
      <symbol id="sm-5dd">
         <name>parmbuf</name>
         <value>0x628</value>
      </symbol>
      <symbol id="sm-5de">
         <name>HOSTopen</name>
         <value>0x8bec</value>
         <object_component_ref idref="oc-460"/>
      </symbol>
      <symbol id="sm-5eb">
         <name>HOSTread</name>
         <value>0x8d78</value>
         <object_component_ref idref="oc-46c"/>
      </symbol>
      <symbol id="sm-5f7">
         <name>HOSTrename</name>
         <value>0x8b1a</value>
         <object_component_ref idref="oc-484"/>
      </symbol>
      <symbol id="sm-603">
         <name>HOSTunlink</name>
         <value>0x9016</value>
         <object_component_ref idref="oc-47e"/>
      </symbol>
      <symbol id="sm-610">
         <name>HOSTwrite</name>
         <value>0x8c52</value>
         <object_component_ref idref="oc-472"/>
      </symbol>
      <symbol id="sm-62e">
         <name>__TI_readmsg</name>
         <value>0x9194</value>
         <object_component_ref idref="oc-4be"/>
      </symbol>
      <symbol id="sm-62f">
         <name>C$$IO$$</name>
         <value>0x9190</value>
         <object_component_ref idref="oc-4b8"/>
      </symbol>
      <symbol id="sm-630">
         <name>_CIOBUF_</name>
         <value>0x44e</value>
         <object_component_ref idref="oc-4ef"/>
      </symbol>
      <symbol id="sm-631">
         <name>__TI_writemsg</name>
         <value>0x9166</value>
         <object_component_ref idref="oc-4b8"/>
      </symbol>
      <symbol id="sm-63f">
         <name>lseek</name>
         <value>0x9268</value>
         <object_component_ref idref="oc-3f4"/>
      </symbol>
      <symbol id="sm-64f">
         <name>__TI_closefile</name>
         <value>0x8a38</value>
         <object_component_ref idref="oc-454"/>
      </symbol>
      <symbol id="sm-672">
         <name>finddevice</name>
         <value>0x9104</value>
         <object_component_ref idref="oc-512"/>
      </symbol>
      <symbol id="sm-673">
         <name>getdevice</name>
         <value>0x8dd8</value>
         <object_component_ref idref="oc-4e3"/>
      </symbol>
      <symbol id="sm-683">
         <name>strcmp</name>
         <value>0x93ac</value>
         <object_component_ref idref="oc-52b"/>
      </symbol>
      <symbol id="sm-690">
         <name>strcpy</name>
         <value>0x9486</value>
         <object_component_ref idref="oc-4d4"/>
      </symbol>
      <symbol id="sm-6a0">
         <name>strncpy</name>
         <value>0x91ec</value>
         <object_component_ref idref="oc-50c"/>
      </symbol>
      <symbol id="sm-6b3">
         <name>close</name>
         <value>0x8e7c</value>
         <object_component_ref idref="oc-4a4"/>
      </symbol>
      <symbol id="sm-6c0">
         <name>unlink</name>
         <value>0x9240</value>
         <object_component_ref idref="oc-4ab"/>
      </symbol>
      <symbol id="sm-6c3">
         <name>remove</name>
         <value>0x9240</value>
      </symbol>
   </symbol_table>
   <title>Link successful</title>
</link_info>
