******************************************************************************
                  MSP430 Linker PC v21.6.1                     
******************************************************************************
>> Linked Tue Feb 20 16:54:26 2024

OUTPUT FILE NAME:   <HVB_Prototype.out>
ENTRY POINT SYMBOL: "_c_int00_noargs"  address: 00009388


MEMORY CONFIGURATION

         name            origin    length      used     unused   attr    fill
----------------------  --------  ---------  --------  --------  ----  --------
  SFR                   00000000   00000010  00000000  00000010  RWIX
  PERIPHERALS_8BIT      00000010   000000f0  00000000  000000f0  RWIX
  PERIPHERALS_16BIT     00000100   00000100  00000000  00000100  RWIX
  RAM                   00000200   00000800  00000150  000006b0  RWIX
  INFOA                 00001000   00000400  00000000  00000400  RWIX
  FLASH                 00008000   00007fdc  00001542  00006a9a  RWIX
  JTAGSIGNATURE         0000ffdc   00000004  00000004  00000000  RWIX  ffff 
  INT00                 0000ffe0   00000002  00000000  00000002  RWIX
  INT01                 0000ffe2   00000002  00000002  00000000  RWIX
  INT02                 0000ffe4   00000002  00000000  00000002  RWIX
  INT03                 0000ffe6   00000002  00000000  00000002  RWIX
  INT04                 0000ffe8   00000002  00000002  00000000  RWIX
  INT05                 0000ffea   00000002  00000002  00000000  RWIX
  INT06                 0000ffec   00000002  00000002  00000000  RWIX
  INT07                 0000ffee   00000002  00000002  00000000  RWIX
  INT08                 0000fff0   00000002  00000002  00000000  RWIX
  INT09                 0000fff2   00000002  00000002  00000000  RWIX
  INT10                 0000fff4   00000002  00000002  00000000  RWIX
  INT11                 0000fff6   00000002  00000002  00000000  RWIX
  INT12                 0000fff8   00000002  00000002  00000000  RWIX
  INT13                 0000fffa   00000002  00000002  00000000  RWIX
  INT14                 0000fffc   00000002  00000002  00000000  RWIX
  RESET                 0000fffe   00000002  00000002  00000000  RWIX


SECTION ALLOCATION MAP

 output                                  attributes/
section   page    origin      length       input sections
--------  ----  ----------  ----------   ----------------
.bss       0    00000200    000000f3     UNINITIALIZED
                  00000200    00000032     main.obj (.bss:RXData)
                  00000232    00000032     main.obj (.bss:TXData)
                  00000264    00000032     (.common:CMD1Data)
                  00000296    00000032     (.common:CMD2Data)
                  000002c8    00000015     main.obj (.bss)
                  000002dd    00000001     (.common:CMD1Length)
                  000002de    00000010     (.common:rfidData)
                  000002ee    00000002     (.common:CMDDataPtr)
                  000002f0    00000001     (.common:CMD2Length)
                  000002f1    00000001     (.common:CMDIndex)
                  000002f2    00000001     (.common:CMDLength)

.data      0    000002f4    0000000d     UNINITIALIZED
                  000002f4    0000000d     main.obj (.data)

.stack     0    000009b0    00000050     UNINITIALIZED
                  000009b0    00000002     rts430_eabi.lib : boot.c.obj (.stack)
                  000009b2    0000004e     --HOLE--

.text      0    00008000    000014e8     
                  00008000    00000386     main.obj (.text:main)
                  00008386    00000360     rts430_eabi.lib : div64u.c.obj (.text:__mspabi_divull)
                  000086e6    000000d4                     : fltullf.c.obj (.text:__mspabi_fltullf)
                  000087ba    000000ce     main.obj (.text:USCIB0_ISR)
                  00008888    000000c4     rts430_eabi.lib : fs_mpy.asm.obj (.text)
                  0000894c    000000ae     main.obj (.text:init_sd24)
                  000089fa    000000a4     main.obj (.text:write_flash)
                  00008a9e    0000009c     rts430_eabi.lib : fs_div.asm.obj (.text)
                  00008b3a    00000096                     : mult64_hw.asm.obj (.text:__mpyll)
                  00008bd0    0000007c                     : copy_decompress_lzss.c.obj (.text:decompress:lzss:__TI_decompress_lzss)
                  00008c4c    00000078     sd24.obj (.text:SD24_getResults)
                  00008cc4    00000068     rts430_eabi.lib : fs_toi.asm.obj (.text)
                  00008d2c    00000060     main.obj (.text:init_i2c)
                  00008d8c    00000058     rts430_eabi.lib : div32u.asm.obj (.text)
                  00008de4    0000004c     main.obj (.text:SD24_ISR)
                  00008e30    0000004c     rts430_eabi.lib : lsr16.asm.obj (.text)
                  00008e7c    00000046     sd24.obj (.text:SD24_initConverterAdvanced)
                  00008ec2    00000046     rts430_eabi.lib : lsr64.c.obj (.text:__mspabi_srlll)
                  00008f08    00000046                     : fs_tou.asm.obj (.text)
                  00008f4e    00000044                     : lsl64.c.obj (.text:__mspabi_sllll)
                  00008f92    00000042     timer_a.obj (.text:Timer_A_outputPWM)
                  00008fd4    00000042     rts430_eabi.lib : autoinit.c.obj (.text:__TI_auto_init_nobinit_nopinit:__TI_auto_init_nobinit_nopinit)
                  00009016    0000003e                     : lsl32.asm.obj (.text:l_lsl_const)
                  00009054    0000003c     gpio.obj (.text:GPIO_setAsPeripheralModuleFunctionInputPin)
                  00009090    0000003c     gpio.obj (.text:GPIO_setAsPeripheralModuleFunctionOutputPin)
                  000090cc    00000034     main.obj (.text:init_gpio)
                  00009100    00000034     main.obj (.text:write_rfid_flash)
                  00009134    00000032     flashctl.obj (.text:FlashCtl_setupClock)
                  00009166    00000032     main.obj (.text:init_flash)
                  00009198    0000002e     cs.obj (.text:CS_setupDCO)
                  000091c6    0000002e     flashctl.obj (.text:FlashCtl_write8)
                  000091f4    0000002e     rts430_eabi.lib : mult32_hw.asm.obj (.text)
                  00009222    0000002c                     : asr16.asm.obj (.text)
                  0000924e    0000002c                     : lsl16.asm.obj (.text)
                  0000927a    00000026     cs.obj (.text:CS_initClockSignal)
                  000092a0    00000024     eusci_b_i2c.obj (.text:EUSCI_B_I2C_initSlave)
                  000092c4    00000024     flashctl.obj (.text:FlashCtl_eraseSegment)
                  000092e8    00000024     sd24.obj (.text:SD24_enableInterrupt)
                  0000930c    00000024     rts430_eabi.lib : fs_utof.asm.obj (.text)
                  00009330    0000001e     flashctl.obj (.text:FlashCtl_lockInfo)
                  0000934e    0000001e     gpio.obj (.text:GPIO_setAsOutputPin)
                  0000936c    0000001c     sd24.obj (.text:SD24_init)
                  00009388    0000001c     rts430_eabi.lib : boot.c.obj (.text:_c_int00_noargs)
                  000093a4    0000001a     flashctl.obj (.text:FlashCtl_performEraseCheck)
                  000093be    0000001a     flashctl.obj (.text:FlashCtl_unlockInfo)
                  000093d8    00000016     gpio.obj (.text:GPIO_setOutputHighOnPin)
                  000093ee    00000016     gpio.obj (.text:GPIO_setOutputLowOnPin)
                  00009404    00000014     wdt.obj (.text:WDT_hold)
                  00009418    00000014     rts430_eabi.lib : copy_zero_init.c.obj (.text:decompress:ZI:__TI_zero_init_nomemset:__TI_zero_init_nomemset)
                  0000942c    00000014                     : memset.c.obj (.text:memset)
                  00009440    00000014                     : mult16_hw.asm.obj (.text)
                  00009454    00000012                     : copy_decompress_none.c.obj (.text:decompress:none:__TI_decompress_none)
                  00009466    00000012                     : lsr32.asm.obj (.text:l_lsr)
                  00009478    00000012                     : memcpy.c.obj (.text:memcpy)
                  0000948a    00000010                     : epilog.asm.obj (.text)
                  0000949a    0000000c     eusci_b_i2c.obj (.text:EUSCI_B_I2C_setMode)
                  000094a6    0000000c     sd24.obj (.text:SD24_startConverterConversion)
                  000094b2    00000008     eusci_b_i2c.obj (.text:EUSCI_B_I2C_slaveGetData)
                  000094ba    00000008     eusci_b_i2c.obj (.text:EUSCI_B_I2C_slavePutData)
                  000094c2    00000008     rts430_eabi.lib : isr_trap.asm.obj (.text:_isr:__TI_ISR_TRAP)
                  000094ca    00000006     eusci_b_i2c.obj (.text:EUSCI_B_I2C_clearInterrupt)
                  000094d0    00000006     eusci_b_i2c.obj (.text:EUSCI_B_I2C_enable)
                  000094d6    00000006     eusci_b_i2c.obj (.text:EUSCI_B_I2C_enableInterrupt)
                  000094dc    00000006     rts430_eabi.lib : exit.c.obj (.text:abort)
                  000094e2    00000004                     : pre_init.c.obj (.text:_system_pre_init)
                  000094e6    00000002                     : startup.c.obj (.text:_system_post_cinit)

.const     0    000094e8    0000003a     
                  000094e8    0000001c     gpio.obj (.const:GPIO_PORT_TO_BASE)
                  00009504    0000000c     main.obj (.const:$P$T0$1)
                  00009510    0000000c     main.obj (.const:$P$T2$3)
                  0000951c    00000006     main.obj (.const:$P$T1$2)

.cinit     0    00009522    00000020     
                  00009522    0000000d     (.cinit..data.load) [load image, compression = lzss]
                  0000952f    00000001     --HOLE-- [fill = 0]
                  00009530    00000006     (__TI_handler_table)
                  00009536    00000004     (.cinit..bss.load) [load image, compression = zero_init]
                  0000953a    00000008     (__TI_cinit_table)

.binit     0    00008000    00000000     

.init_array 
*          0    00008000    00000000     UNINITIALIZED

PORT2      0    0000ffe2    00000002     
                  0000ffe2    00000002     rts430_eabi.lib : int01.asm.obj (.int01)

PORT1      0    0000ffe8    00000002     
                  0000ffe8    00000002     rts430_eabi.lib : int04.asm.obj (.int04)

TIMER0_A1 
*          0    0000ffea    00000002     
                  0000ffea    00000002     rts430_eabi.lib : int05.asm.obj (.int05)

TIMER0_A0 
*          0    0000ffec    00000002     
                  0000ffec    00000002     rts430_eabi.lib : int06.asm.obj (.int06)

SD24       0    0000ffee    00000002     
                  0000ffee    00000002     main.obj (.int07)

USCI_B0    0    0000fff0    00000002     
                  0000fff0    00000002     main.obj (.int08)

USCI_A0    0    0000fff2    00000002     
                  0000fff2    00000002     rts430_eabi.lib : int09.asm.obj (.int09)

WDT        0    0000fff4    00000002     
                  0000fff4    00000002     rts430_eabi.lib : int10.asm.obj (.int10)

VMON       0    0000fff6    00000002     
                  0000fff6    00000002     rts430_eabi.lib : int11.asm.obj (.int11)

TIMER1_A1 
*          0    0000fff8    00000002     
                  0000fff8    00000002     rts430_eabi.lib : int12.asm.obj (.int12)

TIMER1_A0 
*          0    0000fffa    00000002     
                  0000fffa    00000002     rts430_eabi.lib : int13.asm.obj (.int13)

NMI        0    0000fffc    00000002     
                  0000fffc    00000002     rts430_eabi.lib : int14.asm.obj (.int14)

.reset     0    0000fffe    00000002     
                  0000fffe    00000002     rts430_eabi.lib : boot.c.obj (.reset)

$fill000   0    0000ffdc    00000004     
                  0000ffdc    00000004     --HOLE-- [fill = ffff]

MODULE SUMMARY

       Module                       code   ro data   rw data
       ------                       ----   -------   -------
    .\
       main.obj                     1772   34        256    
    +--+----------------------------+------+---------+---------+
       Total:                       1772   34        256    
                                                            
    .\driverlib\MSP430i2xx\
       sd24.obj                     266    0         0      
       gpio.obj                     194    28        0      
       flashctl.obj                 214    0         0      
       cs.obj                       84     0         0      
       eusci_b_i2c.obj              82     0         0      
       timer_a.obj                  66     0         0      
       wdt.obj                      20     0         0      
    +--+----------------------------+------+---------+---------+
       Total:                       926    28        0      
                                                            
    C:\ti\ccs1260\ccs\tools\compiler\ti-cgt-msp430_21.6.1.LTS\lib\rts430_eabi.lib
       div64u.c.obj                 864    0         0      
       fltullf.c.obj                212    0         0      
       fs_mpy.asm.obj               196    0         0      
       fs_div.asm.obj               156    0         0      
       mult64_hw.asm.obj            150    0         0      
       copy_decompress_lzss.c.obj   124    0         0      
       fs_toi.asm.obj               104    0         0      
       div32u.asm.obj               88     0         0      
       lsr16.asm.obj                76     0         0      
       fs_tou.asm.obj               70     0         0      
       lsr64.c.obj                  70     0         0      
       lsl64.c.obj                  68     0         0      
       autoinit.c.obj               66     0         0      
       lsl32.asm.obj                62     0         0      
       mult32_hw.asm.obj            46     0         0      
       asr16.asm.obj                44     0         0      
       lsl16.asm.obj                44     0         0      
       fs_utof.asm.obj              36     0         0      
       boot.c.obj                   28     2         0      
       copy_zero_init.c.obj         20     0         0      
       memset.c.obj                 20     0         0      
       mult16_hw.asm.obj            20     0         0      
       copy_decompress_none.c.obj   18     0         0      
       lsr32.asm.obj                18     0         0      
       memcpy.c.obj                 18     0         0      
       epilog.asm.obj               16     0         0      
       isr_trap.asm.obj             8      0         0      
       exit.c.obj                   6      0         0      
       pre_init.c.obj               4      0         0      
       int01.asm.obj                0      2         0      
       int04.asm.obj                0      2         0      
       int05.asm.obj                0      2         0      
       int06.asm.obj                0      2         0      
       int09.asm.obj                0      2         0      
       int10.asm.obj                0      2         0      
       int11.asm.obj                0      2         0      
       int12.asm.obj                0      2         0      
       int13.asm.obj                0      2         0      
       int14.asm.obj                0      2         0      
       startup.c.obj                2      0         0      
    +--+----------------------------+------+---------+---------+
       Total:                       2654   22        0      
                                                            
       Stack:                       0      0         80     
       Linker Generated:            0      31        0      
    +--+----------------------------+------+---------+---------+
       Grand Total:                 5352   115       336    


LINKER GENERATED COPY TABLES

__TI_cinit_table @ 0000953a records: 2, size/record: 4, table size: 8
	.data: load addr=00009522, load size=0000000d bytes, run addr=000002f4, run size=0000000d bytes, compression=lzss
	.bss: load addr=00009536, load size=00000004 bytes, run addr=00000200, run size=000000f3 bytes, compression=zero_init


LINKER GENERATED HANDLER TABLE

__TI_handler_table @ 00009530 records: 3, size/record: 2, table size: 6
	index: 0, handler: __TI_zero_init
	index: 1, handler: __TI_decompress_lzss
	index: 2, handler: __TI_decompress_none


GLOBAL SYMBOLS: SORTED ALPHABETICALLY BY Name 

address   name                                       
-------   ----                                       
000094dc  C$$EXIT                                    
00000264  CMD1Data                                   
000002dd  CMD1Length                                 
00000296  CMD2Data                                   
000002f0  CMD2Length                                 
000002ee  CMDDataPtr                                 
000002f1  CMDIndex                                   
000002f2  CMDLength                                  
00000050  CSCTL0                                     
00000051  CSCTL1                                     
00000054  CSERFCAL                                   
00000055  CSERTCAL                                   
00000052  CSIRFCAL                                   
00000053  CSIRTCAL                                   
0000927a  CS_initClockSignal                         
00009198  CS_setupDCO                                
000094ca  EUSCI_B_I2C_clearInterrupt                 
000094d0  EUSCI_B_I2C_enable                         
000094d6  EUSCI_B_I2C_enableInterrupt                
000092a0  EUSCI_B_I2C_initSlave                      
0000949a  EUSCI_B_I2C_setMode                        
000094b2  EUSCI_B_I2C_slaveGetData                   
000094ba  EUSCI_B_I2C_slavePutData                   
00000128  FCTL1                                      
0000012a  FCTL2                                      
0000012c  FCTL3                                      
000092c4  FlashCtl_eraseSegment                      
00009330  FlashCtl_lockInfo                          
000093a4  FlashCtl_performEraseCheck                 
00009134  FlashCtl_setupClock                        
000093be  FlashCtl_unlockInfo                        
000091c6  FlashCtl_write8                            
0000934e  GPIO_setAsOutputPin                        
00009054  GPIO_setAsPeripheralModuleFunctionInputPin 
00009090  GPIO_setAsPeripheralModuleFunctionOutputPin
000093d8  GPIO_setOutputHighOnPin                    
000093ee  GPIO_setOutputLowOnPin                     
00000000  IE1                                        
00000002  IFG1                                       
00000060  LPM45CTL                                   
00000134  MAC                                        
00000136  MACS                                       
00000130  MPY                                        
00000132  MPYS                                       
00000138  OP2                                        
0000001e  P1IV                                       
0000002e  P2IV                                       
00000014  PADIR                                      
00000015  PADIR_H                                    
00000014  PADIR_L                                    
0000002a  PAIE                                       
00000028  PAIES                                      
00000029  PAIES_H                                    
00000028  PAIES_L                                    
0000002b  PAIE_H                                     
0000002a  PAIE_L                                     
0000002c  PAIFG                                      
0000002d  PAIFG_H                                    
0000002c  PAIFG_L                                    
00000010  PAIN                                       
00000011  PAIN_H                                     
00000010  PAIN_L                                     
00000012  PAOUT                                      
00000013  PAOUT_H                                    
00000012  PAOUT_L                                    
0000001a  PASEL0                                     
0000001b  PASEL0_H                                   
0000001a  PASEL0_L                                   
0000001c  PASEL1                                     
0000001d  PASEL1_H                                   
0000001c  PASEL1_L                                   
00000300  ProtectionFlag                             
00000062  REFCAL0                                    
00000063  REFCAL1                                    
0000013c  RESHI                                      
0000013a  RESLO                                      
00000102  SD24CCTL0                                  
00000104  SD24CCTL1                                  
00000100  SD24CTL                                    
000000b0  SD24INCTL0                                 
000000b1  SD24INCTL1                                 
000001f0  SD24IV                                     
00000110  SD24MEM0                                   
00000112  SD24MEM1                                   
000000b8  SD24PRE0                                   
000000b9  SD24PRE1                                   
000000bf  SD24TRIM                                   
00008de4  SD24_ISR                                   
000092e8  SD24_enableInterrupt                       
00008c4c  SD24_getResults                            
0000936c  SD24_init                                  
00008e7c  SD24_initConverterAdvanced                 
000094a6  SD24_startConverterConversion              
0000013e  SUMEXT                                     
000001fe  SYSJTAGDIS                                 
00000172  TA0CCR0                                    
00000174  TA0CCR1                                    
00000176  TA0CCR2                                    
00000162  TA0CCTL0                                   
00000164  TA0CCTL1                                   
00000166  TA0CCTL2                                   
00000160  TA0CTL                                     
0000012e  TA0IV                                      
00000170  TA0R                                       
00000192  TA1CCR0                                    
00000194  TA1CCR1                                    
00000196  TA1CCR2                                    
00000182  TA1CCTL0                                   
00000184  TA1CCTL1                                   
00000186  TA1CCTL2                                   
00000180  TA1CTL                                     
0000011e  TA1IV                                      
00000190  TA1R                                       
00008f92  Timer_A_outputPWM                          
00000150  UCA0ABCTL                                  
00000146  UCA0BRW                                    
00000147  UCA0BRW_H                                  
00000146  UCA0BRW_L                                  
00000140  UCA0CTLW0                                  
00000141  UCA0CTLW0_H                                
00000140  UCA0CTLW0_L                                
00000142  UCA0CTLW1                                  
00000143  UCA0CTLW1_H                                
00000142  UCA0CTLW1_L                                
0000015a  UCA0IE                                     
0000015b  UCA0IE_H                                   
0000015a  UCA0IE_L                                   
0000015c  UCA0IFG                                    
0000015d  UCA0IFG_H                                  
0000015c  UCA0IFG_L                                  
00000152  UCA0IRCTL                                  
00000153  UCA0IRCTL_H                                
00000152  UCA0IRCTL_L                                
0000015e  UCA0IV                                     
00000148  UCA0MCTLW                                  
00000149  UCA0MCTLW_H                                
00000148  UCA0MCTLW_L                                
0000014c  UCA0RXBUF                                  
0000014d  UCA0RXBUF_H                                
0000014c  UCA0RXBUF_L                                
0000014a  UCA0STATW                                  
0000014e  UCA0TXBUF                                  
0000014f  UCA0TXBUF_H                                
0000014e  UCA0TXBUF_L                                
000001de  UCB0ADDMASK                                
000001df  UCB0ADDMASK_H                              
000001de  UCB0ADDMASK_L                              
000001dc  UCB0ADDRX                                  
000001dd  UCB0ADDRX_H                                
000001dc  UCB0ADDRX_L                                
000001c6  UCB0BRW                                    
000001c7  UCB0BRW_H                                  
000001c6  UCB0BRW_L                                  
000001c0  UCB0CTLW0                                  
000001c1  UCB0CTLW0_H                                
000001c0  UCB0CTLW0_L                                
000001c2  UCB0CTLW1                                  
000001c3  UCB0CTLW1_H                                
000001c2  UCB0CTLW1_L                                
000001d4  UCB0I2COA0                                 
000001d5  UCB0I2COA0_H                               
000001d4  UCB0I2COA0_L                               
000001d6  UCB0I2COA1                                 
000001d7  UCB0I2COA1_H                               
000001d6  UCB0I2COA1_L                               
000001d8  UCB0I2COA2                                 
000001d9  UCB0I2COA2_H                               
000001d8  UCB0I2COA2_L                               
000001da  UCB0I2COA3                                 
000001db  UCB0I2COA3_H                               
000001da  UCB0I2COA3_L                               
000001e0  UCB0I2CSA                                  
000001e1  UCB0I2CSA_H                                
000001e0  UCB0I2CSA_L                                
000001ea  UCB0IE                                     
000001eb  UCB0IE_H                                   
000001ea  UCB0IE_L                                   
000001ec  UCB0IFG                                    
000001ed  UCB0IFG_H                                  
000001ec  UCB0IFG_L                                  
000001ee  UCB0IV                                     
000001cc  UCB0RXBUF                                  
000001cd  UCB0RXBUF_H                                
000001cc  UCB0RXBUF_L                                
000001c8  UCB0STATW                                  
000001c9  UCB0STATW_H                                
000001c8  UCB0STATW_L                                
000001ca  UCB0TBCNT                                  
000001cb  UCB0TBCNT_H                                
000001ca  UCB0TBCNT_L                                
000001ce  UCB0TXBUF                                  
000001cf  UCB0TXBUF_H                                
000001ce  UCB0TXBUF_L                                
000087ba  USCIB0_ISR                                 
00000061  VMONCTL                                    
00000120  WDTCTL                                     
00009404  WDT_hold                                   
00000a00  __STACK_END                                
00000050  __STACK_SIZE                               
0000953a  __TI_CINIT_Base                            
00009542  __TI_CINIT_Limit                           
00009542  __TI_CINIT_Warm                            
00009530  __TI_Handler_Table_Base                    
00009536  __TI_Handler_Table_Limit                   
000094c2  __TI_ISR_TRAP                              
00008fd4  __TI_auto_init_nobinit_nopinit             
00008bd0  __TI_decompress_lzss                       
00009454  __TI_decompress_none                       
0000ffe2  __TI_int01                                 
0000ffe8  __TI_int04                                 
0000ffea  __TI_int05                                 
0000ffec  __TI_int06                                 
0000ffee  __TI_int07                                 
0000fff0  __TI_int08                                 
0000fff2  __TI_int09                                 
0000fff4  __TI_int10                                 
0000fff6  __TI_int11                                 
0000fff8  __TI_int12                                 
0000fffa  __TI_int13                                 
0000fffc  __TI_int14                                 
ffffffff  __TI_pprof_out_hndl                        
ffffffff  __TI_prof_data_size                        
ffffffff  __TI_prof_data_start                       
00009418  __TI_zero_init_nomemset                    
ffffffff  __c_args__                                 
00008a9e  __mspabi_divf                              
00008d8c  __mspabi_divul                             
00008386  __mspabi_divull                            
00008cc4  __mspabi_fixfi                             
00008f08  __mspabi_fixfu                             
0000930c  __mspabi_fltuf                             
000086e6  __mspabi_fltullf                           
00009496  __mspabi_func_epilog_1                     
00009494  __mspabi_func_epilog_2                     
00009492  __mspabi_func_epilog_3                     
00009490  __mspabi_func_epilog_4                     
0000948e  __mspabi_func_epilog_5                     
0000948c  __mspabi_func_epilog_6                     
0000948a  __mspabi_func_epilog_7                     
00008888  __mspabi_mpyf                              
00009440  __mspabi_mpyi_hw                           
000091f4  __mspabi_mpyl_hw                           
00008b3a  __mspabi_mpyll_hw                          
00008d8c  __mspabi_remul                             
0000924e  __mspabi_slli                              
00009276  __mspabi_slli_1                            
00009264  __mspabi_slli_10                           
00009262  __mspabi_slli_11                           
00009260  __mspabi_slli_12                           
0000925e  __mspabi_slli_13                           
0000925c  __mspabi_slli_14                           
0000925a  __mspabi_slli_15                           
00009274  __mspabi_slli_2                            
00009272  __mspabi_slli_3                            
00009270  __mspabi_slli_4                            
0000926e  __mspabi_slli_5                            
0000926c  __mspabi_slli_6                            
0000926a  __mspabi_slli_7                            
00009268  __mspabi_slli_8                            
00009266  __mspabi_slli_9                            
0000904e  __mspabi_slll_1                            
0000902a  __mspabi_slll_10                           
00009026  __mspabi_slll_11                           
00009022  __mspabi_slll_12                           
0000901e  __mspabi_slll_13                           
0000901a  __mspabi_slll_14                           
00009016  __mspabi_slll_15                           
0000904a  __mspabi_slll_2                            
00009046  __mspabi_slll_3                            
00009042  __mspabi_slll_4                            
0000903e  __mspabi_slll_5                            
0000903a  __mspabi_slll_6                            
00009036  __mspabi_slll_7                            
00009032  __mspabi_slll_8                            
0000902e  __mspabi_slll_9                            
00008f4e  __mspabi_sllll                             
00009222  __mspabi_srai                              
0000924a  __mspabi_srai_1                            
00009238  __mspabi_srai_10                           
00009236  __mspabi_srai_11                           
00009234  __mspabi_srai_12                           
00009232  __mspabi_srai_13                           
00009230  __mspabi_srai_14                           
0000922e  __mspabi_srai_15                           
00009248  __mspabi_srai_2                            
00009246  __mspabi_srai_3                            
00009244  __mspabi_srai_4                            
00009242  __mspabi_srai_5                            
00009240  __mspabi_srai_6                            
0000923e  __mspabi_srai_7                            
0000923c  __mspabi_srai_8                            
0000923a  __mspabi_srai_9                            
00008e30  __mspabi_srli                              
00008e76  __mspabi_srli_1                            
00008e52  __mspabi_srli_10                           
00008e4e  __mspabi_srli_11                           
00008e4a  __mspabi_srli_12                           
00008e46  __mspabi_srli_13                           
00008e42  __mspabi_srli_14                           
00008e3e  __mspabi_srli_15                           
00008e72  __mspabi_srli_2                            
00008e6e  __mspabi_srli_3                            
00008e6a  __mspabi_srli_4                            
00008e66  __mspabi_srli_5                            
00008e62  __mspabi_srli_6                            
00008e5e  __mspabi_srli_7                            
00008e5a  __mspabi_srli_8                            
00008e56  __mspabi_srli_9                            
00009466  __mspabi_srll                              
00008ec2  __mspabi_srlll                             
00009388  _c_int00_noargs                            
0000fffe  _reset_vector                              
000009b0  _stack                                     
000094e6  _system_post_cinit                         
000094e2  _system_pre_init                           
000094dc  abort                                      
000002f8  currentLimit                               
000002f4  i                                          
00009166  init_flash                                 
000090cc  init_gpio                                  
00008d2c  init_i2c                                   
0000894c  init_sd24                                  
00008000  main                                       
00009478  memcpy                                     
0000942c  memset                                     
000002f6  polarity                                   
000002de  rfidData                                   
000002fa  vOffset1                                   
000002fc  vOffset2                                   
000002fe  vOffset3                                   
000089fa  write_flash                                
00009100  write_rfid_flash                           


GLOBAL SYMBOLS: SORTED BY Symbol Address 

address   name                                       
-------   ----                                       
00000000  IE1                                        
00000002  IFG1                                       
00000010  PAIN                                       
00000010  PAIN_L                                     
00000011  PAIN_H                                     
00000012  PAOUT                                      
00000012  PAOUT_L                                    
00000013  PAOUT_H                                    
00000014  PADIR                                      
00000014  PADIR_L                                    
00000015  PADIR_H                                    
0000001a  PASEL0                                     
0000001a  PASEL0_L                                   
0000001b  PASEL0_H                                   
0000001c  PASEL1                                     
0000001c  PASEL1_L                                   
0000001d  PASEL1_H                                   
0000001e  P1IV                                       
00000028  PAIES                                      
00000028  PAIES_L                                    
00000029  PAIES_H                                    
0000002a  PAIE                                       
0000002a  PAIE_L                                     
0000002b  PAIE_H                                     
0000002c  PAIFG                                      
0000002c  PAIFG_L                                    
0000002d  PAIFG_H                                    
0000002e  P2IV                                       
00000050  CSCTL0                                     
00000050  __STACK_SIZE                               
00000051  CSCTL1                                     
00000052  CSIRFCAL                                   
00000053  CSIRTCAL                                   
00000054  CSERFCAL                                   
00000055  CSERTCAL                                   
00000060  LPM45CTL                                   
00000061  VMONCTL                                    
00000062  REFCAL0                                    
00000063  REFCAL1                                    
000000b0  SD24INCTL0                                 
000000b1  SD24INCTL1                                 
000000b8  SD24PRE0                                   
000000b9  SD24PRE1                                   
000000bf  SD24TRIM                                   
00000100  SD24CTL                                    
00000102  SD24CCTL0                                  
00000104  SD24CCTL1                                  
00000110  SD24MEM0                                   
00000112  SD24MEM1                                   
0000011e  TA1IV                                      
00000120  WDTCTL                                     
00000128  FCTL1                                      
0000012a  FCTL2                                      
0000012c  FCTL3                                      
0000012e  TA0IV                                      
00000130  MPY                                        
00000132  MPYS                                       
00000134  MAC                                        
00000136  MACS                                       
00000138  OP2                                        
0000013a  RESLO                                      
0000013c  RESHI                                      
0000013e  SUMEXT                                     
00000140  UCA0CTLW0                                  
00000140  UCA0CTLW0_L                                
00000141  UCA0CTLW0_H                                
00000142  UCA0CTLW1                                  
00000142  UCA0CTLW1_L                                
00000143  UCA0CTLW1_H                                
00000146  UCA0BRW                                    
00000146  UCA0BRW_L                                  
00000147  UCA0BRW_H                                  
00000148  UCA0MCTLW                                  
00000148  UCA0MCTLW_L                                
00000149  UCA0MCTLW_H                                
0000014a  UCA0STATW                                  
0000014c  UCA0RXBUF                                  
0000014c  UCA0RXBUF_L                                
0000014d  UCA0RXBUF_H                                
0000014e  UCA0TXBUF                                  
0000014e  UCA0TXBUF_L                                
0000014f  UCA0TXBUF_H                                
00000150  UCA0ABCTL                                  
00000152  UCA0IRCTL                                  
00000152  UCA0IRCTL_L                                
00000153  UCA0IRCTL_H                                
0000015a  UCA0IE                                     
0000015a  UCA0IE_L                                   
0000015b  UCA0IE_H                                   
0000015c  UCA0IFG                                    
0000015c  UCA0IFG_L                                  
0000015d  UCA0IFG_H                                  
0000015e  UCA0IV                                     
00000160  TA0CTL                                     
00000162  TA0CCTL0                                   
00000164  TA0CCTL1                                   
00000166  TA0CCTL2                                   
00000170  TA0R                                       
00000172  TA0CCR0                                    
00000174  TA0CCR1                                    
00000176  TA0CCR2                                    
00000180  TA1CTL                                     
00000182  TA1CCTL0                                   
00000184  TA1CCTL1                                   
00000186  TA1CCTL2                                   
00000190  TA1R                                       
00000192  TA1CCR0                                    
00000194  TA1CCR1                                    
00000196  TA1CCR2                                    
000001c0  UCB0CTLW0                                  
000001c0  UCB0CTLW0_L                                
000001c1  UCB0CTLW0_H                                
000001c2  UCB0CTLW1                                  
000001c2  UCB0CTLW1_L                                
000001c3  UCB0CTLW1_H                                
000001c6  UCB0BRW                                    
000001c6  UCB0BRW_L                                  
000001c7  UCB0BRW_H                                  
000001c8  UCB0STATW                                  
000001c8  UCB0STATW_L                                
000001c9  UCB0STATW_H                                
000001ca  UCB0TBCNT                                  
000001ca  UCB0TBCNT_L                                
000001cb  UCB0TBCNT_H                                
000001cc  UCB0RXBUF                                  
000001cc  UCB0RXBUF_L                                
000001cd  UCB0RXBUF_H                                
000001ce  UCB0TXBUF                                  
000001ce  UCB0TXBUF_L                                
000001cf  UCB0TXBUF_H                                
000001d4  UCB0I2COA0                                 
000001d4  UCB0I2COA0_L                               
000001d5  UCB0I2COA0_H                               
000001d6  UCB0I2COA1                                 
000001d6  UCB0I2COA1_L                               
000001d7  UCB0I2COA1_H                               
000001d8  UCB0I2COA2                                 
000001d8  UCB0I2COA2_L                               
000001d9  UCB0I2COA2_H                               
000001da  UCB0I2COA3                                 
000001da  UCB0I2COA3_L                               
000001db  UCB0I2COA3_H                               
000001dc  UCB0ADDRX                                  
000001dc  UCB0ADDRX_L                                
000001dd  UCB0ADDRX_H                                
000001de  UCB0ADDMASK                                
000001de  UCB0ADDMASK_L                              
000001df  UCB0ADDMASK_H                              
000001e0  UCB0I2CSA                                  
000001e0  UCB0I2CSA_L                                
000001e1  UCB0I2CSA_H                                
000001ea  UCB0IE                                     
000001ea  UCB0IE_L                                   
000001eb  UCB0IE_H                                   
000001ec  UCB0IFG                                    
000001ec  UCB0IFG_L                                  
000001ed  UCB0IFG_H                                  
000001ee  UCB0IV                                     
000001f0  SD24IV                                     
000001fe  SYSJTAGDIS                                 
00000264  CMD1Data                                   
00000296  CMD2Data                                   
000002dd  CMD1Length                                 
000002de  rfidData                                   
000002ee  CMDDataPtr                                 
000002f0  CMD2Length                                 
000002f1  CMDIndex                                   
000002f2  CMDLength                                  
000002f4  i                                          
000002f6  polarity                                   
000002f8  currentLimit                               
000002fa  vOffset1                                   
000002fc  vOffset2                                   
000002fe  vOffset3                                   
00000300  ProtectionFlag                             
000009b0  _stack                                     
00000a00  __STACK_END                                
00008000  main                                       
00008386  __mspabi_divull                            
000086e6  __mspabi_fltullf                           
000087ba  USCIB0_ISR                                 
00008888  __mspabi_mpyf                              
0000894c  init_sd24                                  
000089fa  write_flash                                
00008a9e  __mspabi_divf                              
00008b3a  __mspabi_mpyll_hw                          
00008bd0  __TI_decompress_lzss                       
00008c4c  SD24_getResults                            
00008cc4  __mspabi_fixfi                             
00008d2c  init_i2c                                   
00008d8c  __mspabi_divul                             
00008d8c  __mspabi_remul                             
00008de4  SD24_ISR                                   
00008e30  __mspabi_srli                              
00008e3e  __mspabi_srli_15                           
00008e42  __mspabi_srli_14                           
00008e46  __mspabi_srli_13                           
00008e4a  __mspabi_srli_12                           
00008e4e  __mspabi_srli_11                           
00008e52  __mspabi_srli_10                           
00008e56  __mspabi_srli_9                            
00008e5a  __mspabi_srli_8                            
00008e5e  __mspabi_srli_7                            
00008e62  __mspabi_srli_6                            
00008e66  __mspabi_srli_5                            
00008e6a  __mspabi_srli_4                            
00008e6e  __mspabi_srli_3                            
00008e72  __mspabi_srli_2                            
00008e76  __mspabi_srli_1                            
00008e7c  SD24_initConverterAdvanced                 
00008ec2  __mspabi_srlll                             
00008f08  __mspabi_fixfu                             
00008f4e  __mspabi_sllll                             
00008f92  Timer_A_outputPWM                          
00008fd4  __TI_auto_init_nobinit_nopinit             
00009016  __mspabi_slll_15                           
0000901a  __mspabi_slll_14                           
0000901e  __mspabi_slll_13                           
00009022  __mspabi_slll_12                           
00009026  __mspabi_slll_11                           
0000902a  __mspabi_slll_10                           
0000902e  __mspabi_slll_9                            
00009032  __mspabi_slll_8                            
00009036  __mspabi_slll_7                            
0000903a  __mspabi_slll_6                            
0000903e  __mspabi_slll_5                            
00009042  __mspabi_slll_4                            
00009046  __mspabi_slll_3                            
0000904a  __mspabi_slll_2                            
0000904e  __mspabi_slll_1                            
00009054  GPIO_setAsPeripheralModuleFunctionInputPin 
00009090  GPIO_setAsPeripheralModuleFunctionOutputPin
000090cc  init_gpio                                  
00009100  write_rfid_flash                           
00009134  FlashCtl_setupClock                        
00009166  init_flash                                 
00009198  CS_setupDCO                                
000091c6  FlashCtl_write8                            
000091f4  __mspabi_mpyl_hw                           
00009222  __mspabi_srai                              
0000922e  __mspabi_srai_15                           
00009230  __mspabi_srai_14                           
00009232  __mspabi_srai_13                           
00009234  __mspabi_srai_12                           
00009236  __mspabi_srai_11                           
00009238  __mspabi_srai_10                           
0000923a  __mspabi_srai_9                            
0000923c  __mspabi_srai_8                            
0000923e  __mspabi_srai_7                            
00009240  __mspabi_srai_6                            
00009242  __mspabi_srai_5                            
00009244  __mspabi_srai_4                            
00009246  __mspabi_srai_3                            
00009248  __mspabi_srai_2                            
0000924a  __mspabi_srai_1                            
0000924e  __mspabi_slli                              
0000925a  __mspabi_slli_15                           
0000925c  __mspabi_slli_14                           
0000925e  __mspabi_slli_13                           
00009260  __mspabi_slli_12                           
00009262  __mspabi_slli_11                           
00009264  __mspabi_slli_10                           
00009266  __mspabi_slli_9                            
00009268  __mspabi_slli_8                            
0000926a  __mspabi_slli_7                            
0000926c  __mspabi_slli_6                            
0000926e  __mspabi_slli_5                            
00009270  __mspabi_slli_4                            
00009272  __mspabi_slli_3                            
00009274  __mspabi_slli_2                            
00009276  __mspabi_slli_1                            
0000927a  CS_initClockSignal                         
000092a0  EUSCI_B_I2C_initSlave                      
000092c4  FlashCtl_eraseSegment                      
000092e8  SD24_enableInterrupt                       
0000930c  __mspabi_fltuf                             
00009330  FlashCtl_lockInfo                          
0000934e  GPIO_setAsOutputPin                        
0000936c  SD24_init                                  
00009388  _c_int00_noargs                            
000093a4  FlashCtl_performEraseCheck                 
000093be  FlashCtl_unlockInfo                        
000093d8  GPIO_setOutputHighOnPin                    
000093ee  GPIO_setOutputLowOnPin                     
00009404  WDT_hold                                   
00009418  __TI_zero_init_nomemset                    
0000942c  memset                                     
00009440  __mspabi_mpyi_hw                           
00009454  __TI_decompress_none                       
00009466  __mspabi_srll                              
00009478  memcpy                                     
0000948a  __mspabi_func_epilog_7                     
0000948c  __mspabi_func_epilog_6                     
0000948e  __mspabi_func_epilog_5                     
00009490  __mspabi_func_epilog_4                     
00009492  __mspabi_func_epilog_3                     
00009494  __mspabi_func_epilog_2                     
00009496  __mspabi_func_epilog_1                     
0000949a  EUSCI_B_I2C_setMode                        
000094a6  SD24_startConverterConversion              
000094b2  EUSCI_B_I2C_slaveGetData                   
000094ba  EUSCI_B_I2C_slavePutData                   
000094c2  __TI_ISR_TRAP                              
000094ca  EUSCI_B_I2C_clearInterrupt                 
000094d0  EUSCI_B_I2C_enable                         
000094d6  EUSCI_B_I2C_enableInterrupt                
000094dc  C$$EXIT                                    
000094dc  abort                                      
000094e2  _system_pre_init                           
000094e6  _system_post_cinit                         
00009530  __TI_Handler_Table_Base                    
00009536  __TI_Handler_Table_Limit                   
0000953a  __TI_CINIT_Base                            
00009542  __TI_CINIT_Limit                           
00009542  __TI_CINIT_Warm                            
0000ffe2  __TI_int01                                 
0000ffe8  __TI_int04                                 
0000ffea  __TI_int05                                 
0000ffec  __TI_int06                                 
0000ffee  __TI_int07                                 
0000fff0  __TI_int08                                 
0000fff2  __TI_int09                                 
0000fff4  __TI_int10                                 
0000fff6  __TI_int11                                 
0000fff8  __TI_int12                                 
0000fffa  __TI_int13                                 
0000fffc  __TI_int14                                 
0000fffe  _reset_vector                              
ffffffff  __TI_pprof_out_hndl                        
ffffffff  __TI_prof_data_size                        
ffffffff  __TI_prof_data_start                       
ffffffff  __c_args__                                 

[332 symbols]
