******************************************************************************
                  MSP430 Linker PC v21.6.1                     
******************************************************************************
>> Linked Tue Feb 20 16:13:13 2024

OUTPUT FILE NAME:   <HVB_Prototype.out>
ENTRY POINT SYMBOL: "_c_int00_noargs"  address: 0000a24c


MEMORY CONFIGURATION

         name            origin    length      used     unused   attr    fill
----------------------  --------  ---------  --------  --------  ----  --------
  SFR                   00000000   00000010  00000000  00000010  RWIX
  PERIPHERALS_8BIT      00000010   000000f0  00000000  000000f0  RWIX
  PERIPHERALS_16BIT     00000100   00000100  00000000  00000100  RWIX
  RAM                   00000200   00000800  00000557  000002a9  RWIX
  INFOA                 00001000   00000400  00000000  00000400  RWIX
  FLASH                 00008000   00007fdc  0000250e  00005ace  RWIX
  JTAGSIGNATURE         0000ffdc   00000004  00000004  00000000  RWIX  ffff 
  INT00                 0000ffe0   00000002  00000000  00000002  RWIX
  INT01                 0000ffe2   00000002  00000002  00000000  RWIX
  INT02                 0000ffe4   00000002  00000000  00000002  RWIX
  INT03                 0000ffe6   00000002  00000000  00000002  RWIX
  INT04                 0000ffe8   00000002  00000002  00000000  RWIX
  INT05                 0000ffea   00000002  00000002  00000000  RWIX
  INT06                 0000ffec   00000002  00000002  00000000  RWIX
  INT07                 0000ffee   00000002  00000002  00000000  RWIX
  INT08                 0000fff0   00000002  00000002  00000000  RWIX
  INT09                 0000fff2   00000002  00000002  00000000  RWIX
  INT10                 0000fff4   00000002  00000002  00000000  RWIX
  INT11                 0000fff6   00000002  00000002  00000000  RWIX
  INT12                 0000fff8   00000002  00000002  00000000  RWIX
  INT13                 0000fffa   00000002  00000002  00000000  RWIX
  INT14                 0000fffc   00000002  00000002  00000000  RWIX
  RESET                 0000fffe   00000002  00000002  00000000  RWIX


SECTION ALLOCATION MAP

 output                                  attributes/
section   page    origin      length       input sections
--------  ----  ----------  ----------   ----------------
.bss       0    00000200    0000019d     UNINITIALIZED
                  00000200    000000a0     (.common:__TI_tmpnams)
                  000002a0    00000032     main.obj (.bss:RXData)
                  000002d2    00000032     main.obj (.bss:TXData)
                  00000304    00000032     (.common:CMD1Data)
                  00000336    00000032     (.common:CMD2Data)
                  00000368    00000015     main.obj (.bss)
                  0000037d    00000001     (.common:CMD1Length)
                  0000037e    00000010     (.common:rfidData)
                  0000038e    00000008     (.common:parmbuf)
                  00000396    00000002     rts430_eabi.lib : memory.c.obj (.bss)
                  00000398    00000002     (.common:CMDDataPtr)
                  0000039a    00000001     (.common:CMD2Length)
                  0000039b    00000001     (.common:CMDIndex)
                  0000039c    00000001     (.common:CMDLength)

.data      0    00000600    0000010a     UNINITIALIZED
                  00000600    00000078     rts430_eabi.lib : defs.c.obj (.data:_ftable)
                  00000678    0000004e                     : host_device.c.obj (.data:_device)
                  000006c6    00000028                     : host_device.c.obj (.data:_stream)
                  000006ee    0000000d     main.obj (.data)
                  000006fb    00000001     --HOLE--
                  000006fc    00000002     rts430_eabi.lib : exit_gvars.c.obj (.data:__TI_cleanup_ptr)
                  000006fe    00000002                     : exit_gvars.c.obj (.data:__TI_dtors_ptr)
                  00000700    00000002                     : _lock.c.obj (.data:_lock)
                  00000702    00000002                     : _lock.c.obj (.data:_unlock)
                  00000704    00000002                     : defs.c.obj (.data)
                  00000706    00000002                     : exit.c.obj (.data)
                  00000708    00000002                     : memory.c.obj (.data)

.sysmem    0    000003a0    00000140     UNINITIALIZED
                  000003a0    00000008     rts430_eabi.lib : memory.c.obj (.sysmem)
                  000003a8    00000138     --HOLE--

.stack     0    000009b0    00000050     UNINITIALIZED
                  000009b0    00000002     rts430_eabi.lib : boot.c.obj (.stack)
                  000009b2    0000004e     --HOLE--

.text      0    00008000    00002456     
                  00008000    00000386     main.obj (.text:main)
                  00008386    00000360     rts430_eabi.lib : div64u.c.obj (.text:__mspabi_divull)
                  000086e6    00000116                     : _printfi.c.obj (.text:__TI_printfi_minimal:_setfield___TI_printfi_minimal)
                  000087fc    000000f6                     : memory.c.obj (.text:aligned_alloc)
                  000088f2    000000ec                     : _printfi.c.obj (.text:__TI_printfi_minimal:__TI_printfi_minimal)
                  000089de    000000ea                     : fputs.c.obj (.text:fputs)
                  00008ac8    000000d4                     : fltullf.c.obj (.text:__mspabi_fltullf)
                  00008b9c    000000d2                     : memory.c.obj (.text:free)
                  00008c6e    000000d0                     : setvbuf.c.obj (.text:setvbuf)
                  00008d3e    000000ce     main.obj (.text:USCIB0_ISR)
                  00008e0c    000000ca     rts430_eabi.lib : _printfi.c.obj (.text:__TI_printfi_minimal:_pproc_diouxp___TI_printfi_minimal)
                  00008ed6    000000c4                     : fs_mpy.asm.obj (.text)
                  00008f9a    000000bc     main.obj (.text:write_flash)
                  00009056    000000ae     main.obj (.text:init_sd24)
                  00009104    0000009c     rts430_eabi.lib : fs_div.asm.obj (.text)
                  000091a0    00000096                     : mult64_hw.asm.obj (.text:__mpyll)
                  00009236    00000090                     : fputc.c.obj (.text:fputc)
                  000092c6    00000088                     : hostlseek.c.obj (.text:HOSTlseek)
                  0000934e    0000007c                     : copy_decompress_lzss.c.obj (.text:decompress:lzss:__TI_decompress_lzss)
                  000093ca    0000007a                     : _io_perm.c.obj (.text:__TI_wrt_ok)
                  00009444    00000078     sd24.obj (.text:SD24_getResults)
                  000094bc    00000072     rts430_eabi.lib : fclose.c.obj (.text:__TI_closefile)
                  0000952e    00000070                     : fseek.c.obj (.text:fseeko)
                  0000959e    00000070     main.obj (.text:init_flash)
                  0000960e    0000006a     rts430_eabi.lib : hostrename.c.obj (.text:HOSTrename)
                  00009678    00000068                     : fs_toi.asm.obj (.text)
                  000096e0    00000068                     : memory.c.obj (.text:split)
                  00009748    00000066                     : hostopen.c.obj (.text:HOSTopen)
                  000097ae    00000062                     : hostwrite.c.obj (.text:HOSTwrite)
                  00009810    00000062                     : fflush.c.obj (.text:__TI_doflush)
                  00009872    00000060                     : hostread.c.obj (.text:HOSTread)
                  000098d2    00000060     main.obj (.text:init_i2c)
                  00009932    00000058     rts430_eabi.lib : getdevice.c.obj (.text:getdevice)
                  0000998a    00000058                     : div32u.asm.obj (.text)
                  000099e2    0000004c     main.obj (.text:SD24_ISR)
                  00009a2e    0000004c     rts430_eabi.lib : lsr16.asm.obj (.text)
                  00009a7a    0000004a                     : close.c.obj (.text:close)
                  00009ac4    00000046     sd24.obj (.text:SD24_initConverterAdvanced)
                  00009b0a    00000046     rts430_eabi.lib : lsr64.c.obj (.text:__mspabi_srlll)
                  00009b50    00000046                     : fs_tou.asm.obj (.text)
                  00009b96    00000044                     : hostclose.c.obj (.text:HOSTclose)
                  00009bda    00000044                     : lsl64.c.obj (.text:__mspabi_sllll)
                  00009c1e    00000044                     : exit.c.obj (.text:exit)
                  00009c62    00000042     timer_a.obj (.text:Timer_A_outputPWM)
                  00009ca4    00000042     rts430_eabi.lib : autoinit.c.obj (.text:__TI_auto_init_nobinit_nopinit:__TI_auto_init_nobinit_nopinit)
                  00009ce6    00000040                     : hostunlink.c.obj (.text:HOSTunlink)
                  00009d26    0000003e                     : lsl32.asm.obj (.text:l_lsl_const)
                  00009d64    0000003c     gpio.obj (.text:GPIO_setAsPeripheralModuleFunctionInputPin)
                  00009da0    0000003c     gpio.obj (.text:GPIO_setAsPeripheralModuleFunctionOutputPin)
                  00009ddc    0000003c     rts430_eabi.lib : printf.c.obj (.text:printf)
                  00009e18    00000034                     : fopen.c.obj (.text:__TI_cleanup)
                  00009e4c    00000034                     : getdevice.c.obj (.text:finddevice)
                  00009e80    00000034     main.obj (.text:init_gpio)
                  00009eb4    00000034     main.obj (.text:write_rfid_flash)
                  00009ee8    00000032     flashctl.obj (.text:FlashCtl_setupClock)
                  00009f1a    0000002e     cs.obj (.text:CS_setupDCO)
                  00009f48    0000002e     flashctl.obj (.text:FlashCtl_write8)
                  00009f76    0000002e     rts430_eabi.lib : trgmsg.c.obj (.text:__TI_writemsg)
                  00009fa4    0000002e                     : mult32_hw.asm.obj (.text)
                  00009fd2    0000002c                     : trgmsg.c.obj (.text:__TI_readmsg)
                  00009ffe    0000002c                     : asr16.asm.obj (.text)
                  0000a02a    0000002c                     : lsl16.asm.obj (.text)
                  0000a056    0000002c                     : strncpy.c.obj (.text:strncpy)
                  0000a082    00000028                     : memory.c.obj (.text:free_list_insert)
                  0000a0aa    00000028                     : unlink.c.obj (.text:unlink)
                  0000a0d2    00000026     cs.obj (.text:CS_initClockSignal)
                  0000a0f8    00000026     rts430_eabi.lib : lseek.c.obj (.text:lseek)
                  0000a11e    00000024     eusci_b_i2c.obj (.text:EUSCI_B_I2C_initSlave)
                  0000a142    00000024     flashctl.obj (.text:FlashCtl_eraseSegment)
                  0000a166    00000024     sd24.obj (.text:SD24_enableInterrupt)
                  0000a18a    00000024     rts430_eabi.lib : fs_utof.asm.obj (.text)
                  0000a1ae    00000024                     : write.c.obj (.text:write)
                  0000a1d2    00000022                     : memccpy.c.obj (.text:memccpy)
                  0000a1f4    0000001e     flashctl.obj (.text:FlashCtl_lockInfo)
                  0000a212    0000001e     gpio.obj (.text:GPIO_setAsOutputPin)
                  0000a230    0000001c     sd24.obj (.text:SD24_init)
                  0000a24c    0000001c     rts430_eabi.lib : boot.c.obj (.text:_c_int00_noargs)
                  0000a268    0000001c                     : memory.c.obj (.text:free_list_remove)
                  0000a284    0000001a     flashctl.obj (.text:FlashCtl_performEraseCheck)
                  0000a29e    0000001a     flashctl.obj (.text:FlashCtl_unlockInfo)
                  0000a2b8    0000001a     rts430_eabi.lib : strchr.c.obj (.text:strchr)
                  0000a2d2    00000018                     : strcmp.c.obj (.text:strcmp)
                  0000a2ea    00000016     gpio.obj (.text:GPIO_setOutputHighOnPin)
                  0000a300    00000016     gpio.obj (.text:GPIO_setOutputLowOnPin)
                  0000a316    00000016     rts430_eabi.lib : div16u.asm.obj (.text)
                  0000a32c    00000014     wdt.obj (.text:WDT_hold)
                  0000a340    00000014     rts430_eabi.lib : copy_zero_init.c.obj (.text:decompress:ZI:__TI_zero_init_nomemset:__TI_zero_init_nomemset)
                  0000a354    00000014                     : memchr.c.obj (.text:memchr)
                  0000a368    00000014                     : memset.c.obj (.text:memset)
                  0000a37c    00000014                     : mult16_hw.asm.obj (.text)
                  0000a390    00000012                     : copy_decompress_none.c.obj (.text:decompress:none:__TI_decompress_none)
                  0000a3a2    00000012                     : lsr32.asm.obj (.text:l_lsr)
                  0000a3b4    00000012                     : memcpy.c.obj (.text:memcpy)
                  0000a3c6    00000010                     : epilog.asm.obj (.text)
                  0000a3d6    00000010                     : strcpy.c.obj (.text:strcpy)
                  0000a3e6    0000000e                     : strlen.c.obj (.text:strlen)
                  0000a3f4    0000000c     eusci_b_i2c.obj (.text:EUSCI_B_I2C_setMode)
                  0000a400    0000000c     sd24.obj (.text:SD24_startConverterConversion)
                  0000a40c    00000008     eusci_b_i2c.obj (.text:EUSCI_B_I2C_slaveGetData)
                  0000a414    00000008     eusci_b_i2c.obj (.text:EUSCI_B_I2C_slavePutData)
                  0000a41c    00000008     rts430_eabi.lib : isr_trap.asm.obj (.text:_isr:__TI_ISR_TRAP)
                  0000a424    00000008                     : memory.c.obj (.text:malloc)
                  0000a42c    00000006     eusci_b_i2c.obj (.text:EUSCI_B_I2C_clearInterrupt)
                  0000a432    00000006     eusci_b_i2c.obj (.text:EUSCI_B_I2C_enable)
                  0000a438    00000006     eusci_b_i2c.obj (.text:EUSCI_B_I2C_enableInterrupt)
                  0000a43e    00000006     rts430_eabi.lib : printf.c.obj (.text:_outc)
                  0000a444    00000006                     : exit.c.obj (.text:abort)
                  0000a44a    00000004                     : printf.c.obj (.text:_outs)
                  0000a44e    00000004                     : pre_init.c.obj (.text:_system_pre_init)
                  0000a452    00000002                     : _lock.c.obj (.text:_nop)
                  0000a454    00000002                     : startup.c.obj (.text:_system_post_cinit)

.const     0    0000a456    00000060     
                  0000a456    00000026     rts430_eabi.lib : _printfi.c.obj (.const:.string)
                  0000a47c    0000001c     gpio.obj (.const:GPIO_PORT_TO_BASE)
                  0000a498    0000000c     main.obj (.const:$P$T0$1)
                  0000a4a4    0000000c     main.obj (.const:$P$T2$3)
                  0000a4b0    00000006     main.obj (.const:$P$T1$2)

.cinit     0    0000a4b6    00000058     
                  0000a4b6    00000046     (.cinit..data.load) [load image, compression = lzss]
                  0000a4fc    00000006     (__TI_handler_table)
                  0000a502    00000004     (.cinit..bss.load) [load image, compression = zero_init]
                  0000a506    00000008     (__TI_cinit_table)

.cio       0    000004e0    00000120     UNINITIALIZED
                  000004e0    00000120     rts430_eabi.lib : trgmsg.c.obj (.cio)

.binit     0    00008000    00000000     

.init_array 
*          0    00008000    00000000     UNINITIALIZED

PORT2      0    0000ffe2    00000002     
                  0000ffe2    00000002     rts430_eabi.lib : int01.asm.obj (.int01)

PORT1      0    0000ffe8    00000002     
                  0000ffe8    00000002     rts430_eabi.lib : int04.asm.obj (.int04)

TIMER0_A1 
*          0    0000ffea    00000002     
                  0000ffea    00000002     rts430_eabi.lib : int05.asm.obj (.int05)

TIMER0_A0 
*          0    0000ffec    00000002     
                  0000ffec    00000002     rts430_eabi.lib : int06.asm.obj (.int06)

SD24       0    0000ffee    00000002     
                  0000ffee    00000002     main.obj (.int07)

USCI_B0    0    0000fff0    00000002     
                  0000fff0    00000002     main.obj (.int08)

USCI_A0    0    0000fff2    00000002     
                  0000fff2    00000002     rts430_eabi.lib : int09.asm.obj (.int09)

WDT        0    0000fff4    00000002     
                  0000fff4    00000002     rts430_eabi.lib : int10.asm.obj (.int10)

VMON       0    0000fff6    00000002     
                  0000fff6    00000002     rts430_eabi.lib : int11.asm.obj (.int11)

TIMER1_A1 
*          0    0000fff8    00000002     
                  0000fff8    00000002     rts430_eabi.lib : int12.asm.obj (.int12)

TIMER1_A0 
*          0    0000fffa    00000002     
                  0000fffa    00000002     rts430_eabi.lib : int13.asm.obj (.int13)

NMI        0    0000fffc    00000002     
                  0000fffc    00000002     rts430_eabi.lib : int14.asm.obj (.int14)

.reset     0    0000fffe    00000002     
                  0000fffe    00000002     rts430_eabi.lib : boot.c.obj (.reset)

$fill000   0    0000ffdc    00000004     
                  0000ffdc    00000004     --HOLE-- [fill = ffff]

MODULE SUMMARY

       Module                       code   ro data   rw data
       ------                       ----   -------   -------
    .\
       main.obj                     1858   34        256    
    +--+----------------------------+------+---------+---------+
       Total:                       1858   34        256    
                                                            
    .\driverlib\MSP430i2xx\
       sd24.obj                     266    0         0      
       gpio.obj                     194    28        0      
       flashctl.obj                 214    0         0      
       cs.obj                       84     0         0      
       eusci_b_i2c.obj              82     0         0      
       timer_a.obj                  66     0         0      
       wdt.obj                      20     0         0      
    +--+----------------------------+------+---------+---------+
       Total:                       926    28        0      
                                                            
    C:\ti\ccs1260\ccs\tools\compiler\ti-cgt-msp430_21.6.1.LTS\lib\rts430_eabi.lib
       div64u.c.obj                 864    0         0      
       _printfi.c.obj               716    38        0      
       memory.c.obj                 636    0         4      
       trgmsg.c.obj                 90     0         288    
       defs.c.obj                   0      0         282    
       fputs.c.obj                  234    0         0      
       fltullf.c.obj                212    0         0      
       setvbuf.c.obj                208    0         0      
       fs_mpy.asm.obj               196    0         0      
       fs_div.asm.obj               156    0         0      
       mult64_hw.asm.obj            150    0         0      
       fputc.c.obj                  144    0         0      
       getdevice.c.obj              140    0         0      
       hostlseek.c.obj              136    0         0      
       copy_decompress_lzss.c.obj   124    0         0      
       _io_perm.c.obj               122    0         0      
       host_device.c.obj            0      0         118    
       fclose.c.obj                 114    0         0      
       fseek.c.obj                  112    0         0      
       hostopen.c.obj               102    0         8      
       hostrename.c.obj             106    0         0      
       fs_toi.asm.obj               104    0         0      
       fflush.c.obj                 98     0         0      
       hostwrite.c.obj              98     0         0      
       hostread.c.obj               96     0         0      
       div32u.asm.obj               88     0         0      
       exit.c.obj                   74     0         2      
       lsr16.asm.obj                76     0         0      
       close.c.obj                  74     0         0      
       fs_tou.asm.obj               70     0         0      
       lsr64.c.obj                  70     0         0      
       printf.c.obj                 70     0         0      
       hostclose.c.obj              68     0         0      
       lsl64.c.obj                  68     0         0      
       autoinit.c.obj               66     0         0      
       hostunlink.c.obj             64     0         0      
       lsl32.asm.obj                62     0         0      
       fopen.c.obj                  52     0         0      
       mult32_hw.asm.obj            46     0         0      
       asr16.asm.obj                44     0         0      
       lsl16.asm.obj                44     0         0      
       strncpy.c.obj                44     0         0      
       unlink.c.obj                 40     0         0      
       lseek.c.obj                  38     0         0      
       fs_utof.asm.obj              36     0         0      
       write.c.obj                  36     0         0      
       memccpy.c.obj                34     0         0      
       boot.c.obj                   28     2         0      
       strchr.c.obj                 26     0         0      
       strcmp.c.obj                 24     0         0      
       div16u.asm.obj               22     0         0      
       copy_zero_init.c.obj         20     0         0      
       memchr.c.obj                 20     0         0      
       memset.c.obj                 20     0         0      
       mult16_hw.asm.obj            20     0         0      
       copy_decompress_none.c.obj   18     0         0      
       lsr32.asm.obj                18     0         0      
       memcpy.c.obj                 18     0         0      
       epilog.asm.obj               16     0         0      
       strcpy.c.obj                 16     0         0      
       strlen.c.obj                 14     0         0      
       isr_trap.asm.obj             8      0         0      
       _lock.c.obj                  2      0         4      
       exit_gvars.c.obj             0      0         4      
       pre_init.c.obj               4      0         0      
       int01.asm.obj                0      2         0      
       int04.asm.obj                0      2         0      
       int05.asm.obj                0      2         0      
       int06.asm.obj                0      2         0      
       int09.asm.obj                0      2         0      
       int10.asm.obj                0      2         0      
       int11.asm.obj                0      2         0      
       int12.asm.obj                0      2         0      
       int13.asm.obj                0      2         0      
       int14.asm.obj                0      2         0      
       startup.c.obj                2      0         0      
    +--+----------------------------+------+---------+---------+
       Total:                       6518   60        710    
                                                            
       Heap:                        0      0         320    
       Stack:                       0      0         80     
       Linker Generated:            0      88        0      
    +--+----------------------------+------+---------+---------+
       Grand Total:                 9302   210       1366   


LINKER GENERATED COPY TABLES

__TI_cinit_table @ 0000a506 records: 2, size/record: 4, table size: 8
	.data: load addr=0000a4b6, load size=00000046 bytes, run addr=00000600, run size=0000010a bytes, compression=lzss
	.bss: load addr=0000a502, load size=00000004 bytes, run addr=00000200, run size=0000019d bytes, compression=zero_init


LINKER GENERATED HANDLER TABLE

__TI_handler_table @ 0000a4fc records: 3, size/record: 2, table size: 6
	index: 0, handler: __TI_zero_init
	index: 1, handler: __TI_decompress_lzss
	index: 2, handler: __TI_decompress_none


GLOBAL SYMBOLS: SORTED ALPHABETICALLY BY Name 

address   name                                       
-------   ----                                       
0000a444  C$$EXIT                                    
00009fa0  C$$IO$$                                    
00000304  CMD1Data                                   
0000037d  CMD1Length                                 
00000336  CMD2Data                                   
0000039a  CMD2Length                                 
00000398  CMDDataPtr                                 
0000039b  CMDIndex                                   
0000039c  CMDLength                                  
00000050  CSCTL0                                     
00000051  CSCTL1                                     
00000054  CSERFCAL                                   
00000055  CSERTCAL                                   
00000052  CSIRFCAL                                   
00000053  CSIRTCAL                                   
0000a0d2  CS_initClockSignal                         
00009f1a  CS_setupDCO                                
0000a42c  EUSCI_B_I2C_clearInterrupt                 
0000a432  EUSCI_B_I2C_enable                         
0000a438  EUSCI_B_I2C_enableInterrupt                
0000a11e  EUSCI_B_I2C_initSlave                      
0000a3f4  EUSCI_B_I2C_setMode                        
0000a40c  EUSCI_B_I2C_slaveGetData                   
0000a414  EUSCI_B_I2C_slavePutData                   
00000128  FCTL1                                      
0000012a  FCTL2                                      
0000012c  FCTL3                                      
0000a142  FlashCtl_eraseSegment                      
0000a1f4  FlashCtl_lockInfo                          
0000a284  FlashCtl_performEraseCheck                 
00009ee8  FlashCtl_setupClock                        
0000a29e  FlashCtl_unlockInfo                        
00009f48  FlashCtl_write8                            
0000a212  GPIO_setAsOutputPin                        
00009d64  GPIO_setAsPeripheralModuleFunctionInputPin 
00009da0  GPIO_setAsPeripheralModuleFunctionOutputPin
0000a2ea  GPIO_setOutputHighOnPin                    
0000a300  GPIO_setOutputLowOnPin                     
00009b96  HOSTclose                                  
000092c6  HOSTlseek                                  
00009748  HOSTopen                                   
00009872  HOSTread                                   
0000960e  HOSTrename                                 
00009ce6  HOSTunlink                                 
000097ae  HOSTwrite                                  
00000000  IE1                                        
00000002  IFG1                                       
00000060  LPM45CTL                                   
00000134  MAC                                        
00000136  MACS                                       
00000130  MPY                                        
00000132  MPYS                                       
00000138  OP2                                        
0000001e  P1IV                                       
0000002e  P2IV                                       
00000014  PADIR                                      
00000015  PADIR_H                                    
00000014  PADIR_L                                    
0000002a  PAIE                                       
00000028  PAIES                                      
00000029  PAIES_H                                    
00000028  PAIES_L                                    
0000002b  PAIE_H                                     
0000002a  PAIE_L                                     
0000002c  PAIFG                                      
0000002d  PAIFG_H                                    
0000002c  PAIFG_L                                    
00000010  PAIN                                       
00000011  PAIN_H                                     
00000010  PAIN_L                                     
00000012  PAOUT                                      
00000013  PAOUT_H                                    
00000012  PAOUT_L                                    
0000001a  PASEL0                                     
0000001b  PASEL0_H                                   
0000001a  PASEL0_L                                   
0000001c  PASEL1                                     
0000001d  PASEL1_H                                   
0000001c  PASEL1_L                                   
000006fa  ProtectionFlag                             
00000062  REFCAL0                                    
00000063  REFCAL1                                    
0000013c  RESHI                                      
0000013a  RESLO                                      
00000102  SD24CCTL0                                  
00000104  SD24CCTL1                                  
00000100  SD24CTL                                    
000000b0  SD24INCTL0                                 
000000b1  SD24INCTL1                                 
000001f0  SD24IV                                     
00000110  SD24MEM0                                   
00000112  SD24MEM1                                   
000000b8  SD24PRE0                                   
000000b9  SD24PRE1                                   
000000bf  SD24TRIM                                   
000099e2  SD24_ISR                                   
0000a166  SD24_enableInterrupt                       
00009444  SD24_getResults                            
0000a230  SD24_init                                  
00009ac4  SD24_initConverterAdvanced                 
0000a400  SD24_startConverterConversion              
0000013e  SUMEXT                                     
000001fe  SYSJTAGDIS                                 
00000172  TA0CCR0                                    
00000174  TA0CCR1                                    
00000176  TA0CCR2                                    
00000162  TA0CCTL0                                   
00000164  TA0CCTL1                                   
00000166  TA0CCTL2                                   
00000160  TA0CTL                                     
0000012e  TA0IV                                      
00000170  TA0R                                       
00000192  TA1CCR0                                    
00000194  TA1CCR1                                    
00000196  TA1CCR2                                    
00000182  TA1CCTL0                                   
00000184  TA1CCTL1                                   
00000186  TA1CCTL2                                   
00000180  TA1CTL                                     
0000011e  TA1IV                                      
00000190  TA1R                                       
00009c62  Timer_A_outputPWM                          
00000150  UCA0ABCTL                                  
00000146  UCA0BRW                                    
00000147  UCA0BRW_H                                  
00000146  UCA0BRW_L                                  
00000140  UCA0CTLW0                                  
00000141  UCA0CTLW0_H                                
00000140  UCA0CTLW0_L                                
00000142  UCA0CTLW1                                  
00000143  UCA0CTLW1_H                                
00000142  UCA0CTLW1_L                                
0000015a  UCA0IE                                     
0000015b  UCA0IE_H                                   
0000015a  UCA0IE_L                                   
0000015c  UCA0IFG                                    
0000015d  UCA0IFG_H                                  
0000015c  UCA0IFG_L                                  
00000152  UCA0IRCTL                                  
00000153  UCA0IRCTL_H                                
00000152  UCA0IRCTL_L                                
0000015e  UCA0IV                                     
00000148  UCA0MCTLW                                  
00000149  UCA0MCTLW_H                                
00000148  UCA0MCTLW_L                                
0000014c  UCA0RXBUF                                  
0000014d  UCA0RXBUF_H                                
0000014c  UCA0RXBUF_L                                
0000014a  UCA0STATW                                  
0000014e  UCA0TXBUF                                  
0000014f  UCA0TXBUF_H                                
0000014e  UCA0TXBUF_L                                
000001de  UCB0ADDMASK                                
000001df  UCB0ADDMASK_H                              
000001de  UCB0ADDMASK_L                              
000001dc  UCB0ADDRX                                  
000001dd  UCB0ADDRX_H                                
000001dc  UCB0ADDRX_L                                
000001c6  UCB0BRW                                    
000001c7  UCB0BRW_H                                  
000001c6  UCB0BRW_L                                  
000001c0  UCB0CTLW0                                  
000001c1  UCB0CTLW0_H                                
000001c0  UCB0CTLW0_L                                
000001c2  UCB0CTLW1                                  
000001c3  UCB0CTLW1_H                                
000001c2  UCB0CTLW1_L                                
000001d4  UCB0I2COA0                                 
000001d5  UCB0I2COA0_H                               
000001d4  UCB0I2COA0_L                               
000001d6  UCB0I2COA1                                 
000001d7  UCB0I2COA1_H                               
000001d6  UCB0I2COA1_L                               
000001d8  UCB0I2COA2                                 
000001d9  UCB0I2COA2_H                               
000001d8  UCB0I2COA2_L                               
000001da  UCB0I2COA3                                 
000001db  UCB0I2COA3_H                               
000001da  UCB0I2COA3_L                               
000001e0  UCB0I2CSA                                  
000001e1  UCB0I2CSA_H                                
000001e0  UCB0I2CSA_L                                
000001ea  UCB0IE                                     
000001eb  UCB0IE_H                                   
000001ea  UCB0IE_L                                   
000001ec  UCB0IFG                                    
000001ed  UCB0IFG_H                                  
000001ec  UCB0IFG_L                                  
000001ee  UCB0IV                                     
000001cc  UCB0RXBUF                                  
000001cd  UCB0RXBUF_H                                
000001cc  UCB0RXBUF_L                                
000001c8  UCB0STATW                                  
000001c9  UCB0STATW_H                                
000001c8  UCB0STATW_L                                
000001ca  UCB0TBCNT                                  
000001cb  UCB0TBCNT_H                                
000001ca  UCB0TBCNT_L                                
000001ce  UCB0TXBUF                                  
000001cf  UCB0TXBUF_H                                
000001ce  UCB0TXBUF_L                                
00008d3e  USCIB0_ISR                                 
00000061  VMONCTL                                    
00000120  WDTCTL                                     
0000a32c  WDT_hold                                   
000004e0  _CIOBUF_                                   
00000a00  __STACK_END                                
00000050  __STACK_SIZE                               
00000140  __SYSMEM_SIZE                              
0000a506  __TI_CINIT_Base                            
0000a50e  __TI_CINIT_Limit                           
0000a50e  __TI_CINIT_Warm                            
0000a4fc  __TI_Handler_Table_Base                    
0000a502  __TI_Handler_Table_Limit                   
0000a41c  __TI_ISR_TRAP                              
00009ca4  __TI_auto_init_nobinit_nopinit             
00009e18  __TI_cleanup                               
000006fc  __TI_cleanup_ptr                           
000094bc  __TI_closefile                             
0000934e  __TI_decompress_lzss                       
0000a390  __TI_decompress_none                       
00009810  __TI_doflush                               
000006fe  __TI_dtors_ptr                             
00000706  __TI_enable_exit_profile_output            
00000704  __TI_ft_end                                
0000ffe2  __TI_int01                                 
0000ffe8  __TI_int04                                 
0000ffea  __TI_int05                                 
0000ffec  __TI_int06                                 
0000ffee  __TI_int07                                 
0000fff0  __TI_int08                                 
0000fff2  __TI_int09                                 
0000fff4  __TI_int10                                 
0000fff6  __TI_int11                                 
0000fff8  __TI_int12                                 
0000fffa  __TI_int13                                 
0000fffc  __TI_int14                                 
ffffffff  __TI_pprof_out_hndl                        
000088f2  __TI_printfi_minimal                       
ffffffff  __TI_prof_data_size                        
ffffffff  __TI_prof_data_start                       
00009fd2  __TI_readmsg                               
00000200  __TI_tmpnams                               
00009f76  __TI_writemsg                              
000093ca  __TI_wrt_ok                                
0000a340  __TI_zero_init_nomemset                    
ffffffff  __c_args__                                 
00009104  __mspabi_divf                              
0000a316  __mspabi_divu                              
0000998a  __mspabi_divul                             
00008386  __mspabi_divull                            
00009678  __mspabi_fixfi                             
00009b50  __mspabi_fixfu                             
0000a18a  __mspabi_fltuf                             
00008ac8  __mspabi_fltullf                           
0000a3d2  __mspabi_func_epilog_1                     
0000a3d0  __mspabi_func_epilog_2                     
0000a3ce  __mspabi_func_epilog_3                     
0000a3cc  __mspabi_func_epilog_4                     
0000a3ca  __mspabi_func_epilog_5                     
0000a3c8  __mspabi_func_epilog_6                     
0000a3c6  __mspabi_func_epilog_7                     
00008ed6  __mspabi_mpyf                              
0000a37c  __mspabi_mpyi_hw                           
00009fa4  __mspabi_mpyl_hw                           
000091a0  __mspabi_mpyll_hw                          
0000a316  __mspabi_remu                              
0000998a  __mspabi_remul                             
0000a02a  __mspabi_slli                              
0000a052  __mspabi_slli_1                            
0000a040  __mspabi_slli_10                           
0000a03e  __mspabi_slli_11                           
0000a03c  __mspabi_slli_12                           
0000a03a  __mspabi_slli_13                           
0000a038  __mspabi_slli_14                           
0000a036  __mspabi_slli_15                           
0000a050  __mspabi_slli_2                            
0000a04e  __mspabi_slli_3                            
0000a04c  __mspabi_slli_4                            
0000a04a  __mspabi_slli_5                            
0000a048  __mspabi_slli_6                            
0000a046  __mspabi_slli_7                            
0000a044  __mspabi_slli_8                            
0000a042  __mspabi_slli_9                            
00009d5e  __mspabi_slll_1                            
00009d3a  __mspabi_slll_10                           
00009d36  __mspabi_slll_11                           
00009d32  __mspabi_slll_12                           
00009d2e  __mspabi_slll_13                           
00009d2a  __mspabi_slll_14                           
00009d26  __mspabi_slll_15                           
00009d5a  __mspabi_slll_2                            
00009d56  __mspabi_slll_3                            
00009d52  __mspabi_slll_4                            
00009d4e  __mspabi_slll_5                            
00009d4a  __mspabi_slll_6                            
00009d46  __mspabi_slll_7                            
00009d42  __mspabi_slll_8                            
00009d3e  __mspabi_slll_9                            
00009bda  __mspabi_sllll                             
00009ffe  __mspabi_srai                              
0000a026  __mspabi_srai_1                            
0000a014  __mspabi_srai_10                           
0000a012  __mspabi_srai_11                           
0000a010  __mspabi_srai_12                           
0000a00e  __mspabi_srai_13                           
0000a00c  __mspabi_srai_14                           
0000a00a  __mspabi_srai_15                           
0000a024  __mspabi_srai_2                            
0000a022  __mspabi_srai_3                            
0000a020  __mspabi_srai_4                            
0000a01e  __mspabi_srai_5                            
0000a01c  __mspabi_srai_6                            
0000a01a  __mspabi_srai_7                            
0000a018  __mspabi_srai_8                            
0000a016  __mspabi_srai_9                            
00009a2e  __mspabi_srli                              
00009a74  __mspabi_srli_1                            
00009a50  __mspabi_srli_10                           
00009a4c  __mspabi_srli_11                           
00009a48  __mspabi_srli_12                           
00009a44  __mspabi_srli_13                           
00009a40  __mspabi_srli_14                           
00009a3c  __mspabi_srli_15                           
00009a70  __mspabi_srli_2                            
00009a6c  __mspabi_srli_3                            
00009a68  __mspabi_srli_4                            
00009a64  __mspabi_srli_5                            
00009a60  __mspabi_srli_6                            
00009a5c  __mspabi_srli_7                            
00009a58  __mspabi_srli_8                            
00009a54  __mspabi_srli_9                            
0000a3a2  __mspabi_srll                              
00009b0a  __mspabi_srlll                             
0000a24c  _c_int00_noargs                            
00000678  _device                                    
00000600  _ftable                                    
00000700  _lock                                      
0000a452  _nop                                       
0000fffe  _reset_vector                              
000009b0  _stack                                     
000006c6  _stream                                    
000003a0  _sys_memory                                
0000a454  _system_post_cinit                         
0000a44e  _system_pre_init                           
00000702  _unlock                                    
0000a444  abort                                      
000087fc  aligned_alloc                              
00009a7a  close                                      
000006f2  currentLimit                               
00009c1e  exit                                       
00009e4c  finddevice                                 
00009236  fputc                                      
000089de  fputs                                      
00008b9c  free                                       
0000952e  fseek                                      
0000952e  fseeko                                     
00009932  getdevice                                  
000006ee  i                                          
0000959e  init_flash                                 
00009e80  init_gpio                                  
000098d2  init_i2c                                   
00009056  init_sd24                                  
0000a0f8  lseek                                      
00008000  main                                       
0000a424  malloc                                     
000087fc  memalign                                   
0000a1d2  memccpy                                    
0000a354  memchr                                     
0000a3b4  memcpy                                     
0000a368  memset                                     
0000038e  parmbuf                                    
000006f0  polarity                                   
00009ddc  printf                                     
00009236  putc                                       
0000a0aa  remove                                     
0000037e  rfidData                                   
00008c6e  setvbuf                                    
0000a2b8  strchr                                     
0000a2d2  strcmp                                     
0000a3d6  strcpy                                     
0000a3e6  strlen                                     
0000a056  strncpy                                    
0000a0aa  unlink                                     
000006f4  vOffset1                                   
000006f6  vOffset2                                   
000006f8  vOffset3                                   
0000a1ae  write                                      
00008f9a  write_flash                                
00009eb4  write_rfid_flash                           


GLOBAL SYMBOLS: SORTED BY Symbol Address 

address   name                                       
-------   ----                                       
00000000  IE1                                        
00000002  IFG1                                       
00000010  PAIN                                       
00000010  PAIN_L                                     
00000011  PAIN_H                                     
00000012  PAOUT                                      
00000012  PAOUT_L                                    
00000013  PAOUT_H                                    
00000014  PADIR                                      
00000014  PADIR_L                                    
00000015  PADIR_H                                    
0000001a  PASEL0                                     
0000001a  PASEL0_L                                   
0000001b  PASEL0_H                                   
0000001c  PASEL1                                     
0000001c  PASEL1_L                                   
0000001d  PASEL1_H                                   
0000001e  P1IV                                       
00000028  PAIES                                      
00000028  PAIES_L                                    
00000029  PAIES_H                                    
0000002a  PAIE                                       
0000002a  PAIE_L                                     
0000002b  PAIE_H                                     
0000002c  PAIFG                                      
0000002c  PAIFG_L                                    
0000002d  PAIFG_H                                    
0000002e  P2IV                                       
00000050  CSCTL0                                     
00000050  __STACK_SIZE                               
00000051  CSCTL1                                     
00000052  CSIRFCAL                                   
00000053  CSIRTCAL                                   
00000054  CSERFCAL                                   
00000055  CSERTCAL                                   
00000060  LPM45CTL                                   
00000061  VMONCTL                                    
00000062  REFCAL0                                    
00000063  REFCAL1                                    
000000b0  SD24INCTL0                                 
000000b1  SD24INCTL1                                 
000000b8  SD24PRE0                                   
000000b9  SD24PRE1                                   
000000bf  SD24TRIM                                   
00000100  SD24CTL                                    
00000102  SD24CCTL0                                  
00000104  SD24CCTL1                                  
00000110  SD24MEM0                                   
00000112  SD24MEM1                                   
0000011e  TA1IV                                      
00000120  WDTCTL                                     
00000128  FCTL1                                      
0000012a  FCTL2                                      
0000012c  FCTL3                                      
0000012e  TA0IV                                      
00000130  MPY                                        
00000132  MPYS                                       
00000134  MAC                                        
00000136  MACS                                       
00000138  OP2                                        
0000013a  RESLO                                      
0000013c  RESHI                                      
0000013e  SUMEXT                                     
00000140  UCA0CTLW0                                  
00000140  UCA0CTLW0_L                                
00000140  __SYSMEM_SIZE                              
00000141  UCA0CTLW0_H                                
00000142  UCA0CTLW1                                  
00000142  UCA0CTLW1_L                                
00000143  UCA0CTLW1_H                                
00000146  UCA0BRW                                    
00000146  UCA0BRW_L                                  
00000147  UCA0BRW_H                                  
00000148  UCA0MCTLW                                  
00000148  UCA0MCTLW_L                                
00000149  UCA0MCTLW_H                                
0000014a  UCA0STATW                                  
0000014c  UCA0RXBUF                                  
0000014c  UCA0RXBUF_L                                
0000014d  UCA0RXBUF_H                                
0000014e  UCA0TXBUF                                  
0000014e  UCA0TXBUF_L                                
0000014f  UCA0TXBUF_H                                
00000150  UCA0ABCTL                                  
00000152  UCA0IRCTL                                  
00000152  UCA0IRCTL_L                                
00000153  UCA0IRCTL_H                                
0000015a  UCA0IE                                     
0000015a  UCA0IE_L                                   
0000015b  UCA0IE_H                                   
0000015c  UCA0IFG                                    
0000015c  UCA0IFG_L                                  
0000015d  UCA0IFG_H                                  
0000015e  UCA0IV                                     
00000160  TA0CTL                                     
00000162  TA0CCTL0                                   
00000164  TA0CCTL1                                   
00000166  TA0CCTL2                                   
00000170  TA0R                                       
00000172  TA0CCR0                                    
00000174  TA0CCR1                                    
00000176  TA0CCR2                                    
00000180  TA1CTL                                     
00000182  TA1CCTL0                                   
00000184  TA1CCTL1                                   
00000186  TA1CCTL2                                   
00000190  TA1R                                       
00000192  TA1CCR0                                    
00000194  TA1CCR1                                    
00000196  TA1CCR2                                    
000001c0  UCB0CTLW0                                  
000001c0  UCB0CTLW0_L                                
000001c1  UCB0CTLW0_H                                
000001c2  UCB0CTLW1                                  
000001c2  UCB0CTLW1_L                                
000001c3  UCB0CTLW1_H                                
000001c6  UCB0BRW                                    
000001c6  UCB0BRW_L                                  
000001c7  UCB0BRW_H                                  
000001c8  UCB0STATW                                  
000001c8  UCB0STATW_L                                
000001c9  UCB0STATW_H                                
000001ca  UCB0TBCNT                                  
000001ca  UCB0TBCNT_L                                
000001cb  UCB0TBCNT_H                                
000001cc  UCB0RXBUF                                  
000001cc  UCB0RXBUF_L                                
000001cd  UCB0RXBUF_H                                
000001ce  UCB0TXBUF                                  
000001ce  UCB0TXBUF_L                                
000001cf  UCB0TXBUF_H                                
000001d4  UCB0I2COA0                                 
000001d4  UCB0I2COA0_L                               
000001d5  UCB0I2COA0_H                               
000001d6  UCB0I2COA1                                 
000001d6  UCB0I2COA1_L                               
000001d7  UCB0I2COA1_H                               
000001d8  UCB0I2COA2                                 
000001d8  UCB0I2COA2_L                               
000001d9  UCB0I2COA2_H                               
000001da  UCB0I2COA3                                 
000001da  UCB0I2COA3_L                               
000001db  UCB0I2COA3_H                               
000001dc  UCB0ADDRX                                  
000001dc  UCB0ADDRX_L                                
000001dd  UCB0ADDRX_H                                
000001de  UCB0ADDMASK                                
000001de  UCB0ADDMASK_L                              
000001df  UCB0ADDMASK_H                              
000001e0  UCB0I2CSA                                  
000001e0  UCB0I2CSA_L                                
000001e1  UCB0I2CSA_H                                
000001ea  UCB0IE                                     
000001ea  UCB0IE_L                                   
000001eb  UCB0IE_H                                   
000001ec  UCB0IFG                                    
000001ec  UCB0IFG_L                                  
000001ed  UCB0IFG_H                                  
000001ee  UCB0IV                                     
000001f0  SD24IV                                     
000001fe  SYSJTAGDIS                                 
00000200  __TI_tmpnams                               
00000304  CMD1Data                                   
00000336  CMD2Data                                   
0000037d  CMD1Length                                 
0000037e  rfidData                                   
0000038e  parmbuf                                    
00000398  CMDDataPtr                                 
0000039a  CMD2Length                                 
0000039b  CMDIndex                                   
0000039c  CMDLength                                  
000003a0  _sys_memory                                
000004e0  _CIOBUF_                                   
00000600  _ftable                                    
00000678  _device                                    
000006c6  _stream                                    
000006ee  i                                          
000006f0  polarity                                   
000006f2  currentLimit                               
000006f4  vOffset1                                   
000006f6  vOffset2                                   
000006f8  vOffset3                                   
000006fa  ProtectionFlag                             
000006fc  __TI_cleanup_ptr                           
000006fe  __TI_dtors_ptr                             
00000700  _lock                                      
00000702  _unlock                                    
00000704  __TI_ft_end                                
00000706  __TI_enable_exit_profile_output            
000009b0  _stack                                     
00000a00  __STACK_END                                
00008000  main                                       
00008386  __mspabi_divull                            
000087fc  aligned_alloc                              
000087fc  memalign                                   
000088f2  __TI_printfi_minimal                       
000089de  fputs                                      
00008ac8  __mspabi_fltullf                           
00008b9c  free                                       
00008c6e  setvbuf                                    
00008d3e  USCIB0_ISR                                 
00008ed6  __mspabi_mpyf                              
00008f9a  write_flash                                
00009056  init_sd24                                  
00009104  __mspabi_divf                              
000091a0  __mspabi_mpyll_hw                          
00009236  fputc                                      
00009236  putc                                       
000092c6  HOSTlseek                                  
0000934e  __TI_decompress_lzss                       
000093ca  __TI_wrt_ok                                
00009444  SD24_getResults                            
000094bc  __TI_closefile                             
0000952e  fseek                                      
0000952e  fseeko                                     
0000959e  init_flash                                 
0000960e  HOSTrename                                 
00009678  __mspabi_fixfi                             
00009748  HOSTopen                                   
000097ae  HOSTwrite                                  
00009810  __TI_doflush                               
00009872  HOSTread                                   
000098d2  init_i2c                                   
00009932  getdevice                                  
0000998a  __mspabi_divul                             
0000998a  __mspabi_remul                             
000099e2  SD24_ISR                                   
00009a2e  __mspabi_srli                              
00009a3c  __mspabi_srli_15                           
00009a40  __mspabi_srli_14                           
00009a44  __mspabi_srli_13                           
00009a48  __mspabi_srli_12                           
00009a4c  __mspabi_srli_11                           
00009a50  __mspabi_srli_10                           
00009a54  __mspabi_srli_9                            
00009a58  __mspabi_srli_8                            
00009a5c  __mspabi_srli_7                            
00009a60  __mspabi_srli_6                            
00009a64  __mspabi_srli_5                            
00009a68  __mspabi_srli_4                            
00009a6c  __mspabi_srli_3                            
00009a70  __mspabi_srli_2                            
00009a74  __mspabi_srli_1                            
00009a7a  close                                      
00009ac4  SD24_initConverterAdvanced                 
00009b0a  __mspabi_srlll                             
00009b50  __mspabi_fixfu                             
00009b96  HOSTclose                                  
00009bda  __mspabi_sllll                             
00009c1e  exit                                       
00009c62  Timer_A_outputPWM                          
00009ca4  __TI_auto_init_nobinit_nopinit             
00009ce6  HOSTunlink                                 
00009d26  __mspabi_slll_15                           
00009d2a  __mspabi_slll_14                           
00009d2e  __mspabi_slll_13                           
00009d32  __mspabi_slll_12                           
00009d36  __mspabi_slll_11                           
00009d3a  __mspabi_slll_10                           
00009d3e  __mspabi_slll_9                            
00009d42  __mspabi_slll_8                            
00009d46  __mspabi_slll_7                            
00009d4a  __mspabi_slll_6                            
00009d4e  __mspabi_slll_5                            
00009d52  __mspabi_slll_4                            
00009d56  __mspabi_slll_3                            
00009d5a  __mspabi_slll_2                            
00009d5e  __mspabi_slll_1                            
00009d64  GPIO_setAsPeripheralModuleFunctionInputPin 
00009da0  GPIO_setAsPeripheralModuleFunctionOutputPin
00009ddc  printf                                     
00009e18  __TI_cleanup                               
00009e4c  finddevice                                 
00009e80  init_gpio                                  
00009eb4  write_rfid_flash                           
00009ee8  FlashCtl_setupClock                        
00009f1a  CS_setupDCO                                
00009f48  FlashCtl_write8                            
00009f76  __TI_writemsg                              
00009fa0  C$$IO$$                                    
00009fa4  __mspabi_mpyl_hw                           
00009fd2  __TI_readmsg                               
00009ffe  __mspabi_srai                              
0000a00a  __mspabi_srai_15                           
0000a00c  __mspabi_srai_14                           
0000a00e  __mspabi_srai_13                           
0000a010  __mspabi_srai_12                           
0000a012  __mspabi_srai_11                           
0000a014  __mspabi_srai_10                           
0000a016  __mspabi_srai_9                            
0000a018  __mspabi_srai_8                            
0000a01a  __mspabi_srai_7                            
0000a01c  __mspabi_srai_6                            
0000a01e  __mspabi_srai_5                            
0000a020  __mspabi_srai_4                            
0000a022  __mspabi_srai_3                            
0000a024  __mspabi_srai_2                            
0000a026  __mspabi_srai_1                            
0000a02a  __mspabi_slli                              
0000a036  __mspabi_slli_15                           
0000a038  __mspabi_slli_14                           
0000a03a  __mspabi_slli_13                           
0000a03c  __mspabi_slli_12                           
0000a03e  __mspabi_slli_11                           
0000a040  __mspabi_slli_10                           
0000a042  __mspabi_slli_9                            
0000a044  __mspabi_slli_8                            
0000a046  __mspabi_slli_7                            
0000a048  __mspabi_slli_6                            
0000a04a  __mspabi_slli_5                            
0000a04c  __mspabi_slli_4                            
0000a04e  __mspabi_slli_3                            
0000a050  __mspabi_slli_2                            
0000a052  __mspabi_slli_1                            
0000a056  strncpy                                    
0000a0aa  remove                                     
0000a0aa  unlink                                     
0000a0d2  CS_initClockSignal                         
0000a0f8  lseek                                      
0000a11e  EUSCI_B_I2C_initSlave                      
0000a142  FlashCtl_eraseSegment                      
0000a166  SD24_enableInterrupt                       
0000a18a  __mspabi_fltuf                             
0000a1ae  write                                      
0000a1d2  memccpy                                    
0000a1f4  FlashCtl_lockInfo                          
0000a212  GPIO_setAsOutputPin                        
0000a230  SD24_init                                  
0000a24c  _c_int00_noargs                            
0000a284  FlashCtl_performEraseCheck                 
0000a29e  FlashCtl_unlockInfo                        
0000a2b8  strchr                                     
0000a2d2  strcmp                                     
0000a2ea  GPIO_setOutputHighOnPin                    
0000a300  GPIO_setOutputLowOnPin                     
0000a316  __mspabi_divu                              
0000a316  __mspabi_remu                              
0000a32c  WDT_hold                                   
0000a340  __TI_zero_init_nomemset                    
0000a354  memchr                                     
0000a368  memset                                     
0000a37c  __mspabi_mpyi_hw                           
0000a390  __TI_decompress_none                       
0000a3a2  __mspabi_srll                              
0000a3b4  memcpy                                     
0000a3c6  __mspabi_func_epilog_7                     
0000a3c8  __mspabi_func_epilog_6                     
0000a3ca  __mspabi_func_epilog_5                     
0000a3cc  __mspabi_func_epilog_4                     
0000a3ce  __mspabi_func_epilog_3                     
0000a3d0  __mspabi_func_epilog_2                     
0000a3d2  __mspabi_func_epilog_1                     
0000a3d6  strcpy                                     
0000a3e6  strlen                                     
0000a3f4  EUSCI_B_I2C_setMode                        
0000a400  SD24_startConverterConversion              
0000a40c  EUSCI_B_I2C_slaveGetData                   
0000a414  EUSCI_B_I2C_slavePutData                   
0000a41c  __TI_ISR_TRAP                              
0000a424  malloc                                     
0000a42c  EUSCI_B_I2C_clearInterrupt                 
0000a432  EUSCI_B_I2C_enable                         
0000a438  EUSCI_B_I2C_enableInterrupt                
0000a444  C$$EXIT                                    
0000a444  abort                                      
0000a44e  _system_pre_init                           
0000a452  _nop                                       
0000a454  _system_post_cinit                         
0000a4fc  __TI_Handler_Table_Base                    
0000a502  __TI_Handler_Table_Limit                   
0000a506  __TI_CINIT_Base                            
0000a50e  __TI_CINIT_Limit                           
0000a50e  __TI_CINIT_Warm                            
0000ffe2  __TI_int01                                 
0000ffe8  __TI_int04                                 
0000ffea  __TI_int05                                 
0000ffec  __TI_int06                                 
0000ffee  __TI_int07                                 
0000fff0  __TI_int08                                 
0000fff2  __TI_int09                                 
0000fff4  __TI_int10                                 
0000fff6  __TI_int11                                 
0000fff8  __TI_int12                                 
0000fffa  __TI_int13                                 
0000fffc  __TI_int14                                 
0000fffe  _reset_vector                              
ffffffff  __TI_pprof_out_hndl                        
ffffffff  __TI_prof_data_size                        
ffffffff  __TI_prof_data_start                       
ffffffff  __c_args__                                 

[390 symbols]
